Archive member included to satisfy reference by file (symbol)

e:/stm32cubeide_1.3.0/stm32cubeide/plugins/com.st.stm32cube.ide.mcu.externaltools.gnu-tools-for-stm32.9-2020-q2-update.win32_2.0.0.202105311346/tools/bin/../lib/gcc/arm-none-eabi/9.3.1/../../../../arm-none-eabi/lib/thumb/v7e-m+fp/hard\libc_nano.a(lib_a-errno.o)
                              ./Core/Src/syscalls.o (__errno)
e:/stm32cubeide_1.3.0/stm32cubeide/plugins/com.st.stm32cube.ide.mcu.externaltools.gnu-tools-for-stm32.9-2020-q2-update.win32_2.0.0.202105311346/tools/bin/../lib/gcc/arm-none-eabi/9.3.1/../../../../arm-none-eabi/lib/thumb/v7e-m+fp/hard\libc_nano.a(lib_a-exit.o)
                              e:/stm32cubeide_1.3.0/stm32cubeide/plugins/com.st.stm32cube.ide.mcu.externaltools.gnu-tools-for-stm32.9-2020-q2-update.win32_2.0.0.202105311346/tools/bin/../lib/gcc/arm-none-eabi/9.3.1/../../../../arm-none-eabi/lib/thumb/v7e-m+fp/hard/crt0.o (exit)
e:/stm32cubeide_1.3.0/stm32cubeide/plugins/com.st.stm32cube.ide.mcu.externaltools.gnu-tools-for-stm32.9-2020-q2-update.win32_2.0.0.202105311346/tools/bin/../lib/gcc/arm-none-eabi/9.3.1/../../../../arm-none-eabi/lib/thumb/v7e-m+fp/hard\libc_nano.a(lib_a-impure.o)
                              e:/stm32cubeide_1.3.0/stm32cubeide/plugins/com.st.stm32cube.ide.mcu.externaltools.gnu-tools-for-stm32.9-2020-q2-update.win32_2.0.0.202105311346/tools/bin/../lib/gcc/arm-none-eabi/9.3.1/../../../../arm-none-eabi/lib/thumb/v7e-m+fp/hard\libc_nano.a(lib_a-exit.o) (_global_impure_ptr)
e:/stm32cubeide_1.3.0/stm32cubeide/plugins/com.st.stm32cube.ide.mcu.externaltools.gnu-tools-for-stm32.9-2020-q2-update.win32_2.0.0.202105311346/tools/bin/../lib/gcc/arm-none-eabi/9.3.1/../../../../arm-none-eabi/lib/thumb/v7e-m+fp/hard\libc_nano.a(lib_a-init.o)
                              e:/stm32cubeide_1.3.0/stm32cubeide/plugins/com.st.stm32cube.ide.mcu.externaltools.gnu-tools-for-stm32.9-2020-q2-update.win32_2.0.0.202105311346/tools/bin/../lib/gcc/arm-none-eabi/9.3.1/../../../../arm-none-eabi/lib/thumb/v7e-m+fp/hard/crt0.o (__libc_init_array)
e:/stm32cubeide_1.3.0/stm32cubeide/plugins/com.st.stm32cube.ide.mcu.externaltools.gnu-tools-for-stm32.9-2020-q2-update.win32_2.0.0.202105311346/tools/bin/../lib/gcc/arm-none-eabi/9.3.1/../../../../arm-none-eabi/lib/thumb/v7e-m+fp/hard\libc_nano.a(lib_a-malloc.o)
                              ./Middlewares/ST/STM32_USB_Host_Library/Class/CDC/Src/usbh_cdc.o (malloc)
e:/stm32cubeide_1.3.0/stm32cubeide/plugins/com.st.stm32cube.ide.mcu.externaltools.gnu-tools-for-stm32.9-2020-q2-update.win32_2.0.0.202105311346/tools/bin/../lib/gcc/arm-none-eabi/9.3.1/../../../../arm-none-eabi/lib/thumb/v7e-m+fp/hard\libc_nano.a(lib_a-memcpy-stub.o)
                              ./3rdParty/FreeRTOS/queue.o (memcpy)
e:/stm32cubeide_1.3.0/stm32cubeide/plugins/com.st.stm32cube.ide.mcu.externaltools.gnu-tools-for-stm32.9-2020-q2-update.win32_2.0.0.202105311346/tools/bin/../lib/gcc/arm-none-eabi/9.3.1/../../../../arm-none-eabi/lib/thumb/v7e-m+fp/hard\libc_nano.a(lib_a-memset.o)
                              e:/stm32cubeide_1.3.0/stm32cubeide/plugins/com.st.stm32cube.ide.mcu.externaltools.gnu-tools-for-stm32.9-2020-q2-update.win32_2.0.0.202105311346/tools/bin/../lib/gcc/arm-none-eabi/9.3.1/../../../../arm-none-eabi/lib/thumb/v7e-m+fp/hard/crt0.o (memset)
e:/stm32cubeide_1.3.0/stm32cubeide/plugins/com.st.stm32cube.ide.mcu.externaltools.gnu-tools-for-stm32.9-2020-q2-update.win32_2.0.0.202105311346/tools/bin/../lib/gcc/arm-none-eabi/9.3.1/../../../../arm-none-eabi/lib/thumb/v7e-m+fp/hard\libc_nano.a(lib_a-nano-freer.o)
                              e:/stm32cubeide_1.3.0/stm32cubeide/plugins/com.st.stm32cube.ide.mcu.externaltools.gnu-tools-for-stm32.9-2020-q2-update.win32_2.0.0.202105311346/tools/bin/../lib/gcc/arm-none-eabi/9.3.1/../../../../arm-none-eabi/lib/thumb/v7e-m+fp/hard\libc_nano.a(lib_a-malloc.o) (_free_r)
e:/stm32cubeide_1.3.0/stm32cubeide/plugins/com.st.stm32cube.ide.mcu.externaltools.gnu-tools-for-stm32.9-2020-q2-update.win32_2.0.0.202105311346/tools/bin/../lib/gcc/arm-none-eabi/9.3.1/../../../../arm-none-eabi/lib/thumb/v7e-m+fp/hard\libc_nano.a(lib_a-nano-mallocr.o)
                              e:/stm32cubeide_1.3.0/stm32cubeide/plugins/com.st.stm32cube.ide.mcu.externaltools.gnu-tools-for-stm32.9-2020-q2-update.win32_2.0.0.202105311346/tools/bin/../lib/gcc/arm-none-eabi/9.3.1/../../../../arm-none-eabi/lib/thumb/v7e-m+fp/hard\libc_nano.a(lib_a-malloc.o) (_malloc_r)
e:/stm32cubeide_1.3.0/stm32cubeide/plugins/com.st.stm32cube.ide.mcu.externaltools.gnu-tools-for-stm32.9-2020-q2-update.win32_2.0.0.202105311346/tools/bin/../lib/gcc/arm-none-eabi/9.3.1/../../../../arm-none-eabi/lib/thumb/v7e-m+fp/hard\libc_nano.a(lib_a-sbrkr.o)
[...]
Memory Configuration

Name             Origin             Length             Attributes
CCMRAM           0x0000000010000000 0x0000000000010000 xrw
RAM              0x0000000020000000 0x0000000000020000 xrw
FLASH            0x0000000008000000 0x0000000000100000 xr
*default*        0x0000000000000000 0xffffffffffffffff

Linker script and memory map

LOAD e:/stm32cubeide_1.3.0/stm32cubeide/plugins/com.st.stm32cube.ide.mcu.externaltools.gnu-tools-for-stm32.9-2020-q2-update.win32_2.0.0.202105311346/tools/bin/../lib/gcc/arm-none-eabi/9.3.1/thumb/v7e-m+fp/hard/crti.o
LOAD e:/stm32cubeide_1.3.0/stm32cubeide/plugins/com.st.stm32cube.ide.mcu.externaltools.gnu-tools-for-stm32.9-2020-q2-update.win32_2.0.0.202105311346/tools/bin/../lib/gcc/arm-none-eabi/9.3.1/thumb/v7e-m+fp/hard/crtbegin.o
LOAD e:/stm32cubeide_1.3.0/stm32cubeide/plugins/com.st.stm32cube.ide.mcu.externaltools.gnu-tools-for-stm32.9-2020-q2-update.win32_2.0.0.202105311346/tools/bin/../lib/gcc/arm-none-eabi/9.3.1/../../../../arm-none-eabi/lib/thumb/v7e-m+fp/hard/crt0.o
LOAD ./3rdParty/FreeRTOS/croutine.o
LOAD ./3rdParty/FreeRTOS/event_groups.o
LOAD ./3rdParty/FreeRTOS/list.o
LOAD ./3rdParty/FreeRTOS/queue.o
LOAD ./3rdParty/FreeRTOS/stream_buffer.o
LOAD ./3rdParty/FreeRTOS/tasks.o
LOAD ./3rdParty/FreeRTOS/timers.o
LOAD ./3rdParty/FreeRTOS/portable/GCC/ARM_CM4F/port.o
LOAD ./3rdParty/FreeRTOS/portable/MemMang/heap_4.o
LOAD ./Core/Src/main.o
LOAD ./Core/Src/stm32f4xx_hal_msp.o
LOAD ./Core/Src/stm32f4xx_hal_timebase_tim.o
LOAD ./Core/Src/stm32f4xx_it.o
LOAD ./Core/Src/syscalls.o
LOAD ./Core/Src/system_stm32f4xx.o
LOAD ./Core/Startup/startup_stm32f407vgtx.o
LOAD ./Drivers/STM32F4xx_HAL_Driver/Src/stm32f4xx_hal.o
LOAD ./Drivers/STM32F4xx_HAL_Driver/Src/stm32f4xx_hal_cortex.o
LOAD ./Drivers/STM32F4xx_HAL_Driver/Src/stm32f4xx_hal_dma.o
LOAD ./Drivers/STM32F4xx_HAL_Driver/Src/stm32f4xx_hal_dma_ex.o
LOAD ./Drivers/STM32F4xx_HAL_Driver/Src/stm32f4xx_hal_exti.o
LOAD ./Drivers/STM32F4xx_HAL_Driver/Src/stm32f4xx_hal_flash.o
LOAD ./Drivers/STM32F4xx_HAL_Driver/Src/stm32f4xx_hal_flash_ex.o
LOAD ./Drivers/STM32F4xx_HAL_Driver/Src/stm32f4xx_hal_flash_ramfunc.o
LOAD ./Drivers/STM32F4xx_HAL_Driver/Src/stm32f4xx_hal_gpio.o
LOAD ./Drivers/STM32F4xx_HAL_Driver/Src/stm32f4xx_hal_hcd.o
LOAD ./Drivers/STM32F4xx_HAL_Driver/Src/stm32f4xx_hal_i2c.o
LOAD ./Drivers/STM32F4xx_HAL_Driver/Src/stm32f4xx_hal_i2c_ex.o
LOAD ./Drivers/STM32F4xx_HAL_Driver/Src/stm32f4xx_hal_i2s.o
LOAD ./Drivers/STM32F4xx_HAL_Driver/Src/stm32f4xx_hal_i2s_ex.o
LOAD ./Drivers/STM32F4xx_HAL_Driver/Src/stm32f4xx_hal_pwr.o
LOAD ./Drivers/STM32F4xx_HAL_Driver/Src/stm32f4xx_hal_pwr_ex.o
LOAD ./Drivers/STM32F4xx_HAL_Driver/Src/stm32f4xx_hal_rcc.o
LOAD ./Drivers/STM32F4xx_HAL_Driver/Src/stm32f4xx_hal_rcc_ex.o
LOAD ./Drivers/STM32F4xx_HAL_Driver/Src/stm32f4xx_hal_spi.o
LOAD ./Drivers/STM32F4xx_HAL_Driver/Src/stm32f4xx_hal_tim.o
LOAD ./Drivers/STM32F4xx_HAL_Driver/Src/stm32f4xx_hal_tim_ex.o
LOAD ./Drivers/STM32F4xx_HAL_Driver/Src/stm32f4xx_ll_usb.o
LOAD ./Middlewares/ST/STM32_USB_Host_Library/Class/CDC/Src/usbh_cdc.o
LOAD ./Middlewares/ST/STM32_USB_Host_Library/Core/Src/usbh_core.o
LOAD ./Middlewares/ST/STM32_USB_Host_Library/Core/Src/usbh_ctlreq.o
LOAD ./Middlewares/ST/STM32_USB_Host_Library/Core/Src/usbh_ioreq.o
LOAD ./Middlewares/ST/STM32_USB_Host_Library/Core/Src/usbh_pipes.o
LOAD ./USB_HOST/App/usb_host.o
LOAD ./USB_HOST/Target/usbh_conf.o
LOAD ./USB_HOST/Target/usbh_platform.o
START GROUP
LOAD e:/stm32cubeide_1.3.0/stm32cubeide/plugins/com.st.stm32cube.ide.mcu.externaltools.gnu-tools-for-stm32.9-2020-q2-update.win32_2.0.0.202105311346/tools/bin/../lib/gcc/arm-none-eabi/9.3.1/../../../../arm-none-eabi/lib/thumb/v7e-m+fp/hard\libc_nano.a
LOAD e:/stm32cubeide_1.3.0/stm32cubeide/plugins/com.st.stm32cube.ide.mcu.externaltools.gnu-tools-for-stm32.9-2020-q2-update.win32_2.0.0.202105311346/tools/bin/../lib/gcc/arm-none-eabi/9.3.1/../../../../arm-none-eabi/lib/thumb/v7e-m+fp/hard\libm.a
END GROUP
START GROUP
LOAD e:/stm32cubeide_1.3.0/stm32cubeide/plugins/com.st.stm32cube.ide.mcu.externaltools.gnu-tools-for-stm32.9-2020-q2-update.win32_2.0.0.202105311346/tools/bin/../lib/gcc/arm-none-eabi/9.3.1/thumb/v7e-m+fp/hard\libgcc.a
LOAD e:/stm32cubeide_1.3.0/stm32cubeide/plugins/com.st.stm32cube.ide.mcu.externaltools.gnu-tools-for-stm32.9-2020-q2-update.win32_2.0.0.202105311346/tools/bin/../lib/gcc/arm-none-eabi/9.3.1/../../../../arm-none-eabi/lib/thumb/v7e-m+fp/hard\libc_nano.a
END GROUP
START GROUP
LOAD e:/stm32cubeide_1.3.0/stm32cubeide/plugins/com.st.stm32cube.ide.mcu.externaltools.gnu-tools-for-stm32.9-2020-q2-update.win32_2.0.0.202105311346/tools/bin/../lib/gcc/arm-none-eabi/9.3.1/thumb/v7e-m+fp/hard\libgcc.a
LOAD e:/stm32cubeide_1.3.0/stm32cubeide/plugins/com.st.stm32cube.ide.mcu.externaltools.gnu-tools-for-stm32.9-2020-q2-update.win32_2.0.0.202105311346/tools/bin/../lib/gcc/arm-none-eabi/9.3.1/../../../../arm-none-eabi/lib/thumb/v7e-m+fp/hard\libc_nano.a
LOAD e:/stm32cubeide_1.3.0/stm32cubeide/plugins/com.st.stm32cube.ide.mcu.externaltools.gnu-tools-for-stm32.9-2020-q2-update.win32_2.0.0.202105311346/tools/bin/../lib/gcc/arm-none-eabi/9.3.1/../../../../arm-none-eabi/lib/thumb/v7e-m+fp/hard\libnosys.a
END GROUP
START GROUP
LOAD e:/stm32cubeide_1.3.0/stm32cubeide/plugins/com.st.stm32cube.ide.mcu.externaltools.gnu-tools-for-stm32.9-2020-q2-update.win32_2.0.0.202105311346/tools/bin/../lib/gcc/arm-none-eabi/9.3.1/thumb/v7e-m+fp/hard\libgcc.a
LOAD e:/stm32cubeide_1.3.0/stm32cubeide/plugins/com.st.stm32cube.ide.mcu.externaltools.gnu-tools-for-stm32.9-2020-q2-update.win32_2.0.0.202105311346/tools/bin/../lib/gcc/arm-none-eabi/9.3.1/../../../../arm-none-eabi/lib/thumb/v7e-m+fp/hard\libc_nano.a
LOAD e:/stm32cubeide_1.3.0/stm32cubeide/plugins/com.st.stm32cube.ide.mcu.externaltools.gnu-tools-for-stm32.9-2020-q2-update.win32_2.0.0.202105311346/tools/bin/../lib/gcc/arm-none-eabi/9.3.1/../../../../arm-none-eabi/lib/thumb/v7e-m+fp/hard\libnosys.a
END GROUP
LOAD e:/stm32cubeide_1.3.0/stm32cubeide/plugins/com.st.stm32cube.ide.mcu.externaltools.gnu-tools-for-stm32.9-2020-q2-update.win32_2.0.0.202105311346/tools/bin/../lib/gcc/arm-none-eabi/9.3.1/thumb/v7e-m+fp/hard/crtend.o
LOAD e:/stm32cubeide_1.3.0/stm32cubeide/plugins/com.st.stm32cube.ide.mcu.externaltools.gnu-tools-for-stm32.9-2020-q2-update.win32_2.0.0.202105311346/tools/bin/../lib/gcc/arm-none-eabi/9.3.1/thumb/v7e-m+fp/hard/crtn.o
                0x0000000020020000                _estack = (ORIGIN (RAM) + LENGTH (RAM))
                0x0000000000000200                _Min_Heap_Size = 0x200
                0x0000000000000400                _Min_Stack_Size = 0x400

.isr_vector     0x0000000008000000      0x188
                0x0000000008000000                . = ALIGN (0x4)
 *(.isr_vector)
 .isr_vector    0x0000000008000000      0x188 ./Core/Startup/startup_stm32f407vgtx.o
                0x0000000008000000                g_pfnVectors
                0x0000000008000188                . = ALIGN (0x4)

.text           0x0000000008000190     0x83d4
                0x0000000008000190                . = ALIGN (0x4)
 *(.text)
 .text          0x0000000008000190       0x40 e:/stm32cubeide_1.3.0/stm32cubeide/plugins/com.st.stm32cube.ide.mcu.externaltools.gnu-tools-for-stm32.9-2020-q2-update.win32_2.0.0.202105311346/tools/bin/../lib/gcc/arm-none-eabi/9.3.1/thumb/v7e-m+fp/hard/crtbegin.o
 .text          0x00000000080001d0       0x30 e:/stm32cubeide_1.3.0/stm32cubeide/plugins/com.st.stm32cube.ide.mcu.externaltools.gnu-tools-for-stm32.9-2020-q2-update.win32_2.0.0.202105311346/tools/bin/../lib/gcc/arm-none-eabi/9.3.1/thumb/v7e-m+fp/hard\libgcc.a(_aeabi_uldivmod.o)
                0x00000000080001d0                __aeabi_uldivmod
 .text          0x0000000008000200      0x2c4 e:/stm32cubeide_1.3.0/stm32cubeide/plugins/com.st.stm32cube.ide.mcu.externaltools.gnu-tools-for-stm32.9-2020-q2-update.win32_2.0.0.202105311346/tools/bin/../lib/gcc/arm-none-eabi/9.3.1/thumb/v7e-m+fp/hard\libgcc.a(_udivmoddi4.o)
                0x0000000008000200                __udivmoddi4
 .text          0x00000000080004c4        0x4 e:/stm32cubeide_1.3.0/stm32cubeide/plugins/com.st.stm32cube.ide.mcu.externaltools.gnu-tools-for-stm32.9-2020-q2-update.win32_2.0.0.202105311346/tools/bin/../lib/gcc/arm-none-eabi/9.3.1/thumb/v7e-m+fp/hard\libgcc.a(_dvmd_tls.o)
                0x00000000080004c4                __aeabi_idiv0
                0x00000000080004c4                __aeabi_ldiv0
 *(.text*)
 .text.xTaskIncrementTick
                0x00000000080004c8      0x22c ./3rdParty/FreeRTOS/tasks.o
                0x00000000080004c8                xTaskIncrementTick
 .text.vTaskSwitchContext
                0x00000000080006f4       0xb8 ./3rdParty/FreeRTOS/tasks.o
                0x00000000080006f4                vTaskSwitchContext
 .text.prvResetNextTaskUnblockTime
                0x00000000080007ac       0x38 ./3rdParty/FreeRTOS/tasks.o
 *fill*         0x00000000080007e4        0xc 
 .text.SVC_Handler
                0x00000000080007f0       0x28 ./3rdParty/FreeRTOS/portable/GCC/ARM_CM4F/port.o
                0x00000000080007f0                SVC_Handler
 *fill*         0x0000000008000818        0x8 
 .text.PendSV_Handler
                0x0000000008000820       0x68 ./3rdParty/FreeRTOS/portable/GCC/ARM_CM4F/port.o
                0x0000000008000820                PendSV_Handler
 .text.SysTick_Handler
                0x0000000008000888       0x44 ./3rdParty/FreeRTOS/portable/GCC/ARM_CM4F/port.o
                0x0000000008000888                SysTick_Handler
 .text.main     0x00000000080008cc       0x26 ./Core/Src/main.o
                0x00000000080008cc                main
 *fill*         0x00000000080008f2        0x2 
 .text.SystemClock_Config
                0x00000000080008f4       0xd4 ./Core/Src/main.o
                0x00000000080008f4                SystemClock_Config
 .text.MX_I2C1_Init
                0x00000000080009c8       0x5c ./Core/Src/main.o
 .text.MX_I2S3_Init
                0x0000000008000a24       0x60 ./Core/Src/main.o
 .text.MX_SPI1_Init
                0x0000000008000a84       0x6c ./Core/Src/main.o
 .text.MX_GPIO_Init
                0x0000000008000af0      0x1fc ./Core/Src/main.o
 .text.HAL_TIM_PeriodElapsedCallback
                0x0000000008000cec       0x24 ./Core/Src/main.o
                0x0000000008000cec                HAL_TIM_PeriodElapsedCallback
 .text.Error_Handler
                0x0000000008000d10        0xa ./Core/Src/main.o
                0x0000000008000d10                Error_Handler
 *fill*         0x0000000008000d1a        0x2 
 .text.HAL_MspInit
                0x0000000008000d1c       0x50 ./Core/Src/stm32f4xx_hal_msp.o
                0x0000000008000d1c                HAL_MspInit
 .text.HAL_I2C_MspInit
                0x0000000008000d6c       0x90 ./Core/Src/stm32f4xx_hal_msp.o
                0x0000000008000d6c                HAL_I2C_MspInit
 .text.HAL_I2S_MspInit
                0x0000000008000dfc      0x100 ./Core/Src/stm32f4xx_hal_msp.o
                0x0000000008000dfc                HAL_I2S_MspInit
 .text.HAL_SPI_MspInit
                0x0000000008000efc       0x90 ./Core/Src/stm32f4xx_hal_msp.o
                0x0000000008000efc                HAL_SPI_MspInit
 .text.HAL_InitTick
                0x0000000008000f8c       0xb4 ./Core/Src/stm32f4xx_hal_timebase_tim.o
                0x0000000008000f8c                HAL_InitTick
 .text.NMI_Handler
                0x0000000008001040        0x6 ./Core/Src/stm32f4xx_it.o
                0x0000000008001040                NMI_Handler
 .text.HardFault_Handler
                0x0000000008001046        0x6 ./Core/Src/stm32f4xx_it.o
                0x0000000008001046                HardFault_Handler
 .text.MemManage_Handler
                0x000000000800104c        0x6 ./Core/Src/stm32f4xx_it.o
                0x000000000800104c                MemManage_Handler
 .text.BusFault_Handler
                0x0000000008001052        0x6 ./Core/Src/stm32f4xx_it.o
                0x0000000008001052                BusFault_Handler
 .text.UsageFault_Handler
                0x0000000008001058        0x6 ./Core/Src/stm32f4xx_it.o
                0x0000000008001058                UsageFault_Handler
 .text.DebugMon_Handler
                0x000000000800105e        0xe ./Core/Src/stm32f4xx_it.o
                0x000000000800105e                DebugMon_Handler
 .text.TIM6_DAC_IRQHandler
                0x000000000800106c       0x14 ./Core/Src/stm32f4xx_it.o
                0x000000000800106c                TIM6_DAC_IRQHandler
 .text.OTG_FS_IRQHandler
                0x0000000008001080       0x14 ./Core/Src/stm32f4xx_it.o
                0x0000000008001080                OTG_FS_IRQHandler
 .text.SystemInit
                0x0000000008001094       0x24 ./Core/Src/system_stm32f4xx.o
                0x0000000008001094                SystemInit
 .text.Reset_Handler
                0x00000000080010b8       0x50 ./Core/Startup/startup_stm32f407vgtx.o
                0x00000000080010b8                Reset_Handler
 .text.Default_Handler
                0x0000000008001108        0x2 ./Core/Startup/startup_stm32f407vgtx.o
                0x0000000008001108                RTC_Alarm_IRQHandler
                0x0000000008001108                HASH_RNG_IRQHandler
                0x0000000008001108                EXTI2_IRQHandler
                0x0000000008001108                TIM8_CC_IRQHandler
                0x0000000008001108                TIM1_CC_IRQHandler
                0x0000000008001108                DMA2_Stream5_IRQHandler
                0x0000000008001108                DMA1_Stream5_IRQHandler
                0x0000000008001108                PVD_IRQHandler
                0x0000000008001108                SDIO_IRQHandler
                0x0000000008001108                TAMP_STAMP_IRQHandler
                0x0000000008001108                CAN2_RX1_IRQHandler
                0x0000000008001108                EXTI3_IRQHandler
                0x0000000008001108                TIM8_TRG_COM_TIM14_IRQHandler
                0x0000000008001108                TIM1_UP_TIM10_IRQHandler
                0x0000000008001108                TIM8_UP_TIM13_IRQHandler
                0x0000000008001108                I2C3_ER_IRQHandler
                0x0000000008001108                EXTI0_IRQHandler
                0x0000000008001108                I2C2_EV_IRQHandler
                0x0000000008001108                DMA1_Stream2_IRQHandler
                0x0000000008001108                CAN1_RX0_IRQHandler
                0x0000000008001108                FPU_IRQHandler
                0x0000000008001108                OTG_HS_WKUP_IRQHandler
                0x0000000008001108                CAN2_SCE_IRQHandler
                0x0000000008001108                DMA2_Stream2_IRQHandler
                0x0000000008001108                SPI1_IRQHandler
                0x0000000008001108                TIM1_BRK_TIM9_IRQHandler
                0x0000000008001108                DCMI_IRQHandler
                0x0000000008001108                CAN2_RX0_IRQHandler
                0x0000000008001108                DMA2_Stream3_IRQHandler
                0x0000000008001108                USART6_IRQHandler
                0x0000000008001108                USART3_IRQHandler
                0x0000000008001108                CAN1_RX1_IRQHandler
                0x0000000008001108                UART5_IRQHandler
                0x0000000008001108                DMA2_Stream0_IRQHandler
                0x0000000008001108                TIM4_IRQHandler
                0x0000000008001108                I2C1_EV_IRQHandler
                0x0000000008001108                DMA1_Stream6_IRQHandler
                0x0000000008001108                DMA1_Stream1_IRQHandler
                0x0000000008001108                UART4_IRQHandler
                0x0000000008001108                TIM3_IRQHandler
                0x0000000008001108                RCC_IRQHandler
                0x0000000008001108                TIM8_BRK_TIM12_IRQHandler
                0x0000000008001108                Default_Handler
                0x0000000008001108                EXTI15_10_IRQHandler
                0x0000000008001108                ADC_IRQHandler
                0x0000000008001108                DMA1_Stream7_IRQHandler
                0x0000000008001108                TIM7_IRQHandler
                0x0000000008001108                CAN2_TX_IRQHandler
                0x0000000008001108                TIM5_IRQHandler
                0x0000000008001108                DMA2_Stream7_IRQHandler
                0x0000000008001108                I2C3_EV_IRQHandler
                0x0000000008001108                EXTI9_5_IRQHandler
                0x0000000008001108                RTC_WKUP_IRQHandler
                0x0000000008001108                ETH_WKUP_IRQHandler
                0x0000000008001108                SPI2_IRQHandler
                0x0000000008001108                OTG_HS_EP1_IN_IRQHandler
                0x0000000008001108                DMA1_Stream0_IRQHandler
                0x0000000008001108                CAN1_TX_IRQHandler
                0x0000000008001108                EXTI4_IRQHandler
                0x0000000008001108                FSMC_IRQHandler
                0x0000000008001108                ETH_IRQHandler
                0x0000000008001108                OTG_HS_EP1_OUT_IRQHandler
                0x0000000008001108                WWDG_IRQHandler
                0x0000000008001108                TIM2_IRQHandler
                0x0000000008001108                OTG_FS_WKUP_IRQHandler
                0x0000000008001108                TIM1_TRG_COM_TIM11_IRQHandler
                0x0000000008001108                OTG_HS_IRQHandler
                0x0000000008001108                EXTI1_IRQHandler
                0x0000000008001108                USART2_IRQHandler
                0x0000000008001108                I2C2_ER_IRQHandler
                0x0000000008001108                DMA2_Stream1_IRQHandler
                0x0000000008001108                CAN1_SCE_IRQHandler
                0x0000000008001108                FLASH_IRQHandler
                0x0000000008001108                DMA2_Stream4_IRQHandler
                0x0000000008001108                USART1_IRQHandler
                0x0000000008001108                SPI3_IRQHandler
                0x0000000008001108                DMA1_Stream4_IRQHandler
                0x0000000008001108                I2C1_ER_IRQHandler
                0x0000000008001108                DMA2_Stream6_IRQHandler
                0x0000000008001108                DMA1_Stream3_IRQHandler
 *fill*         0x000000000800110a        0x2 
 .text.HAL_Init
                0x000000000800110c       0x44 ./Drivers/STM32F4xx_HAL_Driver/Src/stm32f4xx_hal.o
                0x000000000800110c                HAL_Init
 .text.HAL_IncTick
                0x0000000008001150       0x28 ./Drivers/STM32F4xx_HAL_Driver/Src/stm32f4xx_hal.o
                0x0000000008001150                HAL_IncTick
 .text.HAL_GetTick
                0x0000000008001178       0x18 ./Drivers/STM32F4xx_HAL_Driver/Src/stm32f4xx_hal.o
                0x0000000008001178                HAL_GetTick
 .text.HAL_Delay
                0x0000000008001190       0x48 ./Drivers/STM32F4xx_HAL_Driver/Src/stm32f4xx_hal.o
                0x0000000008001190                HAL_Delay
 .text.__NVIC_SetPriorityGrouping
                0x00000000080011d8       0x48 ./Drivers/STM32F4xx_HAL_Driver/Src/stm32f4xx_hal_cortex.o
 .text.__NVIC_GetPriorityGrouping
                0x0000000008001220       0x1c ./Drivers/STM32F4xx_HAL_Driver/Src/stm32f4xx_hal_cortex.o
 .text.__NVIC_EnableIRQ
                0x000000000800123c       0x3c ./Drivers/STM32F4xx_HAL_Driver/Src/stm32f4xx_hal_cortex.o
 .text.__NVIC_SetPriority
                0x0000000008001278       0x54 ./Drivers/STM32F4xx_HAL_Driver/Src/stm32f4xx_hal_cortex.o
 .text.NVIC_EncodePriority
                0x00000000080012cc       0x66 ./Drivers/STM32F4xx_HAL_Driver/Src/stm32f4xx_hal_cortex.o
 .text.HAL_NVIC_SetPriorityGrouping
                0x0000000008001332       0x16 ./Drivers/STM32F4xx_HAL_Driver/Src/stm32f4xx_hal_cortex.o
                0x0000000008001332                HAL_NVIC_SetPriorityGrouping
 .text.HAL_NVIC_SetPriority
                0x0000000008001348       0x38 ./Drivers/STM32F4xx_HAL_Driver/Src/stm32f4xx_hal_cortex.o
                0x0000000008001348                HAL_NVIC_SetPriority
 .text.HAL_NVIC_EnableIRQ
                0x0000000008001380       0x1c ./Drivers/STM32F4xx_HAL_Driver/Src/stm32f4xx_hal_cortex.o
                0x0000000008001380                HAL_NVIC_EnableIRQ
 .text.HAL_GPIO_Init
                0x000000000800139c      0x338 ./Drivers/STM32F4xx_HAL_Driver/Src/stm32f4xx_hal_gpio.o
                0x000000000800139c                HAL_GPIO_Init
 .text.HAL_GPIO_WritePin
                0x00000000080016d4       0x32 ./Drivers/STM32F4xx_HAL_Driver/Src/stm32f4xx_hal_gpio.o
                0x00000000080016d4                HAL_GPIO_WritePin
 .text.HAL_HCD_Init
                0x0000000008001706       0xc4 ./Drivers/STM32F4xx_HAL_Driver/Src/stm32f4xx_hal_hcd.o
                0x0000000008001706                HAL_HCD_Init
 .text.HAL_HCD_HC_Init
                0x00000000080017ca      0x11e ./Drivers/STM32F4xx_HAL_Driver/Src/stm32f4xx_hal_hcd.o
                0x00000000080017ca                HAL_HCD_HC_Init
 .text.HAL_HCD_HC_Halt
                0x00000000080018e8       0x46 ./Drivers/STM32F4xx_HAL_Driver/Src/stm32f4xx_hal_hcd.o
                0x00000000080018e8                HAL_HCD_HC_Halt
 *fill*         0x000000000800192e        0x2 
 .text.HAL_HCD_HC_SubmitRequest
                0x0000000008001930      0x2ac ./Drivers/STM32F4xx_HAL_Driver/Src/stm32f4xx_hal_hcd.o
                0x0000000008001930                HAL_HCD_HC_SubmitRequest
 .text.HAL_HCD_IRQHandler
                0x0000000008001bdc      0x216 ./Drivers/STM32F4xx_HAL_Driver/Src/stm32f4xx_hal_hcd.o
                0x0000000008001bdc                HAL_HCD_IRQHandler
 .text.HAL_HCD_Start
                0x0000000008001df2       0x46 ./Drivers/STM32F4xx_HAL_Driver/Src/stm32f4xx_hal_hcd.o
                0x0000000008001df2                HAL_HCD_Start
 .text.HAL_HCD_Stop
                0x0000000008001e38       0x3a ./Drivers/STM32F4xx_HAL_Driver/Src/stm32f4xx_hal_hcd.o
                0x0000000008001e38                HAL_HCD_Stop
 .text.HAL_HCD_ResetPort
                0x0000000008001e72       0x1c ./Drivers/STM32F4xx_HAL_Driver/Src/stm32f4xx_hal_hcd.o
                0x0000000008001e72                HAL_HCD_ResetPort
 .text.HAL_HCD_HC_GetURBState
                0x0000000008001e8e       0x28 ./Drivers/STM32F4xx_HAL_Driver/Src/stm32f4xx_hal_hcd.o
                0x0000000008001e8e                HAL_HCD_HC_GetURBState
 .text.HAL_HCD_HC_GetXferCount
                0x0000000008001eb6       0x28 ./Drivers/STM32F4xx_HAL_Driver/Src/stm32f4xx_hal_hcd.o
                0x0000000008001eb6                HAL_HCD_HC_GetXferCount
 .text.HAL_HCD_GetCurrentFrame
                0x0000000008001ede       0x1c ./Drivers/STM32F4xx_HAL_Driver/Src/stm32f4xx_hal_hcd.o
                0x0000000008001ede                HAL_HCD_GetCurrentFrame
 .text.HAL_HCD_GetCurrentSpeed
                0x0000000008001efa       0x1c ./Drivers/STM32F4xx_HAL_Driver/Src/stm32f4xx_hal_hcd.o
                0x0000000008001efa                HAL_HCD_GetCurrentSpeed
 .text.HCD_HC_IN_IRQHandler
                0x0000000008001f16      0x844 ./Drivers/STM32F4xx_HAL_Driver/Src/stm32f4xx_hal_hcd.o
 .text.HCD_HC_OUT_IRQHandler
                0x000000000800275a      0x802 ./Drivers/STM32F4xx_HAL_Driver/Src/stm32f4xx_hal_hcd.o
 .text.HCD_RXQLVL_IRQHandler
                0x0000000008002f5c      0x1a4 ./Drivers/STM32F4xx_HAL_Driver/Src/stm32f4xx_hal_hcd.o
 .text.HCD_Port_IRQHandler
                0x0000000008003100       0xe6 ./Drivers/STM32F4xx_HAL_Driver/Src/stm32f4xx_hal_hcd.o
 *fill*         0x00000000080031e6        0x2 
 .text.HAL_I2C_Init
                0x00000000080031e8      0x288 ./Drivers/STM32F4xx_HAL_Driver/Src/stm32f4xx_hal_i2c.o
                0x00000000080031e8                HAL_I2C_Init
 .text.HAL_I2S_Init
                0x0000000008003470      0x280 ./Drivers/STM32F4xx_HAL_Driver/Src/stm32f4xx_hal_i2s.o
                0x0000000008003470                HAL_I2S_Init
 .text.HAL_I2S_TxCpltCallback
                0x00000000080036f0       0x14 ./Drivers/STM32F4xx_HAL_Driver/Src/stm32f4xx_hal_i2s.o
                0x00000000080036f0                HAL_I2S_TxCpltCallback
 .text.HAL_I2S_RxCpltCallback
                0x0000000008003704       0x14 ./Drivers/STM32F4xx_HAL_Driver/Src/stm32f4xx_hal_i2s.o
                0x0000000008003704                HAL_I2S_RxCpltCallback
 .text.HAL_I2S_ErrorCallback
                0x0000000008003718       0x14 ./Drivers/STM32F4xx_HAL_Driver/Src/stm32f4xx_hal_i2s.o
                0x0000000008003718                HAL_I2S_ErrorCallback
 .text.I2S_Transmit_IT
                0x000000000800372c       0x5c ./Drivers/STM32F4xx_HAL_Driver/Src/stm32f4xx_hal_i2s.o
 .text.I2S_Receive_IT
                0x0000000008003788       0x5e ./Drivers/STM32F4xx_HAL_Driver/Src/stm32f4xx_hal_i2s.o
 .text.I2S_IRQHandler
                0x00000000080037e6      0x114 ./Drivers/STM32F4xx_HAL_Driver/Src/stm32f4xx_hal_i2s.o
 *fill*         0x00000000080038fa        0x2 
 .text.HAL_I2SEx_FullDuplex_IRQHandler
                0x00000000080038fc      0x2a8 ./Drivers/STM32F4xx_HAL_Driver/Src/stm32f4xx_hal_i2s_ex.o
                0x00000000080038fc                HAL_I2SEx_FullDuplex_IRQHandler
 .text.HAL_I2SEx_TxRxCpltCallback
                0x0000000008003ba4       0x14 ./Drivers/STM32F4xx_HAL_Driver/Src/stm32f4xx_hal_i2s_ex.o
                0x0000000008003ba4                HAL_I2SEx_TxRxCpltCallback
 .text.I2SEx_TxISR_I2S
                0x0000000008003bb8       0x62 ./Drivers/STM32F4xx_HAL_Driver/Src/stm32f4xx_hal_i2s_ex.o
 *fill*         0x0000000008003c1a        0x2 
 .text.I2SEx_TxISR_I2SExt
                0x0000000008003c1c       0x98 ./Drivers/STM32F4xx_HAL_Driver/Src/stm32f4xx_hal_i2s_ex.o
 .text.I2SEx_RxISR_I2S
                0x0000000008003cb4       0x64 ./Drivers/STM32F4xx_HAL_Driver/Src/stm32f4xx_hal_i2s_ex.o
 .text.I2SEx_RxISR_I2SExt
                0x0000000008003d18       0x98 ./Drivers/STM32F4xx_HAL_Driver/Src/stm32f4xx_hal_i2s_ex.o
 .text.HAL_RCC_OscConfig
                0x0000000008003db0      0x4f0 ./Drivers/STM32F4xx_HAL_Driver/Src/stm32f4xx_hal_rcc.o
                0x0000000008003db0                HAL_RCC_OscConfig
 .text.HAL_RCC_ClockConfig
                0x00000000080042a0      0x1cc ./Drivers/STM32F4xx_HAL_Driver/Src/stm32f4xx_hal_rcc.o
                0x00000000080042a0                HAL_RCC_ClockConfig
 .text.HAL_RCC_GetSysClockFreq
                0x000000000800446c      0x1c4 ./Drivers/STM32F4xx_HAL_Driver/Src/stm32f4xx_hal_rcc.o
                0x000000000800446c                HAL_RCC_GetSysClockFreq
 .text.HAL_RCC_GetHCLKFreq
                0x0000000008004630       0x18 ./Drivers/STM32F4xx_HAL_Driver/Src/stm32f4xx_hal_rcc.o
                0x0000000008004630                HAL_RCC_GetHCLKFreq
 .text.HAL_RCC_GetPCLK1Freq
                0x0000000008004648       0x28 ./Drivers/STM32F4xx_HAL_Driver/Src/stm32f4xx_hal_rcc.o
                0x0000000008004648                HAL_RCC_GetPCLK1Freq
 .text.HAL_RCC_GetClockConfig
                0x0000000008004670       0x64 ./Drivers/STM32F4xx_HAL_Driver/Src/stm32f4xx_hal_rcc.o
                0x0000000008004670                HAL_RCC_GetClockConfig
 .text.HAL_RCCEx_PeriphCLKConfig
                0x00000000080046d4      0x1c4 ./Drivers/STM32F4xx_HAL_Driver/Src/stm32f4xx_hal_rcc_ex.o
                0x00000000080046d4                HAL_RCCEx_PeriphCLKConfig
 .text.HAL_RCCEx_GetPeriphCLKFreq
                0x0000000008004898       0xbc ./Drivers/STM32F4xx_HAL_Driver/Src/stm32f4xx_hal_rcc_ex.o
                0x0000000008004898                HAL_RCCEx_GetPeriphCLKFreq
 .text.HAL_SPI_Init
                0x0000000008004954      0x112 ./Drivers/STM32F4xx_HAL_Driver/Src/stm32f4xx_hal_spi.o
                0x0000000008004954                HAL_SPI_Init
 .text.HAL_TIM_Base_Init
                0x0000000008004a66       0x9e ./Drivers/STM32F4xx_HAL_Driver/Src/stm32f4xx_hal_tim.o
                0x0000000008004a66                HAL_TIM_Base_Init
 .text.HAL_TIM_Base_MspInit
                0x0000000008004b04       0x14 ./Drivers/STM32F4xx_HAL_Driver/Src/stm32f4xx_hal_tim.o
                0x0000000008004b04                HAL_TIM_Base_MspInit
 .text.HAL_TIM_Base_Start_IT
                0x0000000008004b18       0xe0 ./Drivers/STM32F4xx_HAL_Driver/Src/stm32f4xx_hal_tim.o
                0x0000000008004b18                HAL_TIM_Base_Start_IT
 .text.HAL_TIM_IRQHandler
                0x0000000008004bf8      0x210 ./Drivers/STM32F4xx_HAL_Driver/Src/stm32f4xx_hal_tim.o
                0x0000000008004bf8                HAL_TIM_IRQHandler
 .text.HAL_TIM_OC_DelayElapsedCallback
                0x0000000008004e08       0x14 ./Drivers/STM32F4xx_HAL_Driver/Src/stm32f4xx_hal_tim.o
                0x0000000008004e08                HAL_TIM_OC_DelayElapsedCallback
 .text.HAL_TIM_IC_CaptureCallback
                0x0000000008004e1c       0x14 ./Drivers/STM32F4xx_HAL_Driver/Src/stm32f4xx_hal_tim.o
                0x0000000008004e1c                HAL_TIM_IC_CaptureCallback
 .text.HAL_TIM_PWM_PulseFinishedCallback
                0x0000000008004e30       0x14 ./Drivers/STM32F4xx_HAL_Driver/Src/stm32f4xx_hal_tim.o
                0x0000000008004e30                HAL_TIM_PWM_PulseFinishedCallback
 .text.HAL_TIM_TriggerCallback
                0x0000000008004e44       0x14 ./Drivers/STM32F4xx_HAL_Driver/Src/stm32f4xx_hal_tim.o
                0x0000000008004e44                HAL_TIM_TriggerCallback
 .text.TIM_Base_SetConfig
                0x0000000008004e58      0x140 ./Drivers/STM32F4xx_HAL_Driver/Src/stm32f4xx_hal_tim.o
                0x0000000008004e58                TIM_Base_SetConfig
 .text.HAL_TIMEx_CommutCallback
                0x0000000008004f98       0x14 ./Drivers/STM32F4xx_HAL_Driver/Src/stm32f4xx_hal_tim_ex.o
                0x0000000008004f98                HAL_TIMEx_CommutCallback
 .text.HAL_TIMEx_BreakCallback
                0x0000000008004fac       0x14 ./Drivers/STM32F4xx_HAL_Driver/Src/stm32f4xx_hal_tim_ex.o
                0x0000000008004fac                HAL_TIMEx_BreakCallback
 .text.USB_CoreInit
                0x0000000008004fc0       0xc2 ./Drivers/STM32F4xx_HAL_Driver/Src/stm32f4xx_ll_usb.o
                0x0000000008004fc0                USB_CoreInit
 .text.USB_EnableGlobalInt
                0x0000000008005082       0x22 ./Drivers/STM32F4xx_HAL_Driver/Src/stm32f4xx_ll_usb.o
                0x0000000008005082                USB_EnableGlobalInt
 .text.USB_DisableGlobalInt
                0x00000000080050a4       0x22 ./Drivers/STM32F4xx_HAL_Driver/Src/stm32f4xx_ll_usb.o
                0x00000000080050a4                USB_DisableGlobalInt
 .text.USB_SetCurrentMode
                0x00000000080050c6       0x98 ./Drivers/STM32F4xx_HAL_Driver/Src/stm32f4xx_ll_usb.o
                0x00000000080050c6                USB_SetCurrentMode
 *fill*         0x000000000800515e        0x2 
 .text.USB_FlushTxFifo
                0x0000000008005160       0x48 ./Drivers/STM32F4xx_HAL_Driver/Src/stm32f4xx_ll_usb.o
                0x0000000008005160                USB_FlushTxFifo
 .text.USB_FlushRxFifo
                0x00000000080051a8       0x40 ./Drivers/STM32F4xx_HAL_Driver/Src/stm32f4xx_ll_usb.o
                0x00000000080051a8                USB_FlushRxFifo
 .text.USB_WritePacket
                0x00000000080051e8       0x7c ./Drivers/STM32F4xx_HAL_Driver/Src/stm32f4xx_ll_usb.o
                0x00000000080051e8                USB_WritePacket
 .text.USB_ReadPacket
                0x0000000008005264       0xb0 ./Drivers/STM32F4xx_HAL_Driver/Src/stm32f4xx_ll_usb.o
                0x0000000008005264                USB_ReadPacket
 .text.USB_ReadInterrupts
                0x0000000008005314       0x26 ./Drivers/STM32F4xx_HAL_Driver/Src/stm32f4xx_ll_usb.o
                0x0000000008005314                USB_ReadInterrupts
 .text.USB_GetMode
                0x000000000800533a       0x1c ./Drivers/STM32F4xx_HAL_Driver/Src/stm32f4xx_ll_usb.o
                0x000000000800533a                USB_GetMode
 *fill*         0x0000000008005356        0x2 
 .text.USB_CoreReset
                0x0000000008005358       0x64 ./Drivers/STM32F4xx_HAL_Driver/Src/stm32f4xx_ll_usb.o
 .text.USB_HostInit
                0x00000000080053bc      0x168 ./Drivers/STM32F4xx_HAL_Driver/Src/stm32f4xx_ll_usb.o
                0x00000000080053bc                USB_HostInit
 .text.USB_InitFSLSPClkSel
                0x0000000008005524       0x74 ./Drivers/STM32F4xx_HAL_Driver/Src/stm32f4xx_ll_usb.o
                0x0000000008005524                USB_InitFSLSPClkSel
 .text.USB_ResetPort
                0x0000000008005598       0x54 ./Drivers/STM32F4xx_HAL_Driver/Src/stm32f4xx_ll_usb.o
                0x0000000008005598                USB_ResetPort
 .text.USB_DriveVbus
                0x00000000080055ec       0x72 ./Drivers/STM32F4xx_HAL_Driver/Src/stm32f4xx_ll_usb.o
                0x00000000080055ec                USB_DriveVbus
 .text.USB_GetHostSpeed
                0x000000000800565e       0x2e ./Drivers/STM32F4xx_HAL_Driver/Src/stm32f4xx_ll_usb.o
                0x000000000800565e                USB_GetHostSpeed
 .text.USB_GetCurrentFrame
                0x000000000800568c       0x22 ./Drivers/STM32F4xx_HAL_Driver/Src/stm32f4xx_ll_usb.o
                0x000000000800568c                USB_GetCurrentFrame
 *fill*         0x00000000080056ae        0x2 
 .text.USB_HC_Init
                0x00000000080056b0      0x21c ./Drivers/STM32F4xx_HAL_Driver/Src/stm32f4xx_ll_usb.o
                0x00000000080056b0                USB_HC_Init
 .text.USB_HC_StartXfer
                0x00000000080058cc      0x284 ./Drivers/STM32F4xx_HAL_Driver/Src/stm32f4xx_ll_usb.o
                0x00000000080058cc                USB_HC_StartXfer
 .text.USB_HC_ReadInterrupt
                0x0000000008005b50       0x22 ./Drivers/STM32F4xx_HAL_Driver/Src/stm32f4xx_ll_usb.o
                0x0000000008005b50                USB_HC_ReadInterrupt
 .text.USB_HC_Halt
                0x0000000008005b72      0x238 ./Drivers/STM32F4xx_HAL_Driver/Src/stm32f4xx_ll_usb.o
                0x0000000008005b72                USB_HC_Halt
 *fill*         0x0000000008005daa        0x2 
 .text.USB_DoPing
                0x0000000008005dac       0x78 ./Drivers/STM32F4xx_HAL_Driver/Src/stm32f4xx_ll_usb.o
                0x0000000008005dac                USB_DoPing
 .text.USB_StopHost
                0x0000000008005e24      0x10c ./Drivers/STM32F4xx_HAL_Driver/Src/stm32f4xx_ll_usb.o
                0x0000000008005e24                USB_StopHost
 .text.USBH_CDC_InterfaceInit
                0x0000000008005f30      0x2ac ./Middlewares/ST/STM32_USB_Host_Library/Class/CDC/Src/usbh_cdc.o
 .text.USBH_CDC_InterfaceDeInit
                0x00000000080061dc       0xb2 ./Middlewares/ST/STM32_USB_Host_Library/Class/CDC/Src/usbh_cdc.o
 .text.USBH_CDC_ClassRequest
                0x000000000800628e       0x3e ./Middlewares/ST/STM32_USB_Host_Library/Class/CDC/Src/usbh_cdc.o
 .text.USBH_CDC_Process
                0x00000000080062cc      0x12c ./Middlewares/ST/STM32_USB_Host_Library/Class/CDC/Src/usbh_cdc.o
 .text.USBH_CDC_SOFProcess
                0x00000000080063f8       0x16 ./Middlewares/ST/STM32_USB_Host_Library/Class/CDC/Src/usbh_cdc.o
 .text.GetLineCoding
                0x000000000800640e       0x3e ./Middlewares/ST/STM32_USB_Host_Library/Class/CDC/Src/usbh_cdc.o
 .text.SetLineCoding
                0x000000000800644c       0x3e ./Middlewares/ST/STM32_USB_Host_Library/Class/CDC/Src/usbh_cdc.o
 .text.CDC_ProcessTransmission
                0x000000000800648a       0xec ./Middlewares/ST/STM32_USB_Host_Library/Class/CDC/Src/usbh_cdc.o
 .text.CDC_ProcessReception
                0x0000000008006576       0xb6 ./Middlewares/ST/STM32_USB_Host_Library/Class/CDC/Src/usbh_cdc.o
 .text.USBH_CDC_TransmitCallback
                0x000000000800662c       0x14 ./Middlewares/ST/STM32_USB_Host_Library/Class/CDC/Src/usbh_cdc.o
                0x000000000800662c                USBH_CDC_TransmitCallback
 .text.USBH_CDC_ReceiveCallback
                0x0000000008006640       0x14 ./Middlewares/ST/STM32_USB_Host_Library/Class/CDC/Src/usbh_cdc.o
                0x0000000008006640                USBH_CDC_ReceiveCallback
 .text.USBH_CDC_LineCodingChanged
                0x0000000008006654       0x14 ./Middlewares/ST/STM32_USB_Host_Library/Class/CDC/Src/usbh_cdc.o
                0x0000000008006654                USBH_CDC_LineCodingChanged
 .text.USBH_Init
                0x0000000008006668       0x74 ./Middlewares/ST/STM32_USB_Host_Library/Core/Src/usbh_core.o
                0x0000000008006668                USBH_Init
 .text.DeInitStateMachine
                0x00000000080066dc       0xa8 ./Middlewares/ST/STM32_USB_Host_Library/Core/Src/usbh_core.o
 .text.USBH_RegisterClass
                0x0000000008006784       0x54 ./Middlewares/ST/STM32_USB_Host_Library/Core/Src/usbh_core.o
                0x0000000008006784                USBH_RegisterClass
 .text.USBH_SelectInterface
                0x00000000080067d8       0x38 ./Middlewares/ST/STM32_USB_Host_Library/Core/Src/usbh_core.o
                0x00000000080067d8                USBH_SelectInterface
 .text.USBH_FindInterface
                0x0000000008006810       0x8c ./Middlewares/ST/STM32_USB_Host_Library/Core/Src/usbh_core.o
                0x0000000008006810                USBH_FindInterface
 .text.USBH_Start
                0x000000000800689c       0x20 ./Middlewares/ST/STM32_USB_Host_Library/Core/Src/usbh_core.o
                0x000000000800689c                USBH_Start
 .text.USBH_Process
                0x00000000080068bc      0x3c0 ./Middlewares/ST/STM32_USB_Host_Library/Core/Src/usbh_core.o
                0x00000000080068bc                USBH_Process
 .text.USBH_HandleEnum
                0x0000000008006c7c      0x3c8 ./Middlewares/ST/STM32_USB_Host_Library/Core/Src/usbh_core.o
 .text.USBH_LL_SetTimer
                0x0000000008007044       0x1e ./Middlewares/ST/STM32_USB_Host_Library/Core/Src/usbh_core.o
                0x0000000008007044                USBH_LL_SetTimer
 .text.USBH_LL_IncTimer
                0x0000000008007062       0x24 ./Middlewares/ST/STM32_USB_Host_Library/Core/Src/usbh_core.o
                0x0000000008007062                USBH_LL_IncTimer
 .text.USBH_HandleSof
                0x0000000008007086       0x30 ./Middlewares/ST/STM32_USB_Host_Library/Core/Src/usbh_core.o
 .text.USBH_LL_PortEnabled
                0x00000000080070b6       0x1c ./Middlewares/ST/STM32_USB_Host_Library/Core/Src/usbh_core.o
                0x00000000080070b6                USBH_LL_PortEnabled
 .text.USBH_LL_PortDisabled
                0x00000000080070d2       0x1c ./Middlewares/ST/STM32_USB_Host_Library/Core/Src/usbh_core.o
                0x00000000080070d2                USBH_LL_PortDisabled
 .text.USBH_LL_Connect
                0x00000000080070ee       0x2e ./Middlewares/ST/STM32_USB_Host_Library/Core/Src/usbh_core.o
                0x00000000080070ee                USBH_LL_Connect
 .text.USBH_LL_Disconnect
                0x000000000800711c       0x48 ./Middlewares/ST/STM32_USB_Host_Library/Core/Src/usbh_core.o
                0x000000000800711c                USBH_LL_Disconnect
 .text.USBH_Get_DevDesc
                0x0000000008007164       0x50 ./Middlewares/ST/STM32_USB_Host_Library/Core/Src/usbh_ctlreq.o
                0x0000000008007164                USBH_Get_DevDesc
 .text.USBH_Get_CfgDesc
                0x00000000080071b4       0x48 ./Middlewares/ST/STM32_USB_Host_Library/Core/Src/usbh_ctlreq.o
                0x00000000080071b4                USBH_Get_CfgDesc
 .text.USBH_Get_StringDesc
                0x00000000080071fc       0x56 ./Middlewares/ST/STM32_USB_Host_Library/Core/Src/usbh_ctlreq.o
                0x00000000080071fc                USBH_Get_StringDesc
 .text.USBH_GetDescriptor
                0x0000000008007252       0x6a ./Middlewares/ST/STM32_USB_Host_Library/Core/Src/usbh_ctlreq.o
                0x0000000008007252                USBH_GetDescriptor
 .text.USBH_SetAddress
                0x00000000080072bc       0x48 ./Middlewares/ST/STM32_USB_Host_Library/Core/Src/usbh_ctlreq.o
                0x00000000080072bc                USBH_SetAddress
 .text.USBH_SetCfg
                0x0000000008007304       0x46 ./Middlewares/ST/STM32_USB_Host_Library/Core/Src/usbh_ctlreq.o
                0x0000000008007304                USBH_SetCfg
 .text.USBH_SetFeature
                0x000000000800734a       0x48 ./Middlewares/ST/STM32_USB_Host_Library/Core/Src/usbh_ctlreq.o
                0x000000000800734a                USBH_SetFeature
 .text.USBH_ClrFeature
                0x0000000008007392       0x48 ./Middlewares/ST/STM32_USB_Host_Library/Core/Src/usbh_ctlreq.o
                0x0000000008007392                USBH_ClrFeature
 .text.USBH_ParseDevDesc
                0x00000000080073da       0xe0 ./Middlewares/ST/STM32_USB_Host_Library/Core/Src/usbh_ctlreq.o
 .text.USBH_ParseCfgDesc
                0x00000000080074ba      0x144 ./Middlewares/ST/STM32_USB_Host_Library/Core/Src/usbh_ctlreq.o
 .text.USBH_ParseInterfaceDesc
                0x00000000080075fe       0x5e ./Middlewares/ST/STM32_USB_Host_Library/Core/Src/usbh_ctlreq.o
 .text.USBH_ParseEPDesc
                0x000000000800765c       0x5a ./Middlewares/ST/STM32_USB_Host_Library/Core/Src/usbh_ctlreq.o
 .text.USBH_ParseStringDesc
                0x00000000080076b6       0x66 ./Middlewares/ST/STM32_USB_Host_Library/Core/Src/usbh_ctlreq.o
 .text.USBH_GetNextDesc
                0x000000000800771c       0x36 ./Middlewares/ST/STM32_USB_Host_Library/Core/Src/usbh_ctlreq.o
                0x000000000800771c                USBH_GetNextDesc
 .text.USBH_CtlReq
                0x0000000008007752       0x7a ./Middlewares/ST/STM32_USB_Host_Library/Core/Src/usbh_ctlreq.o
                0x0000000008007752                USBH_CtlReq
 .text.USBH_HandleControl
                0x00000000080077cc      0x2e8 ./Middlewares/ST/STM32_USB_Host_Library/Core/Src/usbh_ctlreq.o
 .text.USBH_CtlSendSetup
                0x0000000008007ab4       0x34 ./Middlewares/ST/STM32_USB_Host_Library/Core/Src/usbh_ioreq.o
                0x0000000008007ab4                USBH_CtlSendSetup
 .text.USBH_CtlSendData
                0x0000000008007ae8       0x4a ./Middlewares/ST/STM32_USB_Host_Library/Core/Src/usbh_ioreq.o
                0x0000000008007ae8                USBH_CtlSendData
 .text.USBH_CtlReceiveData
                0x0000000008007b32       0x3c ./Middlewares/ST/STM32_USB_Host_Library/Core/Src/usbh_ioreq.o
                0x0000000008007b32                USBH_CtlReceiveData
 .text.USBH_BulkSendData
                0x0000000008007b6e       0x4a ./Middlewares/ST/STM32_USB_Host_Library/Core/Src/usbh_ioreq.o
                0x0000000008007b6e                USBH_BulkSendData
 .text.USBH_BulkReceiveData
                0x0000000008007bb8       0x3c ./Middlewares/ST/STM32_USB_Host_Library/Core/Src/usbh_ioreq.o
                0x0000000008007bb8                USBH_BulkReceiveData
 .text.USBH_OpenPipe
                0x0000000008007bf4       0x3e ./Middlewares/ST/STM32_USB_Host_Library/Core/Src/usbh_pipes.o
                0x0000000008007bf4                USBH_OpenPipe
 .text.USBH_ClosePipe
                0x0000000008007c32       0x20 ./Middlewares/ST/STM32_USB_Host_Library/Core/Src/usbh_pipes.o
                0x0000000008007c32                USBH_ClosePipe
 .text.USBH_AllocPipe
                0x0000000008007c52       0x42 ./Middlewares/ST/STM32_USB_Host_Library/Core/Src/usbh_pipes.o
                0x0000000008007c52                USBH_AllocPipe
 .text.USBH_FreePipe
                0x0000000008007c94       0x3c ./Middlewares/ST/STM32_USB_Host_Library/Core/Src/usbh_pipes.o
                0x0000000008007c94                USBH_FreePipe
 .text.USBH_GetFreePipe
                0x0000000008007cd0       0x48 ./Middlewares/ST/STM32_USB_Host_Library/Core/Src/usbh_pipes.o
 .text.MX_USB_HOST_Init
                0x0000000008007d18       0x4c ./USB_HOST/App/usb_host.o
                0x0000000008007d18                MX_USB_HOST_Init
 .text.MX_USB_HOST_Process
                0x0000000008007d64       0x14 ./USB_HOST/App/usb_host.o
                0x0000000008007d64                MX_USB_HOST_Process
 .text.USBH_UserProcess
                0x0000000008007d78       0x5c ./USB_HOST/App/usb_host.o
 .text.HAL_HCD_MspInit
                0x0000000008007dd4       0xc4 ./USB_HOST/Target/usbh_conf.o
                0x0000000008007dd4                HAL_HCD_MspInit
 .text.HAL_HCD_SOF_Callback
                0x0000000008007e98       0x1c ./USB_HOST/Target/usbh_conf.o
                0x0000000008007e98                HAL_HCD_SOF_Callback
 .text.HAL_HCD_Connect_Callback
                0x0000000008007eb4       0x1c ./USB_HOST/Target/usbh_conf.o
                0x0000000008007eb4                HAL_HCD_Connect_Callback
 .text.HAL_HCD_Disconnect_Callback
                0x0000000008007ed0       0x1c ./USB_HOST/Target/usbh_conf.o
                0x0000000008007ed0                HAL_HCD_Disconnect_Callback
 .text.HAL_HCD_HC_NotifyURBChange_Callback
                0x0000000008007eec       0x1c ./USB_HOST/Target/usbh_conf.o
                0x0000000008007eec                HAL_HCD_HC_NotifyURBChange_Callback
 .text.HAL_HCD_PortEnabled_Callback
                0x0000000008007f08       0x1c ./USB_HOST/Target/usbh_conf.o
                0x0000000008007f08                HAL_HCD_PortEnabled_Callback
 .text.HAL_HCD_PortDisabled_Callback
                0x0000000008007f24       0x1c ./USB_HOST/Target/usbh_conf.o
                0x0000000008007f24                HAL_HCD_PortDisabled_Callback
 .text.USBH_LL_Init
                0x0000000008007f40       0x78 ./USB_HOST/Target/usbh_conf.o
                0x0000000008007f40                USBH_LL_Init
 .text.USBH_LL_Start
                0x0000000008007fb8       0x36 ./USB_HOST/Target/usbh_conf.o
                0x0000000008007fb8                USBH_LL_Start
 .text.USBH_LL_Stop
                0x0000000008007fee       0x36 ./USB_HOST/Target/usbh_conf.o
                0x0000000008007fee                USBH_LL_Stop
 .text.USBH_LL_GetSpeed
                0x0000000008008024       0x4e ./USB_HOST/Target/usbh_conf.o
                0x0000000008008024                USBH_LL_GetSpeed
 .text.USBH_LL_ResetPort
                0x0000000008008072       0x36 ./USB_HOST/Target/usbh_conf.o
                0x0000000008008072                USBH_LL_ResetPort
 .text.USBH_LL_GetLastXferSize
                0x00000000080080a8       0x26 ./USB_HOST/Target/usbh_conf.o
                0x00000000080080a8                USBH_LL_GetLastXferSize
 .text.USBH_LL_OpenPipe
                0x00000000080080ce       0x5e ./USB_HOST/Target/usbh_conf.o
                0x00000000080080ce                USBH_LL_OpenPipe
 .text.USBH_LL_ClosePipe
                0x000000000800812c       0x3e ./USB_HOST/Target/usbh_conf.o
                0x000000000800812c                USBH_LL_ClosePipe
 .text.USBH_LL_SubmitURB
                0x000000000800816a       0x62 ./USB_HOST/Target/usbh_conf.o
                0x000000000800816a                USBH_LL_SubmitURB
 .text.USBH_LL_GetURBState
                0x00000000080081cc       0x26 ./USB_HOST/Target/usbh_conf.o
                0x00000000080081cc                USBH_LL_GetURBState
 .text.USBH_LL_DriverVBUS
                0x00000000080081f2       0x2e ./USB_HOST/Target/usbh_conf.o
                0x00000000080081f2                USBH_LL_DriverVBUS
 .text.USBH_LL_SetToggle
                0x0000000008008220       0x60 ./USB_HOST/Target/usbh_conf.o
                0x0000000008008220                USBH_LL_SetToggle
 .text.USBH_Delay
                0x0000000008008280       0x16 ./USB_HOST/Target/usbh_conf.o
                0x0000000008008280                USBH_Delay
 *fill*         0x0000000008008296        0x2 
 .text.USBH_Get_USB_Status
                0x0000000008008298       0x58 ./USB_HOST/Target/usbh_conf.o
                0x0000000008008298                USBH_Get_USB_Status
 .text.MX_DriverVbusFS
                0x00000000080082f0       0x38 ./USB_HOST/Target/usbh_platform.o
                0x00000000080082f0                MX_DriverVbusFS
 .text.__libc_init_array
                0x0000000008008328       0x48 e:/stm32cubeide_1.3.0/stm32cubeide/plugins/com.st.stm32cube.ide.mcu.externaltools.gnu-tools-for-stm32.9-2020-q2-update.win32_2.0.0.202105311346/tools/bin/../lib/gcc/arm-none-eabi/9.3.1/../../../../arm-none-eabi/lib/thumb/v7e-m+fp/hard\libc_nano.a(lib_a-init.o)
                0x0000000008008328                __libc_init_array
 .text.malloc   0x0000000008008370       0x10 e:/stm32cubeide_1.3.0/stm32cubeide/plugins/com.st.stm32cube.ide.mcu.externaltools.gnu-tools-for-stm32.9-2020-q2-update.win32_2.0.0.202105311346/tools/bin/../lib/gcc/arm-none-eabi/9.3.1/../../../../arm-none-eabi/lib/thumb/v7e-m+fp/hard\libc_nano.a(lib_a-malloc.o)
                0x0000000008008370                malloc
 .text.free     0x0000000008008380       0x10 e:/stm32cubeide_1.3.0/stm32cubeide/plugins/com.st.stm32cube.ide.mcu.externaltools.gnu-tools-for-stm32.9-2020-q2-update.win32_2.0.0.202105311346/tools/bin/../lib/gcc/arm-none-eabi/9.3.1/../../../../arm-none-eabi/lib/thumb/v7e-m+fp/hard\libc_nano.a(lib_a-malloc.o)
                0x0000000008008380                free
 .text.memset   0x0000000008008390       0x10 e:/stm32cubeide_1.3.0/stm32cubeide/plugins/com.st.stm32cube.ide.mcu.externaltools.gnu-tools-for-stm32.9-2020-q2-update.win32_2.0.0.202105311346/tools/bin/../lib/gcc/arm-none-eabi/9.3.1/../../../../arm-none-eabi/lib/thumb/v7e-m+fp/hard\libc_nano.a(lib_a-memset.o)
                0x0000000008008390                memset
 .text._free_r  0x00000000080083a0       0xa0 e:/stm32cubeide_1.3.0/stm32cubeide/plugins/com.st.stm32cube.ide.mcu.externaltools.gnu-tools-for-stm32.9-2020-q2-update.win32_2.0.0.202105311346/tools/bin/../lib/gcc/arm-none-eabi/9.3.1/../../../../arm-none-eabi/lib/thumb/v7e-m+fp/hard\libc_nano.a(lib_a-nano-freer.o)
                0x00000000080083a0                _free_r
 .text._malloc_r
                0x0000000008008440       0xb4 e:/stm32cubeide_1.3.0/stm32cubeide/plugins/com.st.stm32cube.ide.mcu.externaltools.gnu-tools-for-stm32.9-2020-q2-update.win32_2.0.0.202105311346/tools/bin/../lib/gcc/arm-none-eabi/9.3.1/../../../../arm-none-eabi/lib/thumb/v7e-m+fp/hard\libc_nano.a(lib_a-nano-mallocr.o)
                0x0000000008008440                _malloc_r
 .text._sbrk_r  0x00000000080084f4       0x20 e:/stm32cubeide_1.3.0/stm32cubeide/plugins/com.st.stm32cube.ide.mcu.externaltools.gnu-tools-for-stm32.9-2020-q2-update.win32_2.0.0.202105311346/tools/bin/../lib/gcc/arm-none-eabi/9.3.1/../../../../arm-none-eabi/lib/thumb/v7e-m+fp/hard\libc_nano.a(lib_a-sbrkr.o)
                0x00000000080084f4                _sbrk_r
 .text.__malloc_lock
                0x0000000008008514        0xc e:/stm32cubeide_1.3.0/stm32cubeide/plugins/com.st.stm32cube.ide.mcu.externaltools.gnu-tools-for-stm32.9-2020-q2-update.win32_2.0.0.202105311346/tools/bin/../lib/gcc/arm-none-eabi/9.3.1/../../../../arm-none-eabi/lib/thumb/v7e-m+fp/hard\libc_nano.a(lib_a-mlock.o)
                0x0000000008008514                __malloc_lock
 .text.__malloc_unlock
                0x0000000008008520        0xc e:/stm32cubeide_1.3.0/stm32cubeide/plugins/com.st.stm32cube.ide.mcu.externaltools.gnu-tools-for-stm32.9-2020-q2-update.win32_2.0.0.202105311346/tools/bin/../lib/gcc/arm-none-eabi/9.3.1/../../../../arm-none-eabi/lib/thumb/v7e-m+fp/hard\libc_nano.a(lib_a-mlock.o)
                0x0000000008008520                __malloc_unlock
 .text.__retarget_lock_acquire_recursive
                0x000000000800852c        0x2 e:/stm32cubeide_1.3.0/stm32cubeide/plugins/com.st.stm32cube.ide.mcu.externaltools.gnu-tools-for-stm32.9-2020-q2-update.win32_2.0.0.202105311346/tools/bin/../lib/gcc/arm-none-eabi/9.3.1/../../../../arm-none-eabi/lib/thumb/v7e-m+fp/hard\libc_nano.a(lib_a-lock.o)
                0x000000000800852c                __retarget_lock_acquire_recursive
 .text.__retarget_lock_release_recursive
                0x000000000800852e        0x2 e:/stm32cubeide_1.3.0/stm32cubeide/plugins/com.st.stm32cube.ide.mcu.externaltools.gnu-tools-for-stm32.9-2020-q2-update.win32_2.0.0.202105311346/tools/bin/../lib/gcc/arm-none-eabi/9.3.1/../../../../arm-none-eabi/lib/thumb/v7e-m+fp/hard\libc_nano.a(lib_a-lock.o)
                0x000000000800852e                __retarget_lock_release_recursive
 .text._sbrk    0x0000000008008530       0x1c e:/stm32cubeide_1.3.0/stm32cubeide/plugins/com.st.stm32cube.ide.mcu.externaltools.gnu-tools-for-stm32.9-2020-q2-update.win32_2.0.0.202105311346/tools/bin/../lib/gcc/arm-none-eabi/9.3.1/../../../../arm-none-eabi/lib/thumb/v7e-m+fp/hard\libnosys.a(sbrk.o)
                0x0000000008008530                _sbrk
 *(.glue_7)
 .glue_7        0x000000000800854c        0x0 linker stubs
 *(.glue_7t)
 .glue_7t       0x000000000800854c        0x0 linker stubs
 *(.eh_frame)
 .eh_frame      0x000000000800854c        0x0 e:/stm32cubeide_1.3.0/stm32cubeide/plugins/com.st.stm32cube.ide.mcu.externaltools.gnu-tools-for-stm32.9-2020-q2-update.win32_2.0.0.202105311346/tools/bin/../lib/gcc/arm-none-eabi/9.3.1/thumb/v7e-m+fp/hard/crtbegin.o
 *(.init)
 .init          0x000000000800854c        0x4 e:/stm32cubeide_1.3.0/stm32cubeide/plugins/com.st.stm32cube.ide.mcu.externaltools.gnu-tools-for-stm32.9-2020-q2-update.win32_2.0.0.202105311346/tools/bin/../lib/gcc/arm-none-eabi/9.3.1/thumb/v7e-m+fp/hard/crti.o
                0x000000000800854c                _init
 .init          0x0000000008008550        0x8 e:/stm32cubeide_1.3.0/stm32cubeide/plugins/com.st.stm32cube.ide.mcu.externaltools.gnu-tools-for-stm32.9-2020-q2-update.win32_2.0.0.202105311346/tools/bin/../lib/gcc/arm-none-eabi/9.3.1/thumb/v7e-m+fp/hard/crtn.o
 *(.fini)
 .fini          0x0000000008008558        0x4 e:/stm32cubeide_1.3.0/stm32cubeide/plugins/com.st.stm32cube.ide.mcu.externaltools.gnu-tools-for-stm32.9-2020-q2-update.win32_2.0.0.202105311346/tools/bin/../lib/gcc/arm-none-eabi/9.3.1/thumb/v7e-m+fp/hard/crti.o
                0x0000000008008558                _fini
 .fini          0x000000000800855c        0x8 e:/stm32cubeide_1.3.0/stm32cubeide/plugins/com.st.stm32cube.ide.mcu.externaltools.gnu-tools-for-stm32.9-2020-q2-update.win32_2.0.0.202105311346/tools/bin/../lib/gcc/arm-none-eabi/9.3.1/thumb/v7e-m+fp/hard/crtn.o
                0x0000000008008564                . = ALIGN (0x4)
                0x0000000008008564                _etext = .

.vfp11_veneer   0x0000000008008564        0x0
 .vfp11_veneer  0x0000000008008564        0x0 linker stubs

.v4_bx          0x0000000008008564        0x0
 .v4_bx         0x0000000008008564        0x0 linker stubs

.iplt           0x0000000008008564        0x0
 .iplt          0x0000000008008564        0x0 e:/stm32cubeide_1.3.0/stm32cubeide/plugins/com.st.stm32cube.ide.mcu.externaltools.gnu-tools-for-stm32.9-2020-q2-update.win32_2.0.0.202105311346/tools/bin/../lib/gcc/arm-none-eabi/9.3.1/thumb/v7e-m+fp/hard/crtbegin.o

.rodata         0x0000000008008564       0x1c
                0x0000000008008564                . = ALIGN (0x4)
 *(.rodata)
 .rodata        0x0000000008008564        0x4 ./Middlewares/ST/STM32_USB_Host_Library/Class/CDC/Src/usbh_cdc.o
 *(.rodata*)
 .rodata.AHBPrescTable
                0x0000000008008568       0x10 ./Core/Src/system_stm32f4xx.o
                0x0000000008008568                AHBPrescTable
 .rodata.APBPrescTable
                0x0000000008008578        0x8 ./Core/Src/system_stm32f4xx.o
                0x0000000008008578                APBPrescTable
                0x0000000008008580                . = ALIGN (0x4)

.ARM.extab      0x0000000008008580        0x0
                0x0000000008008580                . = ALIGN (0x4)
 *(.ARM.extab* .gnu.linkonce.armextab.*)
                0x0000000008008580                . = ALIGN (0x4)

.ARM            0x0000000008008580        0x8
                0x0000000008008580                . = ALIGN (0x4)
                0x0000000008008580                __exidx_start = .
 *(.ARM.exidx*)
 .ARM.exidx     0x0000000008008580        0x8 e:/stm32cubeide_1.3.0/stm32cubeide/plugins/com.st.stm32cube.ide.mcu.externaltools.gnu-tools-for-stm32.9-2020-q2-update.win32_2.0.0.202105311346/tools/bin/../lib/gcc/arm-none-eabi/9.3.1/thumb/v7e-m+fp/hard\libgcc.a(_udivmoddi4.o)
                0x0000000008008588                __exidx_end = .
                0x0000000008008588                . = ALIGN (0x4)

.rel.dyn        0x0000000008008588        0x0
 .rel.iplt      0x0000000008008588        0x0 e:/stm32cubeide_1.3.0/stm32cubeide/plugins/com.st.stm32cube.ide.mcu.externaltools.gnu-tools-for-stm32.9-2020-q2-update.win32_2.0.0.202105311346/tools/bin/../lib/gcc/arm-none-eabi/9.3.1/thumb/v7e-m+fp/hard/crtbegin.o

.preinit_array  0x0000000008008588        0x0
                0x0000000008008588                . = ALIGN (0x4)
                0x0000000008008588                PROVIDE (__preinit_array_start = .)
 *(.preinit_array*)
                0x0000000008008588                PROVIDE (__preinit_array_end = .)
                0x0000000008008588                . = ALIGN (0x4)

.init_array     0x0000000008008588        0x4
                0x0000000008008588                . = ALIGN (0x4)
                0x0000000008008588                PROVIDE (__init_array_start = .)
 *(SORT_BY_NAME(.init_array.*))
 *(.init_array*)
 .init_array    0x0000000008008588        0x4 e:/stm32cubeide_1.3.0/stm32cubeide/plugins/com.st.stm32cube.ide.mcu.externaltools.gnu-tools-for-stm32.9-2020-q2-update.win32_2.0.0.202105311346/tools/bin/../lib/gcc/arm-none-eabi/9.3.1/thumb/v7e-m+fp/hard/crtbegin.o
                0x000000000800858c                PROVIDE (__init_array_end = .)
                0x000000000800858c                . = ALIGN (0x4)

.fini_array     0x000000000800858c        0x4
                0x000000000800858c                . = ALIGN (0x4)
                [!provide]                        PROVIDE (__fini_array_start = .)
 *(SORT_BY_NAME(.fini_array.*))
 *(.fini_array*)
 .fini_array    0x000000000800858c        0x4 e:/stm32cubeide_1.3.0/stm32cubeide/plugins/com.st.stm32cube.ide.mcu.externaltools.gnu-tools-for-stm32.9-2020-q2-update.win32_2.0.0.202105311346/tools/bin/../lib/gcc/arm-none-eabi/9.3.1/thumb/v7e-m+fp/hard/crtbegin.o
                [!provide]                        PROVIDE (__fini_array_end = .)
                0x0000000008008590                . = ALIGN (0x4)
                0x0000000008008590                _sidata = LOADADDR (.data)

.data           0x0000000020000000       0x90 load address 0x0000000008008590
                0x0000000020000000                . = ALIGN (0x4)
                0x0000000020000000                _sdata = .
 *(.data)
 *(.data*)
 .data.SystemCoreClock
                0x0000000020000000        0x4 ./Core/Src/system_stm32f4xx.o
                0x0000000020000000                SystemCoreClock
 .data.uwTickPrio
                0x0000000020000004        0x4 ./Drivers/STM32F4xx_HAL_Driver/Src/stm32f4xx_hal.o
                0x0000000020000004                uwTickPrio
 .data.uwTickFreq
                0x0000000020000008        0x1 ./Drivers/STM32F4xx_HAL_Driver/Src/stm32f4xx_hal.o
                0x0000000020000008                uwTickFreq
 *fill*         0x0000000020000009        0x3 
 .data.CDC_Class
                0x000000002000000c       0x20 ./Middlewares/ST/STM32_USB_Host_Library/Class/CDC/Src/usbh_cdc.o
                0x000000002000000c                CDC_Class
 .data._impure_ptr
                0x000000002000002c        0x4 e:/stm32cubeide_1.3.0/stm32cubeide/plugins/com.st.stm32cube.ide.mcu.externaltools.gnu-tools-for-stm32.9-2020-q2-update.win32_2.0.0.202105311346/tools/bin/../lib/gcc/arm-none-eabi/9.3.1/../../../../arm-none-eabi/lib/thumb/v7e-m+fp/hard\libc_nano.a(lib_a-impure.o)
                0x000000002000002c                _impure_ptr
 .data.impure_data
                0x0000000020000030       0x60 e:/stm32cubeide_1.3.0/stm32cubeide/plugins/com.st.stm32cube.ide.mcu.externaltools.gnu-tools-for-stm32.9-2020-q2-update.win32_2.0.0.202105311346/tools/bin/../lib/gcc/arm-none-eabi/9.3.1/../../../../arm-none-eabi/lib/thumb/v7e-m+fp/hard\libc_nano.a(lib_a-impure.o)
 *(.RamFunc)
 *(.RamFunc*)
                0x0000000020000090                . = ALIGN (0x4)
                0x0000000020000090                _edata = .
                0x0000000008008620                _siccmram = LOADADDR (.ccmram)

.igot.plt       0x0000000020000090        0x0 load address 0x0000000008008620
 .igot.plt      0x0000000020000090        0x0 e:/stm32cubeide_1.3.0/stm32cubeide/plugins/com.st.stm32cube.ide.mcu.externaltools.gnu-tools-for-stm32.9-2020-q2-update.win32_2.0.0.202105311346/tools/bin/../lib/gcc/arm-none-eabi/9.3.1/thumb/v7e-m+fp/hard/crtbegin.o

.ccmram         0x0000000010000000        0x0 load address 0x0000000008008620
                0x0000000010000000                . = ALIGN (0x4)
                0x0000000010000000                _sccmram = .
 *(.ccmram)
 *(.ccmram*)
                0x0000000010000000                . = ALIGN (0x4)
                0x0000000010000000                _eccmram = .
                0x0000000010000000                . = ALIGN (0x4)

.bss            0x0000000020000090      0x8e4
                0x0000000020000090                _sbss = .
                0x0000000020000090                __bss_start__ = _sbss
 *(.bss)
 .bss           0x0000000020000090       0x1c e:/stm32cubeide_1.3.0/stm32cubeide/plugins/com.st.stm32cube.ide.mcu.externaltools.gnu-tools-for-stm32.9-2020-q2-update.win32_2.0.0.202105311346/tools/bin/../lib/gcc/arm-none-eabi/9.3.1/thumb/v7e-m+fp/hard/crtbegin.o
 *(.bss*)
 .bss.pxCurrentTCB
                0x00000000200000ac        0x4 ./3rdParty/FreeRTOS/tasks.o
                0x00000000200000ac                pxCurrentTCB
 .bss.pxReadyTasksLists
                0x00000000200000b0       0x64 ./3rdParty/FreeRTOS/tasks.o
 .bss.pxDelayedTaskList
                0x0000000020000114        0x4 ./3rdParty/FreeRTOS/tasks.o
 .bss.pxOverflowDelayedTaskList
                0x0000000020000118        0x4 ./3rdParty/FreeRTOS/tasks.o
 .bss.xTickCount
                0x000000002000011c        0x4 ./3rdParty/FreeRTOS/tasks.o
 .bss.uxTopReadyPriority
                0x0000000020000120        0x4 ./3rdParty/FreeRTOS/tasks.o
 .bss.xPendedTicks
                0x0000000020000124        0x4 ./3rdParty/FreeRTOS/tasks.o
 .bss.xYieldPending
                0x0000000020000128        0x4 ./3rdParty/FreeRTOS/tasks.o
 .bss.xNumOfOverflows
                0x000000002000012c        0x4 ./3rdParty/FreeRTOS/tasks.o
 .bss.xNextTaskUnblockTime
                0x0000000020000130        0x4 ./3rdParty/FreeRTOS/tasks.o
 .bss.uxSchedulerSuspended
                0x0000000020000134        0x4 ./3rdParty/FreeRTOS/tasks.o
 .bss.Appli_state
                0x0000000020000138        0x1 ./USB_HOST/App/usb_host.o
                0x0000000020000138                Appli_state
 *fill*         0x0000000020000139        0x3 
 .bss.__malloc_free_list
                0x000000002000013c        0x4 e:/stm32cubeide_1.3.0/stm32cubeide/plugins/com.st.stm32cube.ide.mcu.externaltools.gnu-tools-for-stm32.9-2020-q2-update.win32_2.0.0.202105311346/tools/bin/../lib/gcc/arm-none-eabi/9.3.1/../../../../arm-none-eabi/lib/thumb/v7e-m+fp/hard\libc_nano.a(lib_a-nano-mallocr.o)
                0x000000002000013c                __malloc_free_list
 .bss.__malloc_sbrk_start
                0x0000000020000140        0x4 e:/stm32cubeide_1.3.0/stm32cubeide/plugins/com.st.stm32cube.ide.mcu.externaltools.gnu-tools-for-stm32.9-2020-q2-update.win32_2.0.0.202105311346/tools/bin/../lib/gcc/arm-none-eabi/9.3.1/../../../../arm-none-eabi/lib/thumb/v7e-m+fp/hard\libc_nano.a(lib_a-nano-mallocr.o)
                0x0000000020000140                __malloc_sbrk_start
 .bss.heap_end.5507
                0x0000000020000144        0x4 e:/stm32cubeide_1.3.0/stm32cubeide/plugins/com.st.stm32cube.ide.mcu.externaltools.gnu-tools-for-stm32.9-2020-q2-update.win32_2.0.0.202105311346/tools/bin/../lib/gcc/arm-none-eabi/9.3.1/../../../../arm-none-eabi/lib/thumb/v7e-m+fp/hard\libnosys.a(sbrk.o)
 *(COMMON)
 COMMON         0x0000000020000148       0xf4 ./Core/Src/main.o
                0x0000000020000148                hi2c1
                0x000000002000019c                hspi1
                0x00000000200001f4                hi2s3
 COMMON         0x000000002000023c       0x48 ./Core/Src/stm32f4xx_hal_timebase_tim.o
                0x000000002000023c                htim6
 COMMON         0x0000000020000284        0x4 ./Drivers/STM32F4xx_HAL_Driver/Src/stm32f4xx_hal.o
                0x0000000020000284                uwTick
 COMMON         0x0000000020000288      0x3d8 ./USB_HOST/App/usb_host.o
                0x0000000020000288                hUsbHostFS
 COMMON         0x0000000020000660      0x304 ./USB_HOST/Target/usbh_conf.o
                0x0000000020000660                hhcd_USB_OTG_FS
 COMMON         0x0000000020000964        0x4 e:/stm32cubeide_1.3.0/stm32cubeide/plugins/com.st.stm32cube.ide.mcu.externaltools.gnu-tools-for-stm32.9-2020-q2-update.win32_2.0.0.202105311346/tools/bin/../lib/gcc/arm-none-eabi/9.3.1/../../../../arm-none-eabi/lib/thumb/v7e-m+fp/hard\libc_nano.a(lib_a-reent.o)
                0x0000000020000964                errno
 COMMON         0x0000000020000968        0x9 e:/stm32cubeide_1.3.0/stm32cubeide/plugins/com.st.stm32cube.ide.mcu.externaltools.gnu-tools-for-stm32.9-2020-q2-update.win32_2.0.0.202105311346/tools/bin/../lib/gcc/arm-none-eabi/9.3.1/../../../../arm-none-eabi/lib/thumb/v7e-m+fp/hard\libc_nano.a(lib_a-lock.o)
                0x0000000020000968                __lock___atexit_recursive_mutex
                0x0000000020000969                __lock___arc4random_mutex
                0x000000002000096a                __lock___env_recursive_mutex
                0x000000002000096b                __lock___sinit_recursive_mutex
                0x000000002000096c                __lock___malloc_recursive_mutex
                0x000000002000096d                __lock___at_quick_exit_mutex
                0x000000002000096e                __lock___dd_hash_mutex
                0x000000002000096f                __lock___tz_mutex
                0x0000000020000970                __lock___sfp_recursive_mutex
                0x0000000020000974                . = ALIGN (0x4)
 *fill*         0x0000000020000971        0x3 
                0x0000000020000974                _ebss = .
                0x0000000020000974                __bss_end__ = _ebss

._user_heap_stack
                0x0000000020000974      0x604
                0x0000000020000978                . = ALIGN (0x8)
 *fill*         0x0000000020000974        0x4 
                0x0000000020000978                PROVIDE (end = .)
                [!provide]                        PROVIDE (_end = .)
                0x0000000020000b78                . = (. + _Min_Heap_Size)
 *fill*         0x0000000020000978      0x200 
                0x0000000020000f78                . = (. + _Min_Stack_Size)
 *fill*         0x0000000020000b78      0x400 
                0x0000000020000f78                . = ALIGN (0x8)

/DISCARD/
 libc.a(*)
 libm.a(*)
 libgcc.a(*)

.ARM.attributes
                0x0000000000000000       0x30
 *(.ARM.attributes)
 .ARM.attributes
                0x0000000000000000       0x1e e:/stm32cubeide_1.3.0/stm32cubeide/plugins/com.st.stm32cube.ide.mcu.externaltools.gnu-tools-for-stm32.9-2020-q2-update.win32_2.0.0.202105311346/tools/bin/../lib/gcc/arm-none-eabi/9.3.1/thumb/v7e-m+fp/hard/crti.o
 .ARM.attributes
                0x000000000000001e       0x34 e:/stm32cubeide_1.3.0/stm32cubeide/plugins/com.st.stm32cube.ide.mcu.externaltools.gnu-tools-for-stm32.9-2020-q2-update.win32_2.0.0.202105311346/tools/bin/../lib/gcc/arm-none-eabi/9.3.1/thumb/v7e-m+fp/hard/crtbegin.o
 .ARM.attributes
                0x0000000000000052       0x34 ./3rdParty/FreeRTOS/tasks.o
 .ARM.attributes
                0x0000000000000086       0x34 ./3rdParty/FreeRTOS/portable/GCC/ARM_CM4F/port.o
 .ARM.attributes
                0x00000000000000ba       0x34 ./Core/Src/main.o
 .ARM.attributes
                0x00000000000000ee       0x34 ./Core/Src/stm32f4xx_hal_msp.o
 .ARM.attributes
                0x0000000000000122       0x34 ./Core/Src/stm32f4xx_hal_timebase_tim.o
 .ARM.attributes
                0x0000000000000156       0x34 ./Core/Src/stm32f4xx_it.o
 .ARM.attributes
                0x000000000000018a       0x34 ./Core/Src/system_stm32f4xx.o
 .ARM.attributes
                0x00000000000001be       0x21 ./Core/Startup/startup_stm32f407vgtx.o
 .ARM.attributes
                0x00000000000001df       0x34 ./Drivers/STM32F4xx_HAL_Driver/Src/stm32f4xx_hal.o
 .ARM.attributes
                0x0000000000000213       0x34 ./Drivers/STM32F4xx_HAL_Driver/Src/stm32f4xx_hal_cortex.o
 .ARM.attributes
                0x0000000000000247       0x34 ./Drivers/STM32F4xx_HAL_Driver/Src/stm32f4xx_hal_gpio.o
 .ARM.attributes
                0x000000000000027b       0x34 ./Drivers/STM32F4xx_HAL_Driver/Src/stm32f4xx_hal_hcd.o
 .ARM.attributes
                0x00000000000002af       0x34 ./Drivers/STM32F4xx_HAL_Driver/Src/stm32f4xx_hal_i2c.o
 .ARM.attributes
                0x00000000000002e3       0x34 ./Drivers/STM32F4xx_HAL_Driver/Src/stm32f4xx_hal_i2s.o
 .ARM.attributes
                0x0000000000000317       0x34 ./Drivers/STM32F4xx_HAL_Driver/Src/stm32f4xx_hal_i2s_ex.o
 .ARM.attributes
                0x000000000000034b       0x34 ./Drivers/STM32F4xx_HAL_Driver/Src/stm32f4xx_hal_rcc.o
 .ARM.attributes
                0x000000000000037f       0x34 ./Drivers/STM32F4xx_HAL_Driver/Src/stm32f4xx_hal_rcc_ex.o
 .ARM.attributes
                0x00000000000003b3       0x34 ./Drivers/STM32F4xx_HAL_Driver/Src/stm32f4xx_hal_spi.o
 .ARM.attributes
                0x00000000000003e7       0x34 ./Drivers/STM32F4xx_HAL_Driver/Src/stm32f4xx_hal_tim.o
 .ARM.attributes
                0x000000000000041b       0x34 ./Drivers/STM32F4xx_HAL_Driver/Src/stm32f4xx_hal_tim_ex.o
 .ARM.attributes
                0x000000000000044f       0x34 ./Drivers/STM32F4xx_HAL_Driver/Src/stm32f4xx_ll_usb.o
 .ARM.attributes
                0x0000000000000483       0x34 ./Middlewares/ST/STM32_USB_Host_Library/Class/CDC/Src/usbh_cdc.o
 .ARM.attributes
                0x00000000000004b7       0x34 ./Middlewares/ST/STM32_USB_Host_Library/Core/Src/usbh_core.o
 .ARM.attributes
                0x00000000000004eb       0x34 ./Middlewares/ST/STM32_USB_Host_Library/Core/Src/usbh_ctlreq.o
 .ARM.attributes
                0x000000000000051f       0x34 ./Middlewares/ST/STM32_USB_Host_Library/Core/Src/usbh_ioreq.o
 .ARM.attributes
                0x0000000000000553       0x34 ./Middlewares/ST/STM32_USB_Host_Library/Core/Src/usbh_pipes.o
 .ARM.attributes
                0x0000000000000587       0x34 ./USB_HOST/App/usb_host.o
 .ARM.attributes
                0x00000000000005bb       0x34 ./USB_HOST/Target/usbh_conf.o
 .ARM.attributes
                0x00000000000005ef       0x34 ./USB_HOST/Target/usbh_platform.o
 .ARM.attributes
                0x0000000000000623       0x32 e:/stm32cubeide_1.3.0/stm32cubeide/plugins/com.st.stm32cube.ide.mcu.externaltools.gnu-tools-for-stm32.9-2020-q2-update.win32_2.0.0.202105311346/tools/bin/../lib/gcc/arm-none-eabi/9.3.1/../../../../arm-none-eabi/lib/thumb/v7e-m+fp/hard\libc_nano.a(lib_a-impure.o)
 .ARM.attributes
                0x0000000000000655       0x34 e:/stm32cubeide_1.3.0/stm32cubeide/plugins/com.st.stm32cube.ide.mcu.externaltools.gnu-tools-for-stm32.9-2020-q2-update.win32_2.0.0.202105311346/tools/bin/../lib/gcc/arm-none-eabi/9.3.1/../../../../arm-none-eabi/lib/thumb/v7e-m+fp/hard\libc_nano.a(lib_a-init.o)
 .ARM.attributes
                0x0000000000000689       0x34 e:/stm32cubeide_1.3.0/stm32cubeide/plugins/com.st.stm32cube.ide.mcu.externaltools.gnu-tools-for-stm32.9-2020-q2-update.win32_2.0.0.202105311346/tools/bin/../lib/gcc/arm-none-eabi/9.3.1/../../../../arm-none-eabi/lib/thumb/v7e-m+fp/hard\libc_nano.a(lib_a-malloc.o)
 .ARM.attributes
                0x00000000000006bd       0x34 e:/stm32cubeide_1.3.0/stm32cubeide/plugins/com.st.stm32cube.ide.mcu.externaltools.gnu-tools-for-stm32.9-2020-q2-update.win32_2.0.0.202105311346/tools/bin/../lib/gcc/arm-none-eabi/9.3.1/../../../../arm-none-eabi/lib/thumb/v7e-m+fp/hard\libc_nano.a(lib_a-memset.o)
 .ARM.attributes
                0x00000000000006f1       0x34 e:/stm32cubeide_1.3.0/stm32cubeide/plugins/com.st.stm32cube.ide.mcu.externaltools.gnu-tools-for-stm32.9-2020-q2-update.win32_2.0.0.202105311346/tools/bin/../lib/gcc/arm-none-eabi/9.3.1/../../../../arm-none-eabi/lib/thumb/v7e-m+fp/hard\libc_nano.a(lib_a-nano-freer.o)
 .ARM.attributes
                0x0000000000000725       0x34 e:/stm32cubeide_1.3.0/stm32cubeide/plugins/com.st.stm32cube.ide.mcu.externaltools.gnu-tools-for-stm32.9-2020-q2-update.win32_2.0.0.202105311346/tools/bin/../lib/gcc/arm-none-eabi/9.3.1/../../../../arm-none-eabi/lib/thumb/v7e-m+fp/hard\libc_nano.a(lib_a-nano-mallocr.o)
 .ARM.attributes
                0x0000000000000759       0x34 e:/stm32cubeide_1.3.0/stm32cubeide/plugins/com.st.stm32cube.ide.mcu.externaltools.gnu-tools-for-stm32.9-2020-q2-update.win32_2.0.0.202105311346/tools/bin/../lib/gcc/arm-none-eabi/9.3.1/../../../../arm-none-eabi/lib/thumb/v7e-m+fp/hard\libc_nano.a(lib_a-sbrkr.o)
 .ARM.attributes
                0x000000000000078d       0x34 e:/stm32cubeide_1.3.0/stm32cubeide/plugins/com.st.stm32cube.ide.mcu.externaltools.gnu-tools-for-stm32.9-2020-q2-update.win32_2.0.0.202105311346/tools/bin/../lib/gcc/arm-none-eabi/9.3.1/../../../../arm-none-eabi/lib/thumb/v7e-m+fp/hard\libc_nano.a(lib_a-mlock.o)
 .ARM.attributes
                0x00000000000007c1       0x34 e:/stm32cubeide_1.3.0/stm32cubeide/plugins/com.st.stm32cube.ide.mcu.externaltools.gnu-tools-for-stm32.9-2020-q2-update.win32_2.0.0.202105311346/tools/bin/../lib/gcc/arm-none-eabi/9.3.1/../../../../arm-none-eabi/lib/thumb/v7e-m+fp/hard\libc_nano.a(lib_a-reent.o)
 .ARM.attributes
                0x00000000000007f5       0x34 e:/stm32cubeide_1.3.0/stm32cubeide/plugins/com.st.stm32cube.ide.mcu.externaltools.gnu-tools-for-stm32.9-2020-q2-update.win32_2.0.0.202105311346/tools/bin/../lib/gcc/arm-none-eabi/9.3.1/../../../../arm-none-eabi/lib/thumb/v7e-m+fp/hard\libc_nano.a(lib_a-lock.o)
 .ARM.attributes
                0x0000000000000829       0x1e e:/stm32cubeide_1.3.0/stm32cubeide/plugins/com.st.stm32cube.ide.mcu.externaltools.gnu-tools-for-stm32.9-2020-q2-update.win32_2.0.0.202105311346/tools/bin/../lib/gcc/arm-none-eabi/9.3.1/thumb/v7e-m+fp/hard\libgcc.a(_aeabi_uldivmod.o)
 .ARM.attributes
                0x0000000000000847       0x34 e:/stm32cubeide_1.3.0/stm32cubeide/plugins/com.st.stm32cube.ide.mcu.externaltools.gnu-tools-for-stm32.9-2020-q2-update.win32_2.0.0.202105311346/tools/bin/../lib/gcc/arm-none-eabi/9.3.1/thumb/v7e-m+fp/hard\libgcc.a(_udivmoddi4.o)
 .ARM.attributes
                0x000000000000087b       0x1e e:/stm32cubeide_1.3.0/stm32cubeide/plugins/com.st.stm32cube.ide.mcu.externaltools.gnu-tools-for-stm32.9-2020-q2-update.win32_2.0.0.202105311346/tools/bin/../lib/gcc/arm-none-eabi/9.3.1/thumb/v7e-m+fp/hard\libgcc.a(_dvmd_tls.o)
 .ARM.attributes
                0x0000000000000899       0x34 e:/stm32cubeide_1.3.0/stm32cubeide/plugins/com.st.stm32cube.ide.mcu.externaltools.gnu-tools-for-stm32.9-2020-q2-update.win32_2.0.0.202105311346/tools/bin/../lib/gcc/arm-none-eabi/9.3.1/../../../../arm-none-eabi/lib/thumb/v7e-m+fp/hard\libnosys.a(sbrk.o)
 .ARM.attributes
                0x00000000000008cd       0x1e e:/stm32cubeide_1.3.0/stm32cubeide/plugins/com.st.stm32cube.ide.mcu.externaltools.gnu-tools-for-stm32.9-2020-q2-update.win32_2.0.0.202105311346/tools/bin/../lib/gcc/arm-none-eabi/9.3.1/thumb/v7e-m+fp/hard/crtn.o
OUTPUT(FreeRTOS.elf elf32-littlearm)
LOAD linker stubs
LOAD e:/stm32cubeide_1.3.0/stm32cubeide/plugins/com.st.stm32cube.ide.mcu.externaltools.gnu-tools-for-stm32.9-2020-q2-update.win32_2.0.0.202105311346/tools/bin/../lib/gcc/arm-none-eabi/9.3.1/../../../../arm-none-eabi/lib/thumb/v7e-m+fp/hard\libc.a
LOAD e:/stm32cubeide_1.3.0/stm32cubeide/plugins/com.st.stm32cube.ide.mcu.externaltools.gnu-tools-for-stm32.9-2020-q2-update.win32_2.0.0.202105311346/tools/bin/../lib/gcc/arm-none-eabi/9.3.1/../../../../arm-none-eabi/lib/thumb/v7e-m+fp/hard\libm.a
LOAD e:/stm32cubeide_1.3.0/stm32cubeide/plugins/com.st.stm32cube.ide.mcu.externaltools.gnu-tools-for-stm32.9-2020-q2-update.win32_2.0.0.202105311346/tools/bin/../lib/gcc/arm-none-eabi/9.3.1/thumb/v7e-m+fp/hard\libgcc.a

.debug_info     0x0000000000000000    0x21ea1
 .debug_info    0x0000000000000000     0x2d50 ./3rdParty/FreeRTOS/tasks.o
 .debug_info    0x0000000000002d50      0x4f1 ./3rdParty/FreeRTOS/portable/GCC/ARM_CM4F/port.o
 .debug_info    0x0000000000003241     0x14e3 ./Core/Src/main.o
 .debug_info    0x0000000000004724     0x10b0 ./Core/Src/stm32f4xx_hal_msp.o
 .debug_info    0x00000000000057d4      0xc6c ./Core/Src/stm32f4xx_hal_timebase_tim.o
 .debug_info    0x0000000000006440      0xca9 ./Core/Src/stm32f4xx_it.o
 .debug_info    0x00000000000070e9      0x5a4 ./Core/Src/system_stm32f4xx.o
 .debug_info    0x000000000000768d       0x22 ./Core/Startup/startup_stm32f407vgtx.o
 .debug_info    0x00000000000076af      0x9b2 ./Drivers/STM32F4xx_HAL_Driver/Src/stm32f4xx_hal.o
 .debug_info    0x0000000000008061      0xed7 ./Drivers/STM32F4xx_HAL_Driver/Src/stm32f4xx_hal_cortex.o
 .debug_info    0x0000000000008f38      0x83e ./Drivers/STM32F4xx_HAL_Driver/Src/stm32f4xx_hal_gpio.o
 .debug_info    0x0000000000009776      0xf67 ./Drivers/STM32F4xx_HAL_Driver/Src/stm32f4xx_hal_hcd.o
 .debug_info    0x000000000000a6dd     0x264d ./Drivers/STM32F4xx_HAL_Driver/Src/stm32f4xx_hal_i2c.o
 .debug_info    0x000000000000cd2a      0xf30 ./Drivers/STM32F4xx_HAL_Driver/Src/stm32f4xx_hal_i2s.o
 .debug_info    0x000000000000dc5a      0xc22 ./Drivers/STM32F4xx_HAL_Driver/Src/stm32f4xx_hal_i2s_ex.o
 .debug_info    0x000000000000e87c      0x996 ./Drivers/STM32F4xx_HAL_Driver/Src/stm32f4xx_hal_rcc.o
 .debug_info    0x000000000000f212      0x603 ./Drivers/STM32F4xx_HAL_Driver/Src/stm32f4xx_hal_rcc_ex.o
 .debug_info    0x000000000000f815     0x17c0 ./Drivers/STM32F4xx_HAL_Driver/Src/stm32f4xx_hal_spi.o
 .debug_info    0x0000000000010fd5     0x2c22 ./Drivers/STM32F4xx_HAL_Driver/Src/stm32f4xx_hal_tim.o
 .debug_info    0x0000000000013bf7     0x15a2 ./Drivers/STM32F4xx_HAL_Driver/Src/stm32f4xx_hal_tim_ex.o
 .debug_info    0x0000000000015199     0x1ab4 ./Drivers/STM32F4xx_HAL_Driver/Src/stm32f4xx_ll_usb.o
 .debug_info    0x0000000000016c4d     0x1c86 ./Middlewares/ST/STM32_USB_Host_Library/Class/CDC/Src/usbh_cdc.o
 .debug_info    0x00000000000188d3     0x1815 ./Middlewares/ST/STM32_USB_Host_Library/Core/Src/usbh_core.o
 .debug_info    0x000000000001a0e8     0x18e6 ./Middlewares/ST/STM32_USB_Host_Library/Core/Src/usbh_ctlreq.o
 .debug_info    0x000000000001b9ce     0x162f ./Middlewares/ST/STM32_USB_Host_Library/Core/Src/usbh_ioreq.o
 .debug_info    0x000000000001cffd     0x1457 ./Middlewares/ST/STM32_USB_Host_Library/Core/Src/usbh_pipes.o
 .debug_info    0x000000000001e454     0x13a0 ./USB_HOST/App/usb_host.o
 .debug_info    0x000000000001f7f4     0x2412 ./USB_HOST/Target/usbh_conf.o
 .debug_info    0x0000000000021c06      0x29b ./USB_HOST/Target/usbh_platform.o

.debug_abbrev   0x0000000000000000     0x4541
 .debug_abbrev  0x0000000000000000      0x3ad ./3rdParty/FreeRTOS/tasks.o
 .debug_abbrev  0x00000000000003ad      0x231 ./3rdParty/FreeRTOS/portable/GCC/ARM_CM4F/port.o
 .debug_abbrev  0x00000000000005de      0x271 ./Core/Src/main.o
 .debug_abbrev  0x000000000000084f      0x1ea ./Core/Src/stm32f4xx_hal_msp.o
 .debug_abbrev  0x0000000000000a39      0x1bf ./Core/Src/stm32f4xx_hal_timebase_tim.o
 .debug_abbrev  0x0000000000000bf8      0x1c7 ./Core/Src/stm32f4xx_it.o
 .debug_abbrev  0x0000000000000dbf      0x145 ./Core/Src/system_stm32f4xx.o
 .debug_abbrev  0x0000000000000f04       0x12 ./Core/Startup/startup_stm32f407vgtx.o
 .debug_abbrev  0x0000000000000f16      0x1ed ./Drivers/STM32F4xx_HAL_Driver/Src/stm32f4xx_hal.o
 .debug_abbrev  0x0000000000001103      0x33c ./Drivers/STM32F4xx_HAL_Driver/Src/stm32f4xx_hal_cortex.o
 .debug_abbrev  0x000000000000143f      0x1f1 ./Drivers/STM32F4xx_HAL_Driver/Src/stm32f4xx_hal_gpio.o
 .debug_abbrev  0x0000000000001630      0x28d ./Drivers/STM32F4xx_HAL_Driver/Src/stm32f4xx_hal_hcd.o
 .debug_abbrev  0x00000000000018bd      0x282 ./Drivers/STM32F4xx_HAL_Driver/Src/stm32f4xx_hal_i2c.o
 .debug_abbrev  0x0000000000001b3f      0x245 ./Drivers/STM32F4xx_HAL_Driver/Src/stm32f4xx_hal_i2s.o
 .debug_abbrev  0x0000000000001d84      0x276 ./Drivers/STM32F4xx_HAL_Driver/Src/stm32f4xx_hal_i2s_ex.o
 .debug_abbrev  0x0000000000001ffa      0x275 ./Drivers/STM32F4xx_HAL_Driver/Src/stm32f4xx_hal_rcc.o
 .debug_abbrev  0x000000000000226f      0x18f ./Drivers/STM32F4xx_HAL_Driver/Src/stm32f4xx_hal_rcc_ex.o
 .debug_abbrev  0x00000000000023fe      0x26e ./Drivers/STM32F4xx_HAL_Driver/Src/stm32f4xx_hal_spi.o
 .debug_abbrev  0x000000000000266c      0x25e ./Drivers/STM32F4xx_HAL_Driver/Src/stm32f4xx_hal_tim.o
 .debug_abbrev  0x00000000000028ca      0x266 ./Drivers/STM32F4xx_HAL_Driver/Src/stm32f4xx_hal_tim_ex.o
 .debug_abbrev  0x0000000000002b30      0x2a7 ./Drivers/STM32F4xx_HAL_Driver/Src/stm32f4xx_ll_usb.o
 .debug_abbrev  0x0000000000002dd7      0x352 ./Middlewares/ST/STM32_USB_Host_Library/Class/CDC/Src/usbh_cdc.o
 .debug_abbrev  0x0000000000003129      0x3b4 ./Middlewares/ST/STM32_USB_Host_Library/Core/Src/usbh_core.o
 .debug_abbrev  0x00000000000034dd      0x367 ./Middlewares/ST/STM32_USB_Host_Library/Core/Src/usbh_ctlreq.o
 .debug_abbrev  0x0000000000003844      0x2b5 ./Middlewares/ST/STM32_USB_Host_Library/Core/Src/usbh_ioreq.o
 .debug_abbrev  0x0000000000003af9      0x2f3 ./Middlewares/ST/STM32_USB_Host_Library/Core/Src/usbh_pipes.o
 .debug_abbrev  0x0000000000003dec      0x2a4 ./USB_HOST/App/usb_host.o
 .debug_abbrev  0x0000000000004090      0x397 ./USB_HOST/Target/usbh_conf.o
 .debug_abbrev  0x0000000000004427      0x11a ./USB_HOST/Target/usbh_platform.o

.debug_aranges  0x0000000000000000     0x18c0
 .debug_aranges
                0x0000000000000000      0x1f8 ./3rdParty/FreeRTOS/tasks.o
 .debug_aranges
                0x00000000000001f8       0x80 ./3rdParty/FreeRTOS/portable/GCC/ARM_CM4F/port.o
 .debug_aranges
                0x0000000000000278       0x58 ./Core/Src/main.o
 .debug_aranges
                0x00000000000002d0       0x50 ./Core/Src/stm32f4xx_hal_msp.o
 .debug_aranges
                0x0000000000000320       0x30 ./Core/Src/stm32f4xx_hal_timebase_tim.o
 .debug_aranges
                0x0000000000000350       0x58 ./Core/Src/stm32f4xx_it.o
 .debug_aranges
                0x00000000000003a8       0x28 ./Core/Src/system_stm32f4xx.o
 .debug_aranges
                0x00000000000003d0       0x28 ./Core/Startup/startup_stm32f407vgtx.o
 .debug_aranges
                0x00000000000003f8       0xf0 ./Drivers/STM32F4xx_HAL_Driver/Src/stm32f4xx_hal.o
 .debug_aranges
                0x00000000000004e8      0x118 ./Drivers/STM32F4xx_HAL_Driver/Src/stm32f4xx_hal_cortex.o
 .debug_aranges
                0x0000000000000600       0x58 ./Drivers/STM32F4xx_HAL_Driver/Src/stm32f4xx_hal_gpio.o
 .debug_aranges
                0x0000000000000658       0xf8 ./Drivers/STM32F4xx_HAL_Driver/Src/stm32f4xx_hal_hcd.o
 .debug_aranges
                0x0000000000000750      0x2a0 ./Drivers/STM32F4xx_HAL_Driver/Src/stm32f4xx_hal_i2c.o
 .debug_aranges
                0x00000000000009f0      0x108 ./Drivers/STM32F4xx_HAL_Driver/Src/stm32f4xx_hal_i2s.o
 .debug_aranges
                0x0000000000000af8       0x88 ./Drivers/STM32F4xx_HAL_Driver/Src/stm32f4xx_hal_i2s_ex.o
 .debug_aranges
                0x0000000000000b80       0x88 ./Drivers/STM32F4xx_HAL_Driver/Src/stm32f4xx_hal_rcc.o
 .debug_aranges
                0x0000000000000c08       0x48 ./Drivers/STM32F4xx_HAL_Driver/Src/stm32f4xx_hal_rcc_ex.o
 .debug_aranges
                0x0000000000000c50      0x1d0 ./Drivers/STM32F4xx_HAL_Driver/Src/stm32f4xx_hal_spi.o
 .debug_aranges
                0x0000000000000e20      0x3d0 ./Drivers/STM32F4xx_HAL_Driver/Src/stm32f4xx_hal_tim.o
 .debug_aranges
                0x00000000000011f0      0x168 ./Drivers/STM32F4xx_HAL_Driver/Src/stm32f4xx_hal_tim_ex.o
 .debug_aranges
                0x0000000000001358      0x198 ./Drivers/STM32F4xx_HAL_Driver/Src/stm32f4xx_ll_usb.o
 .debug_aranges
                0x00000000000014f0       0xa8 ./Middlewares/ST/STM32_USB_Host_Library/Class/CDC/Src/usbh_cdc.o
 .debug_aranges
                0x0000000000001598       0xc0 ./Middlewares/ST/STM32_USB_Host_Library/Core/Src/usbh_core.o
 .debug_aranges
                0x0000000000001658       0xa0 ./Middlewares/ST/STM32_USB_Host_Library/Core/Src/usbh_ctlreq.o
 .debug_aranges
                0x00000000000016f8       0x60 ./Middlewares/ST/STM32_USB_Host_Library/Core/Src/usbh_ioreq.o
 .debug_aranges
                0x0000000000001758       0x40 ./Middlewares/ST/STM32_USB_Host_Library/Core/Src/usbh_pipes.o
 .debug_aranges
                0x0000000000001798       0x30 ./USB_HOST/App/usb_host.o
 .debug_aranges
                0x00000000000017c8       0xd8 ./USB_HOST/Target/usbh_conf.o
 .debug_aranges
                0x00000000000018a0       0x20 ./USB_HOST/Target/usbh_platform.o

.debug_ranges   0x0000000000000000     0x1720
 .debug_ranges  0x0000000000000000      0x1e8 ./3rdParty/FreeRTOS/tasks.o
 .debug_ranges  0x00000000000001e8       0x70 ./3rdParty/FreeRTOS/portable/GCC/ARM_CM4F/port.o
 .debug_ranges  0x0000000000000258       0x48 ./Core/Src/main.o
 .debug_ranges  0x00000000000002a0       0x40 ./Core/Src/stm32f4xx_hal_msp.o
 .debug_ranges  0x00000000000002e0       0x20 ./Core/Src/stm32f4xx_hal_timebase_tim.o
 .debug_ranges  0x0000000000000300       0x48 ./Core/Src/stm32f4xx_it.o
 .debug_ranges  0x0000000000000348       0x18 ./Core/Src/system_stm32f4xx.o
 .debug_ranges  0x0000000000000360       0x20 ./Core/Startup/startup_stm32f407vgtx.o
 .debug_ranges  0x0000000000000380       0xe0 ./Drivers/STM32F4xx_HAL_Driver/Src/stm32f4xx_hal.o
 .debug_ranges  0x0000000000000460      0x108 ./Drivers/STM32F4xx_HAL_Driver/Src/stm32f4xx_hal_cortex.o
 .debug_ranges  0x0000000000000568       0x48 ./Drivers/STM32F4xx_HAL_Driver/Src/stm32f4xx_hal_gpio.o
 .debug_ranges  0x00000000000005b0       0xe8 ./Drivers/STM32F4xx_HAL_Driver/Src/stm32f4xx_hal_hcd.o
 .debug_ranges  0x0000000000000698      0x2b8 ./Drivers/STM32F4xx_HAL_Driver/Src/stm32f4xx_hal_i2c.o
 .debug_ranges  0x0000000000000950       0xf8 ./Drivers/STM32F4xx_HAL_Driver/Src/stm32f4xx_hal_i2s.o
 .debug_ranges  0x0000000000000a48       0x78 ./Drivers/STM32F4xx_HAL_Driver/Src/stm32f4xx_hal_i2s_ex.o
 .debug_ranges  0x0000000000000ac0       0x78 ./Drivers/STM32F4xx_HAL_Driver/Src/stm32f4xx_hal_rcc.o
 .debug_ranges  0x0000000000000b38       0x38 ./Drivers/STM32F4xx_HAL_Driver/Src/stm32f4xx_hal_rcc_ex.o
 .debug_ranges  0x0000000000000b70      0x1c0 ./Drivers/STM32F4xx_HAL_Driver/Src/stm32f4xx_hal_spi.o
 .debug_ranges  0x0000000000000d30      0x3c0 ./Drivers/STM32F4xx_HAL_Driver/Src/stm32f4xx_hal_tim.o
 .debug_ranges  0x00000000000010f0      0x158 ./Drivers/STM32F4xx_HAL_Driver/Src/stm32f4xx_hal_tim_ex.o
 .debug_ranges  0x0000000000001248      0x188 ./Drivers/STM32F4xx_HAL_Driver/Src/stm32f4xx_ll_usb.o
 .debug_ranges  0x00000000000013d0       0x98 ./Middlewares/ST/STM32_USB_Host_Library/Class/CDC/Src/usbh_cdc.o
 .debug_ranges  0x0000000000001468       0xb0 ./Middlewares/ST/STM32_USB_Host_Library/Core/Src/usbh_core.o
 .debug_ranges  0x0000000000001518       0x90 ./Middlewares/ST/STM32_USB_Host_Library/Core/Src/usbh_ctlreq.o
 .debug_ranges  0x00000000000015a8       0x50 ./Middlewares/ST/STM32_USB_Host_Library/Core/Src/usbh_ioreq.o
 .debug_ranges  0x00000000000015f8       0x30 ./Middlewares/ST/STM32_USB_Host_Library/Core/Src/usbh_pipes.o
 .debug_ranges  0x0000000000001628       0x20 ./USB_HOST/App/usb_host.o
 .debug_ranges  0x0000000000001648       0xc8 ./USB_HOST/Target/usbh_conf.o
 .debug_ranges  0x0000000000001710       0x10 ./USB_HOST/Target/usbh_platform.o

.debug_macro    0x0000000000000000    0x23b93
 .debug_macro   0x0000000000000000      0x27e ./3rdParty/FreeRTOS/tasks.o
 .debug_macro   0x000000000000027e       0x17 ./3rdParty/FreeRTOS/tasks.o
 .debug_macro   0x0000000000000295      0x19b ./3rdParty/FreeRTOS/portable/GCC/ARM_CM4F/port.o
 .debug_macro   0x0000000000000430      0x233 ./Core/Src/main.o
 .debug_macro   0x0000000000000663      0x2ad ./Core/Src/main.o
 .debug_macro   0x0000000000000910       0x2e ./Core/Src/main.o
 .debug_macro   0x000000000000093e       0x2f ./Core/Src/main.o
 .debug_macro   0x000000000000096d       0x1c ./Core/Src/main.o
 .debug_macro   0x0000000000000989       0x22 ./Core/Src/main.o
 .debug_macro   0x00000000000009ab       0xdf ./Core/Src/main.o
 .debug_macro   0x0000000000000a8a     0x102d ./Core/Src/main.o
 .debug_macro   0x0000000000001ab7      0x11f ./Core/Src/main.o
 .debug_macro   0x0000000000001bd6    0x15e58 ./Core/Src/main.o
 .debug_macro   0x0000000000017a2e       0x6d ./Core/Src/main.o
 .debug_macro   0x0000000000017a9b     0x3666 ./Core/Src/main.o
 .debug_macro   0x000000000001b101       0x5c ./Core/Src/main.o
 .debug_macro   0x000000000001b15d      0x96b ./Core/Src/main.o
 .debug_macro   0x000000000001bac8      0x9fe ./Core/Src/main.o
 .debug_macro   0x000000000001c4c6      0x116 ./Core/Src/main.o
 .debug_macro   0x000000000001c5dc      0x13e ./Core/Src/main.o
 .debug_macro   0x000000000001c71a       0xa5 ./Core/Src/main.o
 .debug_macro   0x000000000001c7bf      0x174 ./Core/Src/main.o
 .debug_macro   0x000000000001c933      0x287 ./Core/Src/main.o
 .debug_macro   0x000000000001cbba       0x5f ./Core/Src/main.o
 .debug_macro   0x000000000001cc19      0x236 ./Core/Src/main.o
 .debug_macro   0x000000000001ce4f      0x12c ./Core/Src/main.o
 .debug_macro   0x000000000001cf7b      0x21e ./Core/Src/main.o
 .debug_macro   0x000000000001d199       0x2e ./Core/Src/main.o
 .debug_macro   0x000000000001d1c7      0x1b5 ./Core/Src/main.o
 .debug_macro   0x000000000001d37c       0xd6 ./Core/Src/main.o
 .debug_macro   0x000000000001d452      0x1a7 ./Core/Src/main.o
 .debug_macro   0x000000000001d5f9       0x46 ./Core/Src/main.o
 .debug_macro   0x000000000001d63f       0x4a ./Core/Src/main.o
 .debug_macro   0x000000000001d689      0x11a ./Core/Src/main.o
 .debug_macro   0x000000000001d7a3       0x7e ./Core/Src/main.o
 .debug_macro   0x000000000001d821       0x89 ./Core/Src/main.o
 .debug_macro   0x000000000001d8aa      0x225 ./Core/Src/main.o
 .debug_macro   0x000000000001dacf      0x8d1 ./Core/Src/main.o
 .debug_macro   0x000000000001e3a0       0x47 ./Core/Src/main.o
 .debug_macro   0x000000000001e3e7      0x21e ./Core/Src/main.o
 .debug_macro   0x000000000001e605       0x7c ./Core/Src/main.o
 .debug_macro   0x000000000001e681      0x12d ./Core/Src/main.o
 .debug_macro   0x000000000001e7ae      0x190 ./Core/Src/main.o
 .debug_macro   0x000000000001e93e      0x229 ./Core/Src/stm32f4xx_hal_msp.o
 .debug_macro   0x000000000001eb67      0x21a ./Core/Src/stm32f4xx_hal_timebase_tim.o
 .debug_macro   0x000000000001ed81      0x233 ./Core/Src/stm32f4xx_it.o
 .debug_macro   0x000000000001efb4      0x21a ./Core/Src/system_stm32f4xx.o
 .debug_macro   0x000000000001f1ce      0x27a ./Drivers/STM32F4xx_HAL_Driver/Src/stm32f4xx_hal.o
 .debug_macro   0x000000000001f448      0x21a ./Drivers/STM32F4xx_HAL_Driver/Src/stm32f4xx_hal_cortex.o
 .debug_macro   0x000000000001f662      0x220 ./Drivers/STM32F4xx_HAL_Driver/Src/stm32f4xx_hal_gpio.o
 .debug_macro   0x000000000001f882      0x21a ./Drivers/STM32F4xx_HAL_Driver/Src/stm32f4xx_hal_hcd.o
 .debug_macro   0x000000000001fa9c      0x261 ./Drivers/STM32F4xx_HAL_Driver/Src/stm32f4xx_hal_i2c.o
 .debug_macro   0x000000000001fcfd      0x222 ./Drivers/STM32F4xx_HAL_Driver/Src/stm32f4xx_hal_i2s.o
 .debug_macro   0x000000000001ff1f      0x21a ./Drivers/STM32F4xx_HAL_Driver/Src/stm32f4xx_hal_i2s_ex.o
 .debug_macro   0x0000000000020139      0x23e ./Drivers/STM32F4xx_HAL_Driver/Src/stm32f4xx_hal_rcc.o
 .debug_macro   0x0000000000020377      0x21a ./Drivers/STM32F4xx_HAL_Driver/Src/stm32f4xx_hal_rcc_ex.o
 .debug_macro   0x0000000000020591      0x229 ./Drivers/STM32F4xx_HAL_Driver/Src/stm32f4xx_hal_spi.o
 .debug_macro   0x00000000000207ba      0x21b ./Drivers/STM32F4xx_HAL_Driver/Src/stm32f4xx_hal_tim.o
 .debug_macro   0x00000000000209d5      0x21a ./Drivers/STM32F4xx_HAL_Driver/Src/stm32f4xx_hal_tim_ex.o
 .debug_macro   0x0000000000020bef      0x21a ./Drivers/STM32F4xx_HAL_Driver/Src/stm32f4xx_ll_usb.o
 .debug_macro   0x0000000000020e09      0x448 ./Middlewares/ST/STM32_USB_Host_Library/Class/CDC/Src/usbh_cdc.o
 .debug_macro   0x0000000000021251       0x16 ./Middlewares/ST/STM32_USB_Host_Library/Class/CDC/Src/usbh_cdc.o
 .debug_macro   0x0000000000021267       0x97 ./Middlewares/ST/STM32_USB_Host_Library/Class/CDC/Src/usbh_cdc.o
 .debug_macro   0x00000000000212fe       0xfd ./Middlewares/ST/STM32_USB_Host_Library/Class/CDC/Src/usbh_cdc.o