Archive member included to satisfy reference by file (symbol)

e:/stm32cubeide_1.3.0/stm32cubeide/plugins/com.st.stm32cube.ide.mcu.externaltools.gnu-tools-for-stm32.9-2020-q2-update.win32_2.0.0.202105311346/tools/bin/../lib/gcc/arm-none-eabi/9.3.1/../../../../arm-none-eabi/lib/thumb/v7e-m+fp/hard\libc_nano.a(lib_a-errno.o)
                              ./Core/Src/syscalls.o (__errno)
e:/stm32cubeide_1.3.0/stm32cubeide/plugins/com.st.stm32cube.ide.mcu.externaltools.gnu-tools-for-stm32.9-2020-q2-update.win32_2.0.0.202105311346/tools/bin/../lib/gcc/arm-none-eabi/9.3.1/../../../../arm-none-eabi/lib/thumb/v7e-m+fp/hard\libc_nano.a(lib_a-exit.o)
                              e:/stm32cubeide_1.3.0/stm32cubeide/plugins/com.st.stm32cube.ide.mcu.externaltools.gnu-tools-for-stm32.9-2020-q2-update.win32_2.0.0.202105311346/tools/bin/../lib/gcc/arm-none-eabi/9.3.1/../../../../arm-none-eabi/lib/thumb/v7e-m+fp/hard/crt0.o (exit)
e:/stm32cubeide_1.3.0/stm32cubeide/plugins/com.st.stm32cube.ide.mcu.externaltools.gnu-tools-for-stm32.9-2020-q2-update.win32_2.0.0.202105311346/tools/bin/../lib/gcc/arm-none-eabi/9.3.1/../../../../arm-none-eabi/lib/thumb/v7e-m+fp/hard\libc_nano.a(lib_a-impure.o)
                              e:/stm32cubeide_1.3.0/stm32cubeide/plugins/com.st.stm32cube.ide.mcu.externaltools.gnu-tools-for-stm32.9-2020-q2-update.win32_2.0.0.202105311346/tools/bin/../lib/gcc/arm-none-eabi/9.3.1/../../../../arm-none-eabi/lib/thumb/v7e-m+fp/hard\libc_nano.a(lib_a-exit.o) (_global_impure_ptr)
e:/stm32cubeide_1.3.0/stm32cubeide/plugins/com.st.stm32cube.ide.mcu.externaltools.gnu-tools-for-stm32.9-2020-q2-update.win32_2.0.0.202105311346/tools/bin/../lib/gcc/arm-none-eabi/9.3.1/../../../../arm-none-eabi/lib/thumb/v7e-m+fp/hard\libc_nano.a(lib_a-init.o)
                              e:/stm32cubeide_1.3.0/stm32cubeide/plugins/com.st.stm32cube.ide.mcu.externaltools.gnu-tools-for-stm32.9-2020-q2-update.win32_2.0.0.202105311346/tools/bin/../lib/gcc/arm-none-eabi/9.3.1/../../../../arm-none-eabi/lib/thumb/v7e-m+fp/hard/crt0.o (__libc_init_array)
e:/stm32cubeide_1.3.0/stm32cubeide/plugins/com.st.stm32cube.ide.mcu.externaltools.gnu-tools-for-stm32.9-2020-q2-update.win32_2.0.0.202105311346/tools/bin/../lib/gcc/arm-none-eabi/9.3.1/../../../../arm-none-eabi/lib/thumb/v7e-m+fp/hard\libc_nano.a(lib_a-malloc.o)
                              ./Middlewares/ST/STM32_USB_Host_Library/Class/CDC/Src/usbh_cdc.o (malloc)
e:/stm32cubeide_1.3.0/stm32cubeide/plugins/com.st.stm32cube.ide.mcu.externaltools.gnu-tools-for-stm32.9-2020-q2-update.win32_2.0.0.202105311346/tools/bin/../lib/gcc/arm-none-eabi/9.3.1/../../../../arm-none-eabi/lib/thumb/v7e-m+fp/hard\libc_nano.a(lib_a-memset.o)
                              e:/stm32cubeide_1.3.0/stm32cubeide/plugins/com.st.stm32cube.ide.mcu.externaltools.gnu-tools-for-stm32.9-2020-q2-update.win32_2.0.0.202105311346/tools/bin/../lib/gcc/arm-none-eabi/9.3.1/../../../../arm-none-eabi/lib/thumb/v7e-m+fp/hard/crt0.o (memset)
e:/stm32cubeide_1.3.0/stm32cubeide/plugins/com.st.stm32cube.ide.mcu.externaltools.gnu-tools-for-stm32.9-2020-q2-update.win32_2.0.0.202105311346/tools/bin/../lib/gcc/arm-none-eabi/9.3.1/../../../../arm-none-eabi/lib/thumb/v7e-m+fp/hard\libc_nano.a(lib_a-nano-freer.o)
                              e:/stm32cubeide_1.3.0/stm32cubeide/plugins/com.st.stm32cube.ide.mcu.externaltools.gnu-tools-for-stm32.9-2020-q2-update.win32_2.0.0.202105311346/tools/bin/../lib/gcc/arm-none-eabi/9.3.1/../../../../arm-none-eabi/lib/thumb/v7e-m+fp/hard\libc_nano.a(lib_a-malloc.o) (_free_r)
e:/stm32cubeide_1.3.0/stm32cubeide/plugins/com.st.stm32cube.ide.mcu.externaltools.gnu-tools-for-stm32.9-2020-q2-update.win32_2.0.0.202105311346/tools/bin/../lib/gcc/arm-none-eabi/9.3.1/../../../../arm-none-eabi/lib/thumb/v7e-m+fp/hard\libc_nano.a(lib_a-nano-mallocr.o)
                              e:/stm32cubeide_1.3.0/stm32cubeide/plugins/com.st.stm32cube.ide.mcu.externaltools.gnu-tools-for-stm32.9-2020-q2-update.win32_2.0.0.202105311346/tools/bin/../lib/gcc/arm-none-eabi/9.3.1/../../../../arm-none-eabi/lib/thumb/v7e-m+fp/hard\libc_nano.a(lib_a-malloc.o) (_malloc_r)
e:/stm32cubeide_1.3.0/stm32cubeide/plugins/com.st.stm32cube.ide.mcu.externaltools.gnu-tools-for-stm32.9-2020-q2-update.win32_2.0.0.202105311346/tools/bin/../lib/gcc/arm-none-eabi/9.3.1/../../../../arm-none-eabi/lib/thumb/v7e-m+fp/hard\libc_nano.a(lib_a-sbrkr.o)
                              e:/stm32cubeide_1.3.0/stm32cubeide/plugins/com.st.stm32cube.ide.mcu.externaltools.gnu-tools-for-stm32.9-2020-q2-update.win32_2.0.0.202105311346/tools/bin/../lib/gcc/arm-none-eabi/9.3.1/../../../../arm-none-eabi/lib/thumb/v7e-m+fp/hard\libc_nano.a(lib_a-nano-mallocr.o) (_sbrk_r)
e:/stm32cubeide_1.3.0/stm32cubeide/plugins/com.st.stm32cube.ide.mcu.externaltools.gnu-tools-for-stm32.9-2020-q2-update.win32_2.0.0.202105311346/tools/bin/../lib/gcc/arm-none-eabi/9.3.1/../../../../arm-none-eabi/lib/thumb/v7e-m+fp/hard\libc_nano.a(lib_a-mlock.o)
[...]
Memory Configuration

Name             Origin             Length             Attributes
CCMRAM           0x0000000010000000 0x0000000000010000 xrw
RAM              0x0000000020000000 0x0000000000020000 xrw
FLASH            0x0000000008000000 0x0000000000100000 xr
*default*        0x0000000000000000 0xffffffffffffffff

Linker script and memory map

LOAD e:/stm32cubeide_1.3.0/stm32cubeide/plugins/com.st.stm32cube.ide.mcu.externaltools.gnu-tools-for-stm32.9-2020-q2-update.win32_2.0.0.202105311346/tools/bin/../lib/gcc/arm-none-eabi/9.3.1/thumb/v7e-m+fp/hard/crti.o
LOAD e:/stm32cubeide_1.3.0/stm32cubeide/plugins/com.st.stm32cube.ide.mcu.externaltools.gnu-tools-for-stm32.9-2020-q2-update.win32_2.0.0.202105311346/tools/bin/../lib/gcc/arm-none-eabi/9.3.1/thumb/v7e-m+fp/hard/crtbegin.o
LOAD e:/stm32cubeide_1.3.0/stm32cubeide/plugins/com.st.stm32cube.ide.mcu.externaltools.gnu-tools-for-stm32.9-2020-q2-update.win32_2.0.0.202105311346/tools/bin/../lib/gcc/arm-none-eabi/9.3.1/../../../../arm-none-eabi/lib/thumb/v7e-m+fp/hard/crt0.o
LOAD ./Core/Src/main.o
LOAD ./Core/Src/stm32f4xx_hal_msp.o
LOAD ./Core/Src/stm32f4xx_it.o
LOAD ./Core/Src/syscalls.o
LOAD ./Core/Src/sysmem.o
LOAD ./Core/Src/system_stm32f4xx.o
LOAD ./Core/Startup/startup_stm32f407vgtx.o
LOAD ./Drivers/STM32F4xx_HAL_Driver/Src/stm32f4xx_hal.o
LOAD ./Drivers/STM32F4xx_HAL_Driver/Src/stm32f4xx_hal_cortex.o
LOAD ./Drivers/STM32F4xx_HAL_Driver/Src/stm32f4xx_hal_dma.o
LOAD ./Drivers/STM32F4xx_HAL_Driver/Src/stm32f4xx_hal_dma_ex.o
LOAD ./Drivers/STM32F4xx_HAL_Driver/Src/stm32f4xx_hal_exti.o
LOAD ./Drivers/STM32F4xx_HAL_Driver/Src/stm32f4xx_hal_flash.o
LOAD ./Drivers/STM32F4xx_HAL_Driver/Src/stm32f4xx_hal_flash_ex.o
LOAD ./Drivers/STM32F4xx_HAL_Driver/Src/stm32f4xx_hal_flash_ramfunc.o
LOAD ./Drivers/STM32F4xx_HAL_Driver/Src/stm32f4xx_hal_gpio.o
LOAD ./Drivers/STM32F4xx_HAL_Driver/Src/stm32f4xx_hal_hcd.o
LOAD ./Drivers/STM32F4xx_HAL_Driver/Src/stm32f4xx_hal_i2c.o
LOAD ./Drivers/STM32F4xx_HAL_Driver/Src/stm32f4xx_hal_i2c_ex.o
LOAD ./Drivers/STM32F4xx_HAL_Driver/Src/stm32f4xx_hal_i2s.o
LOAD ./Drivers/STM32F4xx_HAL_Driver/Src/stm32f4xx_hal_i2s_ex.o
LOAD ./Drivers/STM32F4xx_HAL_Driver/Src/stm32f4xx_hal_pwr.o
LOAD ./Drivers/STM32F4xx_HAL_Driver/Src/stm32f4xx_hal_pwr_ex.o
LOAD ./Drivers/STM32F4xx_HAL_Driver/Src/stm32f4xx_hal_rcc.o
LOAD ./Drivers/STM32F4xx_HAL_Driver/Src/stm32f4xx_hal_rcc_ex.o
LOAD ./Drivers/STM32F4xx_HAL_Driver/Src/stm32f4xx_hal_spi.o
LOAD ./Drivers/STM32F4xx_HAL_Driver/Src/stm32f4xx_hal_tim.o
LOAD ./Drivers/STM32F4xx_HAL_Driver/Src/stm32f4xx_hal_tim_ex.o
LOAD ./Drivers/STM32F4xx_HAL_Driver/Src/stm32f4xx_hal_uart.o
LOAD ./Drivers/STM32F4xx_HAL_Driver/Src/stm32f4xx_ll_usb.o
LOAD ./Middlewares/ST/STM32_USB_Host_Library/Class/CDC/Src/usbh_cdc.o
LOAD ./Middlewares/ST/STM32_USB_Host_Library/Core/Src/usbh_core.o
LOAD ./Middlewares/ST/STM32_USB_Host_Library/Core/Src/usbh_ctlreq.o
LOAD ./Middlewares/ST/STM32_USB_Host_Library/Core/Src/usbh_ioreq.o
LOAD ./Middlewares/ST/STM32_USB_Host_Library/Core/Src/usbh_pipes.o
LOAD ./USB_HOST/App/usb_host.o
LOAD ./USB_HOST/Target/usbh_conf.o
LOAD ./USB_HOST/Target/usbh_platform.o
START GROUP
LOAD e:/stm32cubeide_1.3.0/stm32cubeide/plugins/com.st.stm32cube.ide.mcu.externaltools.gnu-tools-for-stm32.9-2020-q2-update.win32_2.0.0.202105311346/tools/bin/../lib/gcc/arm-none-eabi/9.3.1/../../../../arm-none-eabi/lib/thumb/v7e-m+fp/hard\libc_nano.a
LOAD e:/stm32cubeide_1.3.0/stm32cubeide/plugins/com.st.stm32cube.ide.mcu.externaltools.gnu-tools-for-stm32.9-2020-q2-update.win32_2.0.0.202105311346/tools/bin/../lib/gcc/arm-none-eabi/9.3.1/../../../../arm-none-eabi/lib/thumb/v7e-m+fp/hard\libm.a
END GROUP
START GROUP
LOAD e:/stm32cubeide_1.3.0/stm32cubeide/plugins/com.st.stm32cube.ide.mcu.externaltools.gnu-tools-for-stm32.9-2020-q2-update.win32_2.0.0.202105311346/tools/bin/../lib/gcc/arm-none-eabi/9.3.1/thumb/v7e-m+fp/hard\libgcc.a
LOAD e:/stm32cubeide_1.3.0/stm32cubeide/plugins/com.st.stm32cube.ide.mcu.externaltools.gnu-tools-for-stm32.9-2020-q2-update.win32_2.0.0.202105311346/tools/bin/../lib/gcc/arm-none-eabi/9.3.1/../../../../arm-none-eabi/lib/thumb/v7e-m+fp/hard\libc_nano.a
END GROUP
START GROUP
LOAD e:/stm32cubeide_1.3.0/stm32cubeide/plugins/com.st.stm32cube.ide.mcu.externaltools.gnu-tools-for-stm32.9-2020-q2-update.win32_2.0.0.202105311346/tools/bin/../lib/gcc/arm-none-eabi/9.3.1/thumb/v7e-m+fp/hard\libgcc.a
LOAD e:/stm32cubeide_1.3.0/stm32cubeide/plugins/com.st.stm32cube.ide.mcu.externaltools.gnu-tools-for-stm32.9-2020-q2-update.win32_2.0.0.202105311346/tools/bin/../lib/gcc/arm-none-eabi/9.3.1/../../../../arm-none-eabi/lib/thumb/v7e-m+fp/hard\libc_nano.a
LOAD e:/stm32cubeide_1.3.0/stm32cubeide/plugins/com.st.stm32cube.ide.mcu.externaltools.gnu-tools-for-stm32.9-2020-q2-update.win32_2.0.0.202105311346/tools/bin/../lib/gcc/arm-none-eabi/9.3.1/../../../../arm-none-eabi/lib/thumb/v7e-m+fp/hard\libnosys.a
END GROUP
START GROUP
LOAD e:/stm32cubeide_1.3.0/stm32cubeide/plugins/com.st.stm32cube.ide.mcu.externaltools.gnu-tools-for-stm32.9-2020-q2-update.win32_2.0.0.202105311346/tools/bin/../lib/gcc/arm-none-eabi/9.3.1/thumb/v7e-m+fp/hard\libgcc.a
LOAD e:/stm32cubeide_1.3.0/stm32cubeide/plugins/com.st.stm32cube.ide.mcu.externaltools.gnu-tools-for-stm32.9-2020-q2-update.win32_2.0.0.202105311346/tools/bin/../lib/gcc/arm-none-eabi/9.3.1/../../../../arm-none-eabi/lib/thumb/v7e-m+fp/hard\libc_nano.a
LOAD e:/stm32cubeide_1.3.0/stm32cubeide/plugins/com.st.stm32cube.ide.mcu.externaltools.gnu-tools-for-stm32.9-2020-q2-update.win32_2.0.0.202105311346/tools/bin/../lib/gcc/arm-none-eabi/9.3.1/../../../../arm-none-eabi/lib/thumb/v7e-m+fp/hard\libnosys.a
END GROUP
LOAD e:/stm32cubeide_1.3.0/stm32cubeide/plugins/com.st.stm32cube.ide.mcu.externaltools.gnu-tools-for-stm32.9-2020-q2-update.win32_2.0.0.202105311346/tools/bin/../lib/gcc/arm-none-eabi/9.3.1/thumb/v7e-m+fp/hard/crtend.o
LOAD e:/stm32cubeide_1.3.0/stm32cubeide/plugins/com.st.stm32cube.ide.mcu.externaltools.gnu-tools-for-stm32.9-2020-q2-update.win32_2.0.0.202105311346/tools/bin/../lib/gcc/arm-none-eabi/9.3.1/thumb/v7e-m+fp/hard/crtn.o
                0x0000000020020000                _estack = (ORIGIN (RAM) + LENGTH (RAM))
                0x0000000000000200                _Min_Heap_Size = 0x200
                0x0000000000000400                _Min_Stack_Size = 0x400

.isr_vector     0x0000000008000000      0x188
                0x0000000008000000                . = ALIGN (0x4)
 *(.isr_vector)
 .isr_vector    0x0000000008000000      0x188 ./Core/Startup/startup_stm32f407vgtx.o
                0x0000000008000000                g_pfnVectors
                0x0000000008000188                . = ALIGN (0x4)

.text           0x0000000008000188     0x8124
                0x0000000008000188                . = ALIGN (0x4)
 *(.text)
 .text          0x0000000008000188       0x40 e:/stm32cubeide_1.3.0/stm32cubeide/plugins/com.st.stm32cube.ide.mcu.externaltools.gnu-tools-for-stm32.9-2020-q2-update.win32_2.0.0.202105311346/tools/bin/../lib/gcc/arm-none-eabi/9.3.1/thumb/v7e-m+fp/hard/crtbegin.o
 .text          0x00000000080001c8       0x30 e:/stm32cubeide_1.3.0/stm32cubeide/plugins/com.st.stm32cube.ide.mcu.externaltools.gnu-tools-for-stm32.9-2020-q2-update.win32_2.0.0.202105311346/tools/bin/../lib/gcc/arm-none-eabi/9.3.1/thumb/v7e-m+fp/hard\libgcc.a(_aeabi_uldivmod.o)
                0x00000000080001c8                __aeabi_uldivmod
 .text          0x00000000080001f8      0x2c4 e:/stm32cubeide_1.3.0/stm32cubeide/plugins/com.st.stm32cube.ide.mcu.externaltools.gnu-tools-for-stm32.9-2020-q2-update.win32_2.0.0.202105311346/tools/bin/../lib/gcc/arm-none-eabi/9.3.1/thumb/v7e-m+fp/hard\libgcc.a(_udivmoddi4.o)
                0x00000000080001f8                __udivmoddi4
 .text          0x00000000080004bc        0x4 e:/stm32cubeide_1.3.0/stm32cubeide/plugins/com.st.stm32cube.ide.mcu.externaltools.gnu-tools-for-stm32.9-2020-q2-update.win32_2.0.0.202105311346/tools/bin/../lib/gcc/arm-none-eabi/9.3.1/thumb/v7e-m+fp/hard\libgcc.a(_dvmd_tls.o)
                0x00000000080004bc                __aeabi_idiv0
                0x00000000080004bc                __aeabi_ldiv0
 *(.text*)
 .text.main     0x00000000080004c0       0x2a ./Core/Src/main.o
                0x00000000080004c0                main
 *fill*         0x00000000080004ea        0x2 
 .text.SystemClock_Config
                0x00000000080004ec      0x104 ./Core/Src/main.o
                0x00000000080004ec                SystemClock_Config
 .text.MX_I2C1_Init
                0x00000000080005f0       0x5c ./Core/Src/main.o
 .text.MX_I2S3_Init
                0x000000000800064c       0x60 ./Core/Src/main.o
 .text.MX_SPI1_Init
                0x00000000080006ac       0x6c ./Core/Src/main.o
 .text.MX_USART2_UART_Init
                0x0000000008000718       0x54 ./Core/Src/main.o
 .text.MX_GPIO_Init
                0x000000000800076c      0x1fc ./Core/Src/main.o
 .text.Error_Handler
                0x0000000008000968        0xe ./Core/Src/main.o
                0x0000000008000968                Error_Handler
 *fill*         0x0000000008000976        0x2 
 .text.HAL_MspInit
                0x0000000008000978       0x50 ./Core/Src/stm32f4xx_hal_msp.o
                0x0000000008000978                HAL_MspInit
 .text.HAL_I2C_MspInit
                0x00000000080009c8       0x90 ./Core/Src/stm32f4xx_hal_msp.o
                0x00000000080009c8                HAL_I2C_MspInit
 .text.HAL_I2S_MspInit
                0x0000000008000a58       0xd0 ./Core/Src/stm32f4xx_hal_msp.o
                0x0000000008000a58                HAL_I2S_MspInit
 .text.HAL_SPI_MspInit
                0x0000000008000b28       0x90 ./Core/Src/stm32f4xx_hal_msp.o
                0x0000000008000b28                HAL_SPI_MspInit
 .text.HAL_UART_MspInit
                0x0000000008000bb8       0x90 ./Core/Src/stm32f4xx_hal_msp.o
                0x0000000008000bb8                HAL_UART_MspInit
 .text.NMI_Handler
                0x0000000008000c48        0xe ./Core/Src/stm32f4xx_it.o
                0x0000000008000c48                NMI_Handler
 .text.HardFault_Handler
                0x0000000008000c56        0x6 ./Core/Src/stm32f4xx_it.o
                0x0000000008000c56                HardFault_Handler
 .text.MemManage_Handler
                0x0000000008000c5c        0x6 ./Core/Src/stm32f4xx_it.o
                0x0000000008000c5c                MemManage_Handler
 .text.BusFault_Handler
                0x0000000008000c62        0x6 ./Core/Src/stm32f4xx_it.o
                0x0000000008000c62                BusFault_Handler
 .text.UsageFault_Handler
                0x0000000008000c68        0x6 ./Core/Src/stm32f4xx_it.o
                0x0000000008000c68                UsageFault_Handler
 .text.SVC_Handler
                0x0000000008000c6e        0xe ./Core/Src/stm32f4xx_it.o
                0x0000000008000c6e                SVC_Handler
 .text.DebugMon_Handler
                0x0000000008000c7c        0xe ./Core/Src/stm32f4xx_it.o
                0x0000000008000c7c                DebugMon_Handler
 .text.PendSV_Handler
                0x0000000008000c8a        0xe ./Core/Src/stm32f4xx_it.o
                0x0000000008000c8a                PendSV_Handler
 .text.SysTick_Handler
                0x0000000008000c98        0xc ./Core/Src/stm32f4xx_it.o
                0x0000000008000c98                SysTick_Handler
 .text.OTG_FS_IRQHandler
                0x0000000008000ca4       0x14 ./Core/Src/stm32f4xx_it.o
                0x0000000008000ca4                OTG_FS_IRQHandler
 .text._sbrk    0x0000000008000cb8       0x58 ./Core/Src/sysmem.o
                0x0000000008000cb8                _sbrk
 .text.SystemInit
                0x0000000008000d10       0x2c ./Core/Src/system_stm32f4xx.o
                0x0000000008000d10                SystemInit
 .text.Reset_Handler
                0x0000000008000d3c       0x50 ./Core/Startup/startup_stm32f407vgtx.o
                0x0000000008000d3c                Reset_Handler
 .text.Default_Handler
                0x0000000008000d8c        0x2 ./Core/Startup/startup_stm32f407vgtx.o
                0x0000000008000d8c                RTC_Alarm_IRQHandler
                0x0000000008000d8c                HASH_RNG_IRQHandler
                0x0000000008000d8c                EXTI2_IRQHandler
                0x0000000008000d8c                TIM8_CC_IRQHandler
                0x0000000008000d8c                TIM1_CC_IRQHandler
                0x0000000008000d8c                DMA2_Stream5_IRQHandler
                0x0000000008000d8c                DMA1_Stream5_IRQHandler
                0x0000000008000d8c                PVD_IRQHandler
                0x0000000008000d8c                SDIO_IRQHandler
                0x0000000008000d8c                TAMP_STAMP_IRQHandler
                0x0000000008000d8c                CAN2_RX1_IRQHandler
                0x0000000008000d8c                EXTI3_IRQHandler
                0x0000000008000d8c                TIM8_TRG_COM_TIM14_IRQHandler
                0x0000000008000d8c                TIM1_UP_TIM10_IRQHandler
                0x0000000008000d8c                TIM8_UP_TIM13_IRQHandler
                0x0000000008000d8c                I2C3_ER_IRQHandler
                0x0000000008000d8c                EXTI0_IRQHandler
                0x0000000008000d8c                I2C2_EV_IRQHandler
                0x0000000008000d8c                DMA1_Stream2_IRQHandler
                0x0000000008000d8c                CAN1_RX0_IRQHandler
                0x0000000008000d8c                FPU_IRQHandler
                0x0000000008000d8c                OTG_HS_WKUP_IRQHandler
                0x0000000008000d8c                CAN2_SCE_IRQHandler
                0x0000000008000d8c                DMA2_Stream2_IRQHandler
                0x0000000008000d8c                SPI1_IRQHandler
                0x0000000008000d8c                TIM6_DAC_IRQHandler
                0x0000000008000d8c                TIM1_BRK_TIM9_IRQHandler
                0x0000000008000d8c                DCMI_IRQHandler
                0x0000000008000d8c                CAN2_RX0_IRQHandler
                0x0000000008000d8c                DMA2_Stream3_IRQHandler
                0x0000000008000d8c                USART6_IRQHandler
                0x0000000008000d8c                USART3_IRQHandler
                0x0000000008000d8c                CAN1_RX1_IRQHandler
                0x0000000008000d8c                UART5_IRQHandler
                0x0000000008000d8c                DMA2_Stream0_IRQHandler
                0x0000000008000d8c                TIM4_IRQHandler
                0x0000000008000d8c                I2C1_EV_IRQHandler
                0x0000000008000d8c                DMA1_Stream6_IRQHandler
                0x0000000008000d8c                DMA1_Stream1_IRQHandler
                0x0000000008000d8c                UART4_IRQHandler
                0x0000000008000d8c                TIM3_IRQHandler
                0x0000000008000d8c                RCC_IRQHandler
                0x0000000008000d8c                TIM8_BRK_TIM12_IRQHandler
                0x0000000008000d8c                Default_Handler
                0x0000000008000d8c                EXTI15_10_IRQHandler
                0x0000000008000d8c                ADC_IRQHandler
                0x0000000008000d8c                DMA1_Stream7_IRQHandler
                0x0000000008000d8c                TIM7_IRQHandler
                0x0000000008000d8c                CAN2_TX_IRQHandler
                0x0000000008000d8c                TIM5_IRQHandler
                0x0000000008000d8c                DMA2_Stream7_IRQHandler
                0x0000000008000d8c                I2C3_EV_IRQHandler
                0x0000000008000d8c                EXTI9_5_IRQHandler
                0x0000000008000d8c                RTC_WKUP_IRQHandler
                0x0000000008000d8c                ETH_WKUP_IRQHandler
                0x0000000008000d8c                SPI2_IRQHandler
                0x0000000008000d8c                OTG_HS_EP1_IN_IRQHandler
                0x0000000008000d8c                DMA1_Stream0_IRQHandler
                0x0000000008000d8c                CAN1_TX_IRQHandler
                0x0000000008000d8c                EXTI4_IRQHandler
                0x0000000008000d8c                FSMC_IRQHandler
                0x0000000008000d8c                ETH_IRQHandler
                0x0000000008000d8c                OTG_HS_EP1_OUT_IRQHandler
                0x0000000008000d8c                WWDG_IRQHandler
                0x0000000008000d8c                TIM2_IRQHandler
                0x0000000008000d8c                OTG_FS_WKUP_IRQHandler
                0x0000000008000d8c                TIM1_TRG_COM_TIM11_IRQHandler
                0x0000000008000d8c                OTG_HS_IRQHandler
                0x0000000008000d8c                EXTI1_IRQHandler
                0x0000000008000d8c                USART2_IRQHandler
                0x0000000008000d8c                I2C2_ER_IRQHandler
                0x0000000008000d8c                DMA2_Stream1_IRQHandler
                0x0000000008000d8c                CAN1_SCE_IRQHandler
                0x0000000008000d8c                FLASH_IRQHandler
                0x0000000008000d8c                DMA2_Stream4_IRQHandler
                0x0000000008000d8c                USART1_IRQHandler
                0x0000000008000d8c                SPI3_IRQHandler
                0x0000000008000d8c                DMA1_Stream4_IRQHandler
                0x0000000008000d8c                I2C1_ER_IRQHandler
                0x0000000008000d8c                DMA2_Stream6_IRQHandler
                0x0000000008000d8c                DMA1_Stream3_IRQHandler
 *fill*         0x0000000008000d8e        0x2 
 .text.HAL_Init
                0x0000000008000d90       0x44 ./Drivers/STM32F4xx_HAL_Driver/Src/stm32f4xx_hal.o
                0x0000000008000d90                HAL_Init
 .text.HAL_InitTick
                0x0000000008000dd4       0x60 ./Drivers/STM32F4xx_HAL_Driver/Src/stm32f4xx_hal.o
                0x0000000008000dd4                HAL_InitTick
 .text.HAL_IncTick
                0x0000000008000e34       0x28 ./Drivers/STM32F4xx_HAL_Driver/Src/stm32f4xx_hal.o
                0x0000000008000e34                HAL_IncTick
 .text.HAL_GetTick
                0x0000000008000e5c       0x18 ./Drivers/STM32F4xx_HAL_Driver/Src/stm32f4xx_hal.o
                0x0000000008000e5c                HAL_GetTick
 .text.HAL_Delay
                0x0000000008000e74       0x48 ./Drivers/STM32F4xx_HAL_Driver/Src/stm32f4xx_hal.o
                0x0000000008000e74                HAL_Delay
 .text.__NVIC_SetPriorityGrouping
                0x0000000008000ebc       0x48 ./Drivers/STM32F4xx_HAL_Driver/Src/stm32f4xx_hal_cortex.o
 .text.__NVIC_GetPriorityGrouping
                0x0000000008000f04       0x1c ./Drivers/STM32F4xx_HAL_Driver/Src/stm32f4xx_hal_cortex.o
 .text.__NVIC_EnableIRQ
                0x0000000008000f20       0x3c ./Drivers/STM32F4xx_HAL_Driver/Src/stm32f4xx_hal_cortex.o
 .text.__NVIC_SetPriority
                0x0000000008000f5c       0x54 ./Drivers/STM32F4xx_HAL_Driver/Src/stm32f4xx_hal_cortex.o
 .text.NVIC_EncodePriority
                0x0000000008000fb0       0x66 ./Drivers/STM32F4xx_HAL_Driver/Src/stm32f4xx_hal_cortex.o
 *fill*         0x0000000008001016        0x2 
 .text.SysTick_Config
                0x0000000008001018       0x44 ./Drivers/STM32F4xx_HAL_Driver/Src/stm32f4xx_hal_cortex.o
 .text.HAL_NVIC_SetPriorityGrouping
                0x000000000800105c       0x16 ./Drivers/STM32F4xx_HAL_Driver/Src/stm32f4xx_hal_cortex.o
                0x000000000800105c                HAL_NVIC_SetPriorityGrouping
 .text.HAL_NVIC_SetPriority
                0x0000000008001072       0x38 ./Drivers/STM32F4xx_HAL_Driver/Src/stm32f4xx_hal_cortex.o
                0x0000000008001072                HAL_NVIC_SetPriority
 .text.HAL_NVIC_EnableIRQ
                0x00000000080010aa       0x1c ./Drivers/STM32F4xx_HAL_Driver/Src/stm32f4xx_hal_cortex.o
                0x00000000080010aa                HAL_NVIC_EnableIRQ
 .text.HAL_SYSTICK_Config
                0x00000000080010c6       0x18 ./Drivers/STM32F4xx_HAL_Driver/Src/stm32f4xx_hal_cortex.o
                0x00000000080010c6                HAL_SYSTICK_Config
 *fill*         0x00000000080010de        0x2 
 .text.HAL_GPIO_Init
                0x00000000080010e0      0x338 ./Drivers/STM32F4xx_HAL_Driver/Src/stm32f4xx_hal_gpio.o
                0x00000000080010e0                HAL_GPIO_Init
 .text.HAL_GPIO_WritePin
                0x0000000008001418       0x32 ./Drivers/STM32F4xx_HAL_Driver/Src/stm32f4xx_hal_gpio.o
                0x0000000008001418                HAL_GPIO_WritePin
 .text.HAL_HCD_Init
                0x000000000800144a       0xc4 ./Drivers/STM32F4xx_HAL_Driver/Src/stm32f4xx_hal_hcd.o
                0x000000000800144a                HAL_HCD_Init
 .text.HAL_HCD_HC_Init
                0x000000000800150e      0x130 ./Drivers/STM32F4xx_HAL_Driver/Src/stm32f4xx_hal_hcd.o
                0x000000000800150e                HAL_HCD_HC_Init
 .text.HAL_HCD_HC_Halt
                0x000000000800163e       0x46 ./Drivers/STM32F4xx_HAL_Driver/Src/stm32f4xx_hal_hcd.o
                0x000000000800163e                HAL_HCD_HC_Halt
 .text.HAL_HCD_HC_SubmitRequest
                0x0000000008001684      0x2e4 ./Drivers/STM32F4xx_HAL_Driver/Src/stm32f4xx_hal_hcd.o
                0x0000000008001684                HAL_HCD_HC_SubmitRequest
 .text.HAL_HCD_IRQHandler
                0x0000000008001968      0x208 ./Drivers/STM32F4xx_HAL_Driver/Src/stm32f4xx_hal_hcd.o
                0x0000000008001968                HAL_HCD_IRQHandler
 .text.HAL_HCD_Start
                0x0000000008001b70       0x46 ./Drivers/STM32F4xx_HAL_Driver/Src/stm32f4xx_hal_hcd.o
                0x0000000008001b70                HAL_HCD_Start
 .text.HAL_HCD_Stop
                0x0000000008001bb6       0x3a ./Drivers/STM32F4xx_HAL_Driver/Src/stm32f4xx_hal_hcd.o
                0x0000000008001bb6                HAL_HCD_Stop
 .text.HAL_HCD_ResetPort
                0x0000000008001bf0       0x1c ./Drivers/STM32F4xx_HAL_Driver/Src/stm32f4xx_hal_hcd.o
                0x0000000008001bf0                HAL_HCD_ResetPort
 .text.HAL_HCD_HC_GetURBState
                0x0000000008001c0c       0x2a ./Drivers/STM32F4xx_HAL_Driver/Src/stm32f4xx_hal_hcd.o
                0x0000000008001c0c                HAL_HCD_HC_GetURBState
 .text.HAL_HCD_HC_GetXferCount
                0x0000000008001c36       0x2a ./Drivers/STM32F4xx_HAL_Driver/Src/stm32f4xx_hal_hcd.o
                0x0000000008001c36                HAL_HCD_HC_GetXferCount
 .text.HAL_HCD_GetCurrentFrame
                0x0000000008001c60       0x1c ./Drivers/STM32F4xx_HAL_Driver/Src/stm32f4xx_hal_hcd.o
                0x0000000008001c60                HAL_HCD_GetCurrentFrame
 .text.HAL_HCD_GetCurrentSpeed
                0x0000000008001c7c       0x1c ./Drivers/STM32F4xx_HAL_Driver/Src/stm32f4xx_hal_hcd.o
                0x0000000008001c7c                HAL_HCD_GetCurrentSpeed
 .text.HCD_HC_IN_IRQHandler
                0x0000000008001c98      0x86a ./Drivers/STM32F4xx_HAL_Driver/Src/stm32f4xx_hal_hcd.o
 .text.HCD_HC_OUT_IRQHandler
                0x0000000008002502      0x6ea ./Drivers/STM32F4xx_HAL_Driver/Src/stm32f4xx_hal_hcd.o
 .text.HCD_RXQLVL_IRQHandler
                0x0000000008002bec      0x15c ./Drivers/STM32F4xx_HAL_Driver/Src/stm32f4xx_hal_hcd.o
 .text.HCD_Port_IRQHandler
                0x0000000008002d48       0xe6 ./Drivers/STM32F4xx_HAL_Driver/Src/stm32f4xx_hal_hcd.o
 *fill*         0x0000000008002e2e        0x2 
 .text.HAL_I2C_Init
                0x0000000008002e30      0x288 ./Drivers/STM32F4xx_HAL_Driver/Src/stm32f4xx_hal_i2c.o
                0x0000000008002e30                HAL_I2C_Init
 .text.HAL_I2S_Init
                0x00000000080030b8      0x280 ./Drivers/STM32F4xx_HAL_Driver/Src/stm32f4xx_hal_i2s.o
                0x00000000080030b8                HAL_I2S_Init
 .text.HAL_I2S_TxCpltCallback
                0x0000000008003338       0x14 ./Drivers/STM32F4xx_HAL_Driver/Src/stm32f4xx_hal_i2s.o
                0x0000000008003338                HAL_I2S_TxCpltCallback
 .text.HAL_I2S_RxCpltCallback
                0x000000000800334c       0x14 ./Drivers/STM32F4xx_HAL_Driver/Src/stm32f4xx_hal_i2s.o
                0x000000000800334c                HAL_I2S_RxCpltCallback
 .text.HAL_I2S_ErrorCallback
                0x0000000008003360       0x14 ./Drivers/STM32F4xx_HAL_Driver/Src/stm32f4xx_hal_i2s.o
                0x0000000008003360                HAL_I2S_ErrorCallback
 .text.I2S_Transmit_IT
                0x0000000008003374       0x5c ./Drivers/STM32F4xx_HAL_Driver/Src/stm32f4xx_hal_i2s.o
 .text.I2S_Receive_IT
                0x00000000080033d0       0x5e ./Drivers/STM32F4xx_HAL_Driver/Src/stm32f4xx_hal_i2s.o
 .text.I2S_IRQHandler
                0x000000000800342e      0x114 ./Drivers/STM32F4xx_HAL_Driver/Src/stm32f4xx_hal_i2s.o
 *fill*         0x0000000008003542        0x2 
 .text.HAL_I2SEx_FullDuplex_IRQHandler
                0x0000000008003544      0x2a8 ./Drivers/STM32F4xx_HAL_Driver/Src/stm32f4xx_hal_i2s_ex.o
                0x0000000008003544                HAL_I2SEx_FullDuplex_IRQHandler
 .text.HAL_I2SEx_TxRxCpltCallback
                0x00000000080037ec       0x14 ./Drivers/STM32F4xx_HAL_Driver/Src/stm32f4xx_hal_i2s_ex.o
                0x00000000080037ec                HAL_I2SEx_TxRxCpltCallback
 .text.I2SEx_TxISR_I2S
                0x0000000008003800       0x62 ./Drivers/STM32F4xx_HAL_Driver/Src/stm32f4xx_hal_i2s_ex.o
 *fill*         0x0000000008003862        0x2 
 .text.I2SEx_TxISR_I2SExt
                0x0000000008003864       0x98 ./Drivers/STM32F4xx_HAL_Driver/Src/stm32f4xx_hal_i2s_ex.o
 .text.I2SEx_RxISR_I2S
                0x00000000080038fc       0x64 ./Drivers/STM32F4xx_HAL_Driver/Src/stm32f4xx_hal_i2s_ex.o
 .text.I2SEx_RxISR_I2SExt
                0x0000000008003960       0x98 ./Drivers/STM32F4xx_HAL_Driver/Src/stm32f4xx_hal_i2s_ex.o
 .text.HAL_RCC_OscConfig
                0x00000000080039f8      0x4e0 ./Drivers/STM32F4xx_HAL_Driver/Src/stm32f4xx_hal_rcc.o
                0x00000000080039f8                HAL_RCC_OscConfig
 .text.HAL_RCC_ClockConfig
                0x0000000008003ed8      0x1cc ./Drivers/STM32F4xx_HAL_Driver/Src/stm32f4xx_hal_rcc.o
                0x0000000008003ed8                HAL_RCC_ClockConfig
 .text.HAL_RCC_GetSysClockFreq
                0x00000000080040a4      0x1c4 ./Drivers/STM32F4xx_HAL_Driver/Src/stm32f4xx_hal_rcc.o
                0x00000000080040a4                HAL_RCC_GetSysClockFreq
 .text.HAL_RCC_GetHCLKFreq
                0x0000000008004268       0x18 ./Drivers/STM32F4xx_HAL_Driver/Src/stm32f4xx_hal_rcc.o
                0x0000000008004268                HAL_RCC_GetHCLKFreq
 .text.HAL_RCC_GetPCLK1Freq
                0x0000000008004280       0x28 ./Drivers/STM32F4xx_HAL_Driver/Src/stm32f4xx_hal_rcc.o
                0x0000000008004280                HAL_RCC_GetPCLK1Freq
 .text.HAL_RCC_GetPCLK2Freq
                0x00000000080042a8       0x28 ./Drivers/STM32F4xx_HAL_Driver/Src/stm32f4xx_hal_rcc.o
                0x00000000080042a8                HAL_RCC_GetPCLK2Freq
 .text.HAL_RCCEx_PeriphCLKConfig
                0x00000000080042d0      0x1c4 ./Drivers/STM32F4xx_HAL_Driver/Src/stm32f4xx_hal_rcc_ex.o
                0x00000000080042d0                HAL_RCCEx_PeriphCLKConfig
 .text.HAL_RCCEx_GetPeriphCLKFreq
                0x0000000008004494       0xbc ./Drivers/STM32F4xx_HAL_Driver/Src/stm32f4xx_hal_rcc_ex.o
                0x0000000008004494                HAL_RCCEx_GetPeriphCLKFreq
 .text.HAL_SPI_Init
                0x0000000008004550       0xc8 ./Drivers/STM32F4xx_HAL_Driver/Src/stm32f4xx_hal_spi.o
                0x0000000008004550                HAL_SPI_Init
 .text.HAL_UART_Init
                0x0000000008004618       0x9a ./Drivers/STM32F4xx_HAL_Driver/Src/stm32f4xx_hal_uart.o
                0x0000000008004618                HAL_UART_Init
 *fill*         0x00000000080046b2        0x2 
 .text.UART_SetConfig
                0x00000000080046b4      0x738 ./Drivers/STM32F4xx_HAL_Driver/Src/stm32f4xx_hal_uart.o
 .text.USB_CoreInit
                0x0000000008004dec       0xc2 ./Drivers/STM32F4xx_HAL_Driver/Src/stm32f4xx_ll_usb.o
                0x0000000008004dec                USB_CoreInit
 .text.USB_EnableGlobalInt
                0x0000000008004eae       0x22 ./Drivers/STM32F4xx_HAL_Driver/Src/stm32f4xx_ll_usb.o
                0x0000000008004eae                USB_EnableGlobalInt
 .text.USB_DisableGlobalInt
                0x0000000008004ed0       0x22 ./Drivers/STM32F4xx_HAL_Driver/Src/stm32f4xx_ll_usb.o
                0x0000000008004ed0                USB_DisableGlobalInt
 .text.USB_SetCurrentMode
                0x0000000008004ef2       0x54 ./Drivers/STM32F4xx_HAL_Driver/Src/stm32f4xx_ll_usb.o
                0x0000000008004ef2                USB_SetCurrentMode
 *fill*         0x0000000008004f46        0x2 
 .text.USB_FlushTxFifo
                0x0000000008004f48       0x4c ./Drivers/STM32F4xx_HAL_Driver/Src/stm32f4xx_ll_usb.o
                0x0000000008004f48                USB_FlushTxFifo
 .text.USB_FlushRxFifo
                0x0000000008004f94       0x44 ./Drivers/STM32F4xx_HAL_Driver/Src/stm32f4xx_ll_usb.o
                0x0000000008004f94                USB_FlushRxFifo
 .text.USB_WritePacket
                0x0000000008004fd8       0x6a ./Drivers/STM32F4xx_HAL_Driver/Src/stm32f4xx_ll_usb.o
                0x0000000008004fd8                USB_WritePacket
 .text.USB_ReadPacket
                0x0000000008005042       0x52 ./Drivers/STM32F4xx_HAL_Driver/Src/stm32f4xx_ll_usb.o
                0x0000000008005042                USB_ReadPacket
 .text.USB_ReadInterrupts
                0x0000000008005094       0x26 ./Drivers/STM32F4xx_HAL_Driver/Src/stm32f4xx_ll_usb.o
                0x0000000008005094                USB_ReadInterrupts
 .text.USB_GetMode
                0x00000000080050ba       0x1c ./Drivers/STM32F4xx_HAL_Driver/Src/stm32f4xx_ll_usb.o
                0x00000000080050ba                USB_GetMode
 *fill*         0x00000000080050d6        0x2 
 .text.USB_CoreReset
                0x00000000080050d8       0x68 ./Drivers/STM32F4xx_HAL_Driver/Src/stm32f4xx_ll_usb.o
 .text.USB_HostInit
                0x0000000008005140      0x178 ./Drivers/STM32F4xx_HAL_Driver/Src/stm32f4xx_ll_usb.o
                0x0000000008005140                USB_HostInit
 .text.USB_InitFSLSPClkSel
                0x00000000080052b8       0x74 ./Drivers/STM32F4xx_HAL_Driver/Src/stm32f4xx_ll_usb.o
                0x00000000080052b8                USB_InitFSLSPClkSel
 .text.USB_ResetPort
                0x000000000800532c       0x54 ./Drivers/STM32F4xx_HAL_Driver/Src/stm32f4xx_ll_usb.o
                0x000000000800532c                USB_ResetPort
 .text.USB_DriveVbus
                0x0000000008005380       0x72 ./Drivers/STM32F4xx_HAL_Driver/Src/stm32f4xx_ll_usb.o
                0x0000000008005380                USB_DriveVbus
 .text.USB_GetHostSpeed
                0x00000000080053f2       0x2e ./Drivers/STM32F4xx_HAL_Driver/Src/stm32f4xx_ll_usb.o
                0x00000000080053f2                USB_GetHostSpeed
 .text.USB_GetCurrentFrame
                0x0000000008005420       0x22 ./Drivers/STM32F4xx_HAL_Driver/Src/stm32f4xx_ll_usb.o
                0x0000000008005420                USB_GetCurrentFrame
 *fill*         0x0000000008005442        0x2 
 .text.USB_HC_Init
                0x0000000008005444      0x214 ./Drivers/STM32F4xx_HAL_Driver/Src/stm32f4xx_ll_usb.o
                0x0000000008005444                USB_HC_Init
 .text.USB_HC_StartXfer
                0x0000000008005658      0x288 ./Drivers/STM32F4xx_HAL_Driver/Src/stm32f4xx_ll_usb.o
                0x0000000008005658                USB_HC_StartXfer
 .text.USB_HC_ReadInterrupt
                0x00000000080058e0       0x22 ./Drivers/STM32F4xx_HAL_Driver/Src/stm32f4xx_ll_usb.o
                0x00000000080058e0                USB_HC_ReadInterrupt
 .text.USB_HC_Halt
                0x0000000008005902      0x1fe ./Drivers/STM32F4xx_HAL_Driver/Src/stm32f4xx_ll_usb.o
                0x0000000008005902                USB_HC_Halt
 .text.USB_DoPing
                0x0000000008005b00       0x78 ./Drivers/STM32F4xx_HAL_Driver/Src/stm32f4xx_ll_usb.o
                0x0000000008005b00                USB_DoPing
 .text.USB_StopHost
                0x0000000008005b78      0x10c ./Drivers/STM32F4xx_HAL_Driver/Src/stm32f4xx_ll_usb.o
                0x0000000008005b78                USB_StopHost
 .text.USBH_CDC_InterfaceInit
                0x0000000008005c84      0x2ac ./Middlewares/ST/STM32_USB_Host_Library/Class/CDC/Src/usbh_cdc.o
 .text.USBH_CDC_InterfaceDeInit
                0x0000000008005f30       0xb2 ./Middlewares/ST/STM32_USB_Host_Library/Class/CDC/Src/usbh_cdc.o
 .text.USBH_CDC_ClassRequest
                0x0000000008005fe2       0x3e ./Middlewares/ST/STM32_USB_Host_Library/Class/CDC/Src/usbh_cdc.o
 .text.USBH_CDC_Process
                0x0000000008006020      0x12c ./Middlewares/ST/STM32_USB_Host_Library/Class/CDC/Src/usbh_cdc.o
 .text.USBH_CDC_SOFProcess
                0x000000000800614c       0x16 ./Middlewares/ST/STM32_USB_Host_Library/Class/CDC/Src/usbh_cdc.o
 .text.GetLineCoding
                0x0000000008006162       0x3e ./Middlewares/ST/STM32_USB_Host_Library/Class/CDC/Src/usbh_cdc.o
 .text.SetLineCoding
                0x00000000080061a0       0x3e ./Middlewares/ST/STM32_USB_Host_Library/Class/CDC/Src/usbh_cdc.o
 .text.CDC_ProcessTransmission
                0x00000000080061de       0xec ./Middlewares/ST/STM32_USB_Host_Library/Class/CDC/Src/usbh_cdc.o
 .text.CDC_ProcessReception
                0x00000000080062ca       0xb6 ./Middlewares/ST/STM32_USB_Host_Library/Class/CDC/Src/usbh_cdc.o
 .text.USBH_CDC_TransmitCallback
                0x0000000008006380       0x14 ./Middlewares/ST/STM32_USB_Host_Library/Class/CDC/Src/usbh_cdc.o
                0x0000000008006380                USBH_CDC_TransmitCallback
 .text.USBH_CDC_ReceiveCallback
                0x0000000008006394       0x14 ./Middlewares/ST/STM32_USB_Host_Library/Class/CDC/Src/usbh_cdc.o
                0x0000000008006394                USBH_CDC_ReceiveCallback
 .text.USBH_CDC_LineCodingChanged
                0x00000000080063a8       0x14 ./Middlewares/ST/STM32_USB_Host_Library/Class/CDC/Src/usbh_cdc.o
                0x00000000080063a8                USBH_CDC_LineCodingChanged
 .text.USBH_Init
                0x00000000080063bc       0x74 ./Middlewares/ST/STM32_USB_Host_Library/Core/Src/usbh_core.o
                0x00000000080063bc                USBH_Init
 .text.DeInitStateMachine
                0x0000000008006430       0xa8 ./Middlewares/ST/STM32_USB_Host_Library/Core/Src/usbh_core.o
 .text.USBH_RegisterClass
                0x00000000080064d8       0x54 ./Middlewares/ST/STM32_USB_Host_Library/Core/Src/usbh_core.o
                0x00000000080064d8                USBH_RegisterClass
 .text.USBH_SelectInterface
                0x000000000800652c       0x38 ./Middlewares/ST/STM32_USB_Host_Library/Core/Src/usbh_core.o
                0x000000000800652c                USBH_SelectInterface
 .text.USBH_FindInterface
                0x0000000008006564       0x8c ./Middlewares/ST/STM32_USB_Host_Library/Core/Src/usbh_core.o
                0x0000000008006564                USBH_FindInterface
 .text.USBH_Start
                0x00000000080065f0       0x20 ./Middlewares/ST/STM32_USB_Host_Library/Core/Src/usbh_core.o
                0x00000000080065f0                USBH_Start
 .text.USBH_Process
                0x0000000008006610      0x3c0 ./Middlewares/ST/STM32_USB_Host_Library/Core/Src/usbh_core.o
                0x0000000008006610                USBH_Process
 .text.USBH_HandleEnum
                0x00000000080069d0      0x3c8 ./Middlewares/ST/STM32_USB_Host_Library/Core/Src/usbh_core.o
 .text.USBH_LL_SetTimer
                0x0000000008006d98       0x1e ./Middlewares/ST/STM32_USB_Host_Library/Core/Src/usbh_core.o
                0x0000000008006d98                USBH_LL_SetTimer
 .text.USBH_LL_IncTimer
                0x0000000008006db6       0x24 ./Middlewares/ST/STM32_USB_Host_Library/Core/Src/usbh_core.o
                0x0000000008006db6                USBH_LL_IncTimer
 .text.USBH_HandleSof
                0x0000000008006dda       0x30 ./Middlewares/ST/STM32_USB_Host_Library/Core/Src/usbh_core.o
 .text.USBH_LL_PortEnabled
                0x0000000008006e0a       0x1c ./Middlewares/ST/STM32_USB_Host_Library/Core/Src/usbh_core.o
                0x0000000008006e0a                USBH_LL_PortEnabled
 .text.USBH_LL_PortDisabled
                0x0000000008006e26       0x1c ./Middlewares/ST/STM32_USB_Host_Library/Core/Src/usbh_core.o
                0x0000000008006e26                USBH_LL_PortDisabled
 .text.USBH_LL_Connect
                0x0000000008006e42       0x2e ./Middlewares/ST/STM32_USB_Host_Library/Core/Src/usbh_core.o
                0x0000000008006e42                USBH_LL_Connect
 .text.USBH_LL_Disconnect
                0x0000000008006e70       0x48 ./Middlewares/ST/STM32_USB_Host_Library/Core/Src/usbh_core.o
                0x0000000008006e70                USBH_LL_Disconnect
 .text.USBH_Get_DevDesc
                0x0000000008006eb8       0x50 ./Middlewares/ST/STM32_USB_Host_Library/Core/Src/usbh_ctlreq.o
                0x0000000008006eb8                USBH_Get_DevDesc
 .text.USBH_Get_CfgDesc
                0x0000000008006f08       0x48 ./Middlewares/ST/STM32_USB_Host_Library/Core/Src/usbh_ctlreq.o
                0x0000000008006f08                USBH_Get_CfgDesc
 .text.USBH_Get_StringDesc
                0x0000000008006f50       0x56 ./Middlewares/ST/STM32_USB_Host_Library/Core/Src/usbh_ctlreq.o
                0x0000000008006f50                USBH_Get_StringDesc
 .text.USBH_GetDescriptor
                0x0000000008006fa6       0x6a ./Middlewares/ST/STM32_USB_Host_Library/Core/Src/usbh_ctlreq.o
                0x0000000008006fa6                USBH_GetDescriptor
 .text.USBH_SetAddress
                0x0000000008007010       0x48 ./Middlewares/ST/STM32_USB_Host_Library/Core/Src/usbh_ctlreq.o
                0x0000000008007010                USBH_SetAddress
 .text.USBH_SetCfg
                0x0000000008007058       0x46 ./Middlewares/ST/STM32_USB_Host_Library/Core/Src/usbh_ctlreq.o
                0x0000000008007058                USBH_SetCfg
 .text.USBH_SetFeature
                0x000000000800709e       0x48 ./Middlewares/ST/STM32_USB_Host_Library/Core/Src/usbh_ctlreq.o
                0x000000000800709e                USBH_SetFeature
 .text.USBH_ClrFeature
                0x00000000080070e6       0x48 ./Middlewares/ST/STM32_USB_Host_Library/Core/Src/usbh_ctlreq.o
                0x00000000080070e6                USBH_ClrFeature
 .text.USBH_ParseDevDesc
                0x000000000800712e       0xe0 ./Middlewares/ST/STM32_USB_Host_Library/Core/Src/usbh_ctlreq.o
 .text.USBH_ParseCfgDesc
                0x000000000800720e      0x144 ./Middlewares/ST/STM32_USB_Host_Library/Core/Src/usbh_ctlreq.o
 .text.USBH_ParseInterfaceDesc
                0x0000000008007352       0x5e ./Middlewares/ST/STM32_USB_Host_Library/Core/Src/usbh_ctlreq.o
 .text.USBH_ParseEPDesc
                0x00000000080073b0       0x5a ./Middlewares/ST/STM32_USB_Host_Library/Core/Src/usbh_ctlreq.o
 .text.USBH_ParseStringDesc
                0x000000000800740a       0x66 ./Middlewares/ST/STM32_USB_Host_Library/Core/Src/usbh_ctlreq.o
 .text.USBH_GetNextDesc
                0x0000000008007470       0x36 ./Middlewares/ST/STM32_USB_Host_Library/Core/Src/usbh_ctlreq.o
                0x0000000008007470                USBH_GetNextDesc
 .text.USBH_CtlReq
                0x00000000080074a6       0x7a ./Middlewares/ST/STM32_USB_Host_Library/Core/Src/usbh_ctlreq.o
                0x00000000080074a6                USBH_CtlReq
 .text.USBH_HandleControl
                0x0000000008007520      0x2e8 ./Middlewares/ST/STM32_USB_Host_Library/Core/Src/usbh_ctlreq.o
 .text.USBH_CtlSendSetup
                0x0000000008007808       0x34 ./Middlewares/ST/STM32_USB_Host_Library/Core/Src/usbh_ioreq.o
                0x0000000008007808                USBH_CtlSendSetup
 .text.USBH_CtlSendData
                0x000000000800783c       0x4a ./Middlewares/ST/STM32_USB_Host_Library/Core/Src/usbh_ioreq.o
                0x000000000800783c                USBH_CtlSendData
 .text.USBH_CtlReceiveData
                0x0000000008007886       0x3c ./Middlewares/ST/STM32_USB_Host_Library/Core/Src/usbh_ioreq.o
                0x0000000008007886                USBH_CtlReceiveData
 .text.USBH_BulkSendData
                0x00000000080078c2       0x4a ./Middlewares/ST/STM32_USB_Host_Library/Core/Src/usbh_ioreq.o
                0x00000000080078c2                USBH_BulkSendData
 .text.USBH_BulkReceiveData
                0x000000000800790c       0x3c ./Middlewares/ST/STM32_USB_Host_Library/Core/Src/usbh_ioreq.o
                0x000000000800790c                USBH_BulkReceiveData
 .text.USBH_OpenPipe
                0x0000000008007948       0x3e ./Middlewares/ST/STM32_USB_Host_Library/Core/Src/usbh_pipes.o
                0x0000000008007948                USBH_OpenPipe
 .text.USBH_ClosePipe
                0x0000000008007986       0x20 ./Middlewares/ST/STM32_USB_Host_Library/Core/Src/usbh_pipes.o
                0x0000000008007986                USBH_ClosePipe
 .text.USBH_AllocPipe
                0x00000000080079a6       0x42 ./Middlewares/ST/STM32_USB_Host_Library/Core/Src/usbh_pipes.o
                0x00000000080079a6                USBH_AllocPipe
 .text.USBH_FreePipe
                0x00000000080079e8       0x3c ./Middlewares/ST/STM32_USB_Host_Library/Core/Src/usbh_pipes.o
                0x00000000080079e8                USBH_FreePipe
 .text.USBH_GetFreePipe
                0x0000000008007a24       0x48 ./Middlewares/ST/STM32_USB_Host_Library/Core/Src/usbh_pipes.o
 .text.MX_USB_HOST_Init
                0x0000000008007a6c       0x4c ./USB_HOST/App/usb_host.o
                0x0000000008007a6c                MX_USB_HOST_Init
 .text.MX_USB_HOST_Process
                0x0000000008007ab8       0x14 ./USB_HOST/App/usb_host.o
                0x0000000008007ab8                MX_USB_HOST_Process
 .text.USBH_UserProcess
                0x0000000008007acc       0x5c ./USB_HOST/App/usb_host.o
 .text.HAL_HCD_MspInit
                0x0000000008007b28       0xc4 ./USB_HOST/Target/usbh_conf.o
                0x0000000008007b28                HAL_HCD_MspInit
 .text.HAL_HCD_SOF_Callback
                0x0000000008007bec       0x1c ./USB_HOST/Target/usbh_conf.o
                0x0000000008007bec                HAL_HCD_SOF_Callback
 .text.HAL_HCD_Connect_Callback
                0x0000000008007c08       0x1c ./USB_HOST/Target/usbh_conf.o
                0x0000000008007c08                HAL_HCD_Connect_Callback
 .text.HAL_HCD_Disconnect_Callback
                0x0000000008007c24       0x1c ./USB_HOST/Target/usbh_conf.o
                0x0000000008007c24                HAL_HCD_Disconnect_Callback
 .text.HAL_HCD_HC_NotifyURBChange_Callback
                0x0000000008007c40       0x1c ./USB_HOST/Target/usbh_conf.o
                0x0000000008007c40                HAL_HCD_HC_NotifyURBChange_Callback
 .text.HAL_HCD_PortEnabled_Callback
                0x0000000008007c5c       0x1c ./USB_HOST/Target/usbh_conf.o
                0x0000000008007c5c                HAL_HCD_PortEnabled_Callback
 .text.HAL_HCD_PortDisabled_Callback
                0x0000000008007c78       0x1c ./USB_HOST/Target/usbh_conf.o
                0x0000000008007c78                HAL_HCD_PortDisabled_Callback
 .text.USBH_LL_Init
                0x0000000008007c94       0x78 ./USB_HOST/Target/usbh_conf.o
                0x0000000008007c94                USBH_LL_Init
 .text.USBH_LL_Start
                0x0000000008007d0c       0x36 ./USB_HOST/Target/usbh_conf.o
                0x0000000008007d0c                USBH_LL_Start
 .text.USBH_LL_Stop
                0x0000000008007d42       0x36 ./USB_HOST/Target/usbh_conf.o
                0x0000000008007d42                USBH_LL_Stop
 .text.USBH_LL_GetSpeed
                0x0000000008007d78       0x4e ./USB_HOST/Target/usbh_conf.o
                0x0000000008007d78                USBH_LL_GetSpeed
 .text.USBH_LL_ResetPort
                0x0000000008007dc6       0x36 ./USB_HOST/Target/usbh_conf.o
                0x0000000008007dc6                USBH_LL_ResetPort
 .text.USBH_LL_GetLastXferSize
                0x0000000008007dfc       0x26 ./USB_HOST/Target/usbh_conf.o
                0x0000000008007dfc                USBH_LL_GetLastXferSize
 .text.USBH_LL_OpenPipe
                0x0000000008007e22       0x5e ./USB_HOST/Target/usbh_conf.o
                0x0000000008007e22                USBH_LL_OpenPipe
 .text.USBH_LL_ClosePipe
                0x0000000008007e80       0x3e ./USB_HOST/Target/usbh_conf.o
                0x0000000008007e80                USBH_LL_ClosePipe
 .text.USBH_LL_SubmitURB
                0x0000000008007ebe       0x62 ./USB_HOST/Target/usbh_conf.o
                0x0000000008007ebe                USBH_LL_SubmitURB
 .text.USBH_LL_GetURBState
                0x0000000008007f20       0x26 ./USB_HOST/Target/usbh_conf.o
                0x0000000008007f20                USBH_LL_GetURBState
 .text.USBH_LL_DriverVBUS
                0x0000000008007f46       0x2e ./USB_HOST/Target/usbh_conf.o
                0x0000000008007f46                USBH_LL_DriverVBUS
 .text.USBH_LL_SetToggle
                0x0000000008007f74       0x66 ./USB_HOST/Target/usbh_conf.o
                0x0000000008007f74                USBH_LL_SetToggle
 .text.USBH_Delay
                0x0000000008007fda       0x16 ./USB_HOST/Target/usbh_conf.o
                0x0000000008007fda                USBH_Delay
 .text.USBH_Get_USB_Status
                0x0000000008007ff0       0x58 ./USB_HOST/Target/usbh_conf.o
                0x0000000008007ff0                USBH_Get_USB_Status
 .text.MX_DriverVbusFS
                0x0000000008008048       0x38 ./USB_HOST/Target/usbh_platform.o
                0x0000000008008048                MX_DriverVbusFS
 .text.__errno  0x0000000008008080        0xc e:/stm32cubeide_1.3.0/stm32cubeide/plugins/com.st.stm32cube.ide.mcu.externaltools.gnu-tools-for-stm32.9-2020-q2-update.win32_2.0.0.202105311346/tools/bin/../lib/gcc/arm-none-eabi/9.3.1/../../../../arm-none-eabi/lib/thumb/v7e-m+fp/hard\libc_nano.a(lib_a-errno.o)
                0x0000000008008080                __errno
 .text.__libc_init_array
                0x000000000800808c       0x48 e:/stm32cubeide_1.3.0/stm32cubeide/plugins/com.st.stm32cube.ide.mcu.externaltools.gnu-tools-for-stm32.9-2020-q2-update.win32_2.0.0.202105311346/tools/bin/../lib/gcc/arm-none-eabi/9.3.1/../../../../arm-none-eabi/lib/thumb/v7e-m+fp/hard\libc_nano.a(lib_a-init.o)
                0x000000000800808c                __libc_init_array
 .text.malloc   0x00000000080080d4       0x10 e:/stm32cubeide_1.3.0/stm32cubeide/plugins/com.st.stm32cube.ide.mcu.externaltools.gnu-tools-for-stm32.9-2020-q2-update.win32_2.0.0.202105311346/tools/bin/../lib/gcc/arm-none-eabi/9.3.1/../../../../arm-none-eabi/lib/thumb/v7e-m+fp/hard\libc_nano.a(lib_a-malloc.o)
                0x00000000080080d4                malloc
 .text.free     0x00000000080080e4       0x10 e:/stm32cubeide_1.3.0/stm32cubeide/plugins/com.st.stm32cube.ide.mcu.externaltools.gnu-tools-for-stm32.9-2020-q2-update.win32_2.0.0.202105311346/tools/bin/../lib/gcc/arm-none-eabi/9.3.1/../../../../arm-none-eabi/lib/thumb/v7e-m+fp/hard\libc_nano.a(lib_a-malloc.o)
                0x00000000080080e4                free
 .text.memset   0x00000000080080f4       0x10 e:/stm32cubeide_1.3.0/stm32cubeide/plugins/com.st.stm32cube.ide.mcu.externaltools.gnu-tools-for-stm32.9-2020-q2-update.win32_2.0.0.202105311346/tools/bin/../lib/gcc/arm-none-eabi/9.3.1/../../../../arm-none-eabi/lib/thumb/v7e-m+fp/hard\libc_nano.a(lib_a-memset.o)
                0x00000000080080f4                memset
 .text._free_r  0x0000000008008104       0xa0 e:/stm32cubeide_1.3.0/stm32cubeide/plugins/com.st.stm32cube.ide.mcu.externaltools.gnu-tools-for-stm32.9-2020-q2-update.win32_2.0.0.202105311346/tools/bin/../lib/gcc/arm-none-eabi/9.3.1/../../../../arm-none-eabi/lib/thumb/v7e-m+fp/hard\libc_nano.a(lib_a-nano-freer.o)
                0x0000000008008104                _free_r
 .text._malloc_r
                0x00000000080081a4       0xb4 e:/stm32cubeide_1.3.0/stm32cubeide/plugins/com.st.stm32cube.ide.mcu.externaltools.gnu-tools-for-stm32.9-2020-q2-update.win32_2.0.0.202105311346/tools/bin/../lib/gcc/arm-none-eabi/9.3.1/../../../../arm-none-eabi/lib/thumb/v7e-m+fp/hard\libc_nano.a(lib_a-nano-mallocr.o)
                0x00000000080081a4                _malloc_r
 .text._sbrk_r  0x0000000008008258       0x20 e:/stm32cubeide_1.3.0/stm32cubeide/plugins/com.st.stm32cube.ide.mcu.externaltools.gnu-tools-for-stm32.9-2020-q2-update.win32_2.0.0.202105311346/tools/bin/../lib/gcc/arm-none-eabi/9.3.1/../../../../arm-none-eabi/lib/thumb/v7e-m+fp/hard\libc_nano.a(lib_a-sbrkr.o)
                0x0000000008008258                _sbrk_r
 .text.__malloc_lock
                0x0000000008008278        0xc e:/stm32cubeide_1.3.0/stm32cubeide/plugins/com.st.stm32cube.ide.mcu.externaltools.gnu-tools-for-stm32.9-2020-q2-update.win32_2.0.0.202105311346/tools/bin/../lib/gcc/arm-none-eabi/9.3.1/../../../../arm-none-eabi/lib/thumb/v7e-m+fp/hard\libc_nano.a(lib_a-mlock.o)
                0x0000000008008278                __malloc_lock
 .text.__malloc_unlock
                0x0000000008008284        0xc e:/stm32cubeide_1.3.0/stm32cubeide/plugins/com.st.stm32cube.ide.mcu.externaltools.gnu-tools-for-stm32.9-2020-q2-update.win32_2.0.0.202105311346/tools/bin/../lib/gcc/arm-none-eabi/9.3.1/../../../../arm-none-eabi/lib/thumb/v7e-m+fp/hard\libc_nano.a(lib_a-mlock.o)
                0x0000000008008284                __malloc_unlock
 .text.__retarget_lock_acquire_recursive
                0x0000000008008290        0x2 e:/stm32cubeide_1.3.0/stm32cubeide/plugins/com.st.stm32cube.ide.mcu.externaltools.gnu-tools-for-stm32.9-2020-q2-update.win32_2.0.0.202105311346/tools/bin/../lib/gcc/arm-none-eabi/9.3.1/../../../../arm-none-eabi/lib/thumb/v7e-m+fp/hard\libc_nano.a(lib_a-lock.o)
                0x0000000008008290                __retarget_lock_acquire_recursive
 .text.__retarget_lock_release_recursive
                0x0000000008008292        0x2 e:/stm32cubeide_1.3.0/stm32cubeide/plugins/com.st.stm32cube.ide.mcu.externaltools.gnu-tools-for-stm32.9-2020-q2-update.win32_2.0.0.202105311346/tools/bin/../lib/gcc/arm-none-eabi/9.3.1/../../../../arm-none-eabi/lib/thumb/v7e-m+fp/hard\libc_nano.a(lib_a-lock.o)
                0x0000000008008292                __retarget_lock_release_recursive
 *(.glue_7)
 .glue_7        0x0000000008008294        0x0 linker stubs
 *(.glue_7t)
 .glue_7t       0x0000000008008294        0x0 linker stubs
 *(.eh_frame)
 .eh_frame      0x0000000008008294        0x0 e:/stm32cubeide_1.3.0/stm32cubeide/plugins/com.st.stm32cube.ide.mcu.externaltools.gnu-tools-for-stm32.9-2020-q2-update.win32_2.0.0.202105311346/tools/bin/../lib/gcc/arm-none-eabi/9.3.1/thumb/v7e-m+fp/hard/crtbegin.o
 *(.init)
 .init          0x0000000008008294        0x4 e:/stm32cubeide_1.3.0/stm32cubeide/plugins/com.st.stm32cube.ide.mcu.externaltools.gnu-tools-for-stm32.9-2020-q2-update.win32_2.0.0.202105311346/tools/bin/../lib/gcc/arm-none-eabi/9.3.1/thumb/v7e-m+fp/hard/crti.o
                0x0000000008008294                _init
 .init          0x0000000008008298        0x8 e:/stm32cubeide_1.3.0/stm32cubeide/plugins/com.st.stm32cube.ide.mcu.externaltools.gnu-tools-for-stm32.9-2020-q2-update.win32_2.0.0.202105311346/tools/bin/../lib/gcc/arm-none-eabi/9.3.1/thumb/v7e-m+fp/hard/crtn.o
 *(.fini)
 .fini          0x00000000080082a0        0x4 e:/stm32cubeide_1.3.0/stm32cubeide/plugins/com.st.stm32cube.ide.mcu.externaltools.gnu-tools-for-stm32.9-2020-q2-update.win32_2.0.0.202105311346/tools/bin/../lib/gcc/arm-none-eabi/9.3.1/thumb/v7e-m+fp/hard/crti.o
                0x00000000080082a0                _fini
 .fini          0x00000000080082a4        0x8 e:/stm32cubeide_1.3.0/stm32cubeide/plugins/com.st.stm32cube.ide.mcu.externaltools.gnu-tools-for-stm32.9-2020-q2-update.win32_2.0.0.202105311346/tools/bin/../lib/gcc/arm-none-eabi/9.3.1/thumb/v7e-m+fp/hard/crtn.o
                0x00000000080082ac                . = ALIGN (0x4)
                0x00000000080082ac                _etext = .

.vfp11_veneer   0x00000000080082ac        0x0
 .vfp11_veneer  0x00000000080082ac        0x0 linker stubs

.v4_bx          0x00000000080082ac        0x0
 .v4_bx         0x00000000080082ac        0x0 linker stubs

.iplt           0x00000000080082ac        0x0
 .iplt          0x00000000080082ac        0x0 e:/stm32cubeide_1.3.0/stm32cubeide/plugins/com.st.stm32cube.ide.mcu.externaltools.gnu-tools-for-stm32.9-2020-q2-update.win32_2.0.0.202105311346/tools/bin/../lib/gcc/arm-none-eabi/9.3.1/thumb/v7e-m+fp/hard/crtbegin.o

.rodata         0x00000000080082ac       0x1c
                0x00000000080082ac                . = ALIGN (0x4)
 *(.rodata)
 .rodata        0x00000000080082ac        0x4 ./Middlewares/ST/STM32_USB_Host_Library/Class/CDC/Src/usbh_cdc.o
 *(.rodata*)
 .rodata.AHBPrescTable
                0x00000000080082b0       0x10 ./Core/Src/system_stm32f4xx.o
                0x00000000080082b0                AHBPrescTable
 .rodata.APBPrescTable
                0x00000000080082c0        0x8 ./Core/Src/system_stm32f4xx.o
                0x00000000080082c0                APBPrescTable
                0x00000000080082c8                . = ALIGN (0x4)

.ARM.extab      0x00000000080082c8        0x0
                0x00000000080082c8                . = ALIGN (0x4)
 *(.ARM.extab* .gnu.linkonce.armextab.*)
                0x00000000080082c8                . = ALIGN (0x4)

.ARM            0x00000000080082c8        0x8
                0x00000000080082c8                . = ALIGN (0x4)
                0x00000000080082c8                __exidx_start = .
 *(.ARM.exidx*)
 .ARM.exidx     0x00000000080082c8        0x8 e:/stm32cubeide_1.3.0/stm32cubeide/plugins/com.st.stm32cube.ide.mcu.externaltools.gnu-tools-for-stm32.9-2020-q2-update.win32_2.0.0.202105311346/tools/bin/../lib/gcc/arm-none-eabi/9.3.1/thumb/v7e-m+fp/hard\libgcc.a(_udivmoddi4.o)
                0x00000000080082d0                __exidx_end = .
                0x00000000080082d0                . = ALIGN (0x4)

.rel.dyn        0x00000000080082d0        0x0
 .rel.iplt      0x00000000080082d0        0x0 e:/stm32cubeide_1.3.0/stm32cubeide/plugins/com.st.stm32cube.ide.mcu.externaltools.gnu-tools-for-stm32.9-2020-q2-update.win32_2.0.0.202105311346/tools/bin/../lib/gcc/arm-none-eabi/9.3.1/thumb/v7e-m+fp/hard/crtbegin.o

.preinit_array  0x00000000080082d0        0x0
                0x00000000080082d0                . = ALIGN (0x4)
                0x00000000080082d0                PROVIDE (__preinit_array_start = .)
 *(.preinit_array*)
                0x00000000080082d0                PROVIDE (__preinit_array_end = .)
                0x00000000080082d0                . = ALIGN (0x4)

.init_array     0x00000000080082d0        0x4
                0x00000000080082d0                . = ALIGN (0x4)
                0x00000000080082d0                PROVIDE (__init_array_start = .)
 *(SORT_BY_NAME(.init_array.*))
 *(.init_array*)
 .init_array    0x00000000080082d0        0x4 e:/stm32cubeide_1.3.0/stm32cubeide/plugins/com.st.stm32cube.ide.mcu.externaltools.gnu-tools-for-stm32.9-2020-q2-update.win32_2.0.0.202105311346/tools/bin/../lib/gcc/arm-none-eabi/9.3.1/thumb/v7e-m+fp/hard/crtbegin.o
                0x00000000080082d4                PROVIDE (__init_array_end = .)
                0x00000000080082d4                . = ALIGN (0x4)

.fini_array     0x00000000080082d4        0x4
                0x00000000080082d4                . = ALIGN (0x4)
                [!provide]                        PROVIDE (__fini_array_start = .)
 *(SORT_BY_NAME(.fini_array.*))
 *(.fini_array*)
 .fini_array    0x00000000080082d4        0x4 e:/stm32cubeide_1.3.0/stm32cubeide/plugins/com.st.stm32cube.ide.mcu.externaltools.gnu-tools-for-stm32.9-2020-q2-update.win32_2.0.0.202105311346/tools/bin/../lib/gcc/arm-none-eabi/9.3.1/thumb/v7e-m+fp/hard/crtbegin.o
                [!provide]                        PROVIDE (__fini_array_end = .)
                0x00000000080082d8                . = ALIGN (0x4)
                0x00000000080082d8                _sidata = LOADADDR (.data)

.data           0x0000000020000000       0x90 load address 0x00000000080082d8
                0x0000000020000000                . = ALIGN (0x4)
                0x0000000020000000                _sdata = .
 *(.data)
 *(.data*)
 .data.SystemCoreClock
                0x0000000020000000        0x4 ./Core/Src/system_stm32f4xx.o
                0x0000000020000000                SystemCoreClock
 .data.uwTickPrio
                0x0000000020000004        0x4 ./Drivers/STM32F4xx_HAL_Driver/Src/stm32f4xx_hal.o
                0x0000000020000004                uwTickPrio
 .data.uwTickFreq
                0x0000000020000008        0x1 ./Drivers/STM32F4xx_HAL_Driver/Src/stm32f4xx_hal.o
                0x0000000020000008                uwTickFreq
 *fill*         0x0000000020000009        0x3 
 .data.CDC_Class
                0x000000002000000c       0x20 ./Middlewares/ST/STM32_USB_Host_Library/Class/CDC/Src/usbh_cdc.o
                0x000000002000000c                CDC_Class
 .data._impure_ptr
                0x000000002000002c        0x4 e:/stm32cubeide_1.3.0/stm32cubeide/plugins/com.st.stm32cube.ide.mcu.externaltools.gnu-tools-for-stm32.9-2020-q2-update.win32_2.0.0.202105311346/tools/bin/../lib/gcc/arm-none-eabi/9.3.1/../../../../arm-none-eabi/lib/thumb/v7e-m+fp/hard\libc_nano.a(lib_a-impure.o)
                0x000000002000002c                _impure_ptr
 .data.impure_data
                0x0000000020000030       0x60 e:/stm32cubeide_1.3.0/stm32cubeide/plugins/com.st.stm32cube.ide.mcu.externaltools.gnu-tools-for-stm32.9-2020-q2-update.win32_2.0.0.202105311346/tools/bin/../lib/gcc/arm-none-eabi/9.3.1/../../../../arm-none-eabi/lib/thumb/v7e-m+fp/hard\libc_nano.a(lib_a-impure.o)
                0x0000000020000090                . = ALIGN (0x4)
                0x0000000020000090                _edata = .

.igot.plt       0x0000000020000090        0x0 load address 0x0000000008008368
 .igot.plt      0x0000000020000090        0x0 e:/stm32cubeide_1.3.0/stm32cubeide/plugins/com.st.stm32cube.ide.mcu.externaltools.gnu-tools-for-stm32.9-2020-q2-update.win32_2.0.0.202105311346/tools/bin/../lib/gcc/arm-none-eabi/9.3.1/thumb/v7e-m+fp/hard/crtbegin.o
                0x0000000020000090                . = ALIGN (0x4)

.bss            0x0000000020000090      0x814 load address 0x0000000008008368
                0x0000000020000090                _sbss = .
                0x0000000020000090                __bss_start__ = _sbss
 *(.bss)
 .bss           0x0000000020000090       0x1c e:/stm32cubeide_1.3.0/stm32cubeide/plugins/com.st.stm32cube.ide.mcu.externaltools.gnu-tools-for-stm32.9-2020-q2-update.win32_2.0.0.202105311346/tools/bin/../lib/gcc/arm-none-eabi/9.3.1/thumb/v7e-m+fp/hard/crtbegin.o
 *(.bss*)
 .bss.heap_end.6585
                0x00000000200000ac        0x4 ./Core/Src/sysmem.o
 .bss.tmpreg.8695
                0x00000000200000b0        0x4 ./Drivers/STM32F4xx_HAL_Driver/Src/stm32f4xx_ll_usb.o
 .bss.Appli_state
                0x00000000200000b4        0x1 ./USB_HOST/App/usb_host.o
                0x00000000200000b4                Appli_state
 *fill*         0x00000000200000b5        0x3 
 .bss.__malloc_free_list
                0x00000000200000b8        0x4 e:/stm32cubeide_1.3.0/stm32cubeide/plugins/com.st.stm32cube.ide.mcu.externaltools.gnu-tools-for-stm32.9-2020-q2-update.win32_2.0.0.202105311346/tools/bin/../lib/gcc/arm-none-eabi/9.3.1/../../../../arm-none-eabi/lib/thumb/v7e-m+fp/hard\libc_nano.a(lib_a-nano-mallocr.o)
                0x00000000200000b8                __malloc_free_list
 .bss.__malloc_sbrk_start
                0x00000000200000bc        0x4 e:/stm32cubeide_1.3.0/stm32cubeide/plugins/com.st.stm32cube.ide.mcu.externaltools.gnu-tools-for-stm32.9-2020-q2-update.win32_2.0.0.202105311346/tools/bin/../lib/gcc/arm-none-eabi/9.3.1/../../../../arm-none-eabi/lib/thumb/v7e-m+fp/hard\libc_nano.a(lib_a-nano-mallocr.o)
                0x00000000200000bc                __malloc_sbrk_start
 *(COMMON)
 COMMON         0x00000000200000c0      0x134 ./Core/Src/main.o
                0x00000000200000c0                hi2c1
                0x0000000020000114                hspi1
                0x000000002000016c                huart2
                0x00000000200001ac                hi2s3
 COMMON         0x00000000200001f4        0x4 ./Drivers/STM32F4xx_HAL_Driver/Src/stm32f4xx_hal.o
                0x00000000200001f4                uwTick
 COMMON         0x00000000200001f8      0x3d8 ./USB_HOST/App/usb_host.o
                0x00000000200001f8                hUsbHostFS
 COMMON         0x00000000200005d0      0x2c4 ./USB_HOST/Target/usbh_conf.o
                0x00000000200005d0                hhcd_USB_OTG_FS
 COMMON         0x0000000020000894        0x4 e:/stm32cubeide_1.3.0/stm32cubeide/plugins/com.st.stm32cube.ide.mcu.externaltools.gnu-tools-for-stm32.9-2020-q2-update.win32_2.0.0.202105311346/tools/bin/../lib/gcc/arm-none-eabi/9.3.1/../../../../arm-none-eabi/lib/thumb/v7e-m+fp/hard\libc_nano.a(lib_a-reent.o)
                0x0000000020000894                errno
 COMMON         0x0000000020000898        0x9 e:/stm32cubeide_1.3.0/stm32cubeide/plugins/com.st.stm32cube.ide.mcu.externaltools.gnu-tools-for-stm32.9-2020-q2-update.win32_2.0.0.202105311346/tools/bin/../lib/gcc/arm-none-eabi/9.3.1/../../../../arm-none-eabi/lib/thumb/v7e-m+fp/hard\libc_nano.a(lib_a-lock.o)
                0x0000000020000898                __lock___atexit_recursive_mutex
                0x0000000020000899                __lock___arc4random_mutex
                0x000000002000089a                __lock___env_recursive_mutex
                0x000000002000089b                __lock___sinit_recursive_mutex
                0x000000002000089c                __lock___malloc_recursive_mutex
                0x000000002000089d                __lock___at_quick_exit_mutex
                0x000000002000089e                __lock___dd_hash_mutex
                0x000000002000089f                __lock___tz_mutex
                0x00000000200008a0                __lock___sfp_recursive_mutex
                0x00000000200008a4                . = ALIGN (0x4)
 *fill*         0x00000000200008a1        0x3 
                0x00000000200008a4                _ebss = .
                0x00000000200008a4                __bss_end__ = _ebss

._user_heap_stack
                0x00000000200008a4      0x604 load address 0x0000000008008368
                0x00000000200008a8                . = ALIGN (0x8)
 *fill*         0x00000000200008a4        0x4 
                0x00000000200008a8                PROVIDE (end = .)
                [!provide]                        PROVIDE (_end = .)
                0x0000000020000aa8                . = (. + _Min_Heap_Size)
 *fill*         0x00000000200008a8      0x200 
                0x0000000020000ea8                . = (. + _Min_Stack_Size)
 *fill*         0x0000000020000aa8      0x400 
                0x0000000020000ea8                . = ALIGN (0x8)

/DISCARD/
 libc.a(*)
 libm.a(*)
 libgcc.a(*)

.ARM.attributes
                0x0000000000000000       0x30
 *(.ARM.attributes)
 .ARM.attributes
                0x0000000000000000       0x1e e:/stm32cubeide_1.3.0/stm32cubeide/plugins/com.st.stm32cube.ide.mcu.externaltools.gnu-tools-for-stm32.9-2020-q2-update.win32_2.0.0.202105311346/tools/bin/../lib/gcc/arm-none-eabi/9.3.1/thumb/v7e-m+fp/hard/crti.o
 .ARM.attributes
                0x000000000000001e       0x34 e:/stm32cubeide_1.3.0/stm32cubeide/plugins/com.st.stm32cube.ide.mcu.externaltools.gnu-tools-for-stm32.9-2020-q2-update.win32_2.0.0.202105311346/tools/bin/../lib/gcc/arm-none-eabi/9.3.1/thumb/v7e-m+fp/hard/crtbegin.o
 .ARM.attributes
                0x0000000000000052       0x34 ./Core/Src/main.o
 .ARM.attributes
                0x0000000000000086       0x34 ./Core/Src/stm32f4xx_hal_msp.o
 .ARM.attributes
                0x00000000000000ba       0x34 ./Core/Src/stm32f4xx_it.o
 .ARM.attributes
                0x00000000000000ee       0x34 ./Core/Src/sysmem.o
 .ARM.attributes
                0x0000000000000122       0x34 ./Core/Src/system_stm32f4xx.o
 .ARM.attributes
                0x0000000000000156       0x21 ./Core/Startup/startup_stm32f407vgtx.o
 .ARM.attributes
                0x0000000000000177       0x34 ./Drivers/STM32F4xx_HAL_Driver/Src/stm32f4xx_hal.o
 .ARM.attributes
                0x00000000000001ab       0x34 ./Drivers/STM32F4xx_HAL_Driver/Src/stm32f4xx_hal_cortex.o
 .ARM.attributes
                0x00000000000001df       0x34 ./Drivers/STM32F4xx_HAL_Driver/Src/stm32f4xx_hal_gpio.o
 .ARM.attributes
                0x0000000000000213       0x34 ./Drivers/STM32F4xx_HAL_Driver/Src/stm32f4xx_hal_hcd.o
 .ARM.attributes
                0x0000000000000247       0x34 ./Drivers/STM32F4xx_HAL_Driver/Src/stm32f4xx_hal_i2c.o
 .ARM.attributes
                0x000000000000027b       0x34 ./Drivers/STM32F4xx_HAL_Driver/Src/stm32f4xx_hal_i2s.o
 .ARM.attributes
                0x00000000000002af       0x34 ./Drivers/STM32F4xx_HAL_Driver/Src/stm32f4xx_hal_i2s_ex.o
 .ARM.attributes
                0x00000000000002e3       0x34 ./Drivers/STM32F4xx_HAL_Driver/Src/stm32f4xx_hal_rcc.o
 .ARM.attributes
                0x0000000000000317       0x34 ./Drivers/STM32F4xx_HAL_Driver/Src/stm32f4xx_hal_rcc_ex.o
 .ARM.attributes
                0x000000000000034b       0x34 ./Drivers/STM32F4xx_HAL_Driver/Src/stm32f4xx_hal_spi.o
 .ARM.attributes
                0x000000000000037f       0x34 ./Drivers/STM32F4xx_HAL_Driver/Src/stm32f4xx_hal_uart.o
 .ARM.attributes
                0x00000000000003b3       0x34 ./Drivers/STM32F4xx_HAL_Driver/Src/stm32f4xx_ll_usb.o
 .ARM.attributes
                0x00000000000003e7       0x34 ./Middlewares/ST/STM32_USB_Host_Library/Class/CDC/Src/usbh_cdc.o
 .ARM.attributes
                0x000000000000041b       0x34 ./Middlewares/ST/STM32_USB_Host_Library/Core/Src/usbh_core.o
 .ARM.attributes
                0x000000000000044f       0x34 ./Middlewares/ST/STM32_USB_Host_Library/Core/Src/usbh_ctlreq.o
 .ARM.attributes
                0x0000000000000483       0x34 ./Middlewares/ST/STM32_USB_Host_Library/Core/Src/usbh_ioreq.o
 .ARM.attributes
                0x00000000000004b7       0x34 ./Middlewares/ST/STM32_USB_Host_Library/Core/Src/usbh_pipes.o
 .ARM.attributes
                0x00000000000004eb       0x34 ./USB_HOST/App/usb_host.o
 .ARM.attributes
                0x000000000000051f       0x34 ./USB_HOST/Target/usbh_conf.o
 .ARM.attributes
                0x0000000000000553       0x34 ./USB_HOST/Target/usbh_platform.o
 .ARM.attributes
                0x0000000000000587       0x34 e:/stm32cubeide_1.3.0/stm32cubeide/plugins/com.st.stm32cube.ide.mcu.externaltools.gnu-tools-for-stm32.9-2020-q2-update.win32_2.0.0.202105311346/tools/bin/../lib/gcc/arm-none-eabi/9.3.1/../../../../arm-none-eabi/lib/thumb/v7e-m+fp/hard\libc_nano.a(lib_a-errno.o)
 .ARM.attributes
                0x00000000000005bb       0x32 e:/stm32cubeide_1.3.0/stm32cubeide/plugins/com.st.stm32cube.ide.mcu.externaltools.gnu-tools-for-stm32.9-2020-q2-update.win32_2.0.0.202105311346/tools/bin/../lib/gcc/arm-none-eabi/9.3.1/../../../../arm-none-eabi/lib/thumb/v7e-m+fp/hard\libc_nano.a(lib_a-impure.o)
 .ARM.attributes
                0x00000000000005ed       0x34 e:/stm32cubeide_1.3.0/stm32cubeide/plugins/com.st.stm32cube.ide.mcu.externaltools.gnu-tools-for-stm32.9-2020-q2-update.win32_2.0.0.202105311346/tools/bin/../lib/gcc/arm-none-eabi/9.3.1/../../../../arm-none-eabi/lib/thumb/v7e-m+fp/hard\libc_nano.a(lib_a-init.o)
 .ARM.attributes
                0x0000000000000621       0x34 e:/stm32cubeide_1.3.0/stm32cubeide/plugins/com.st.stm32cube.ide.mcu.externaltools.gnu-tools-for-stm32.9-2020-q2-update.win32_2.0.0.202105311346/tools/bin/../lib/gcc/arm-none-eabi/9.3.1/../../../../arm-none-eabi/lib/thumb/v7e-m+fp/hard\libc_nano.a(lib_a-malloc.o)
 .ARM.attributes
                0x0000000000000655       0x34 e:/stm32cubeide_1.3.0/stm32cubeide/plugins/com.st.stm32cube.ide.mcu.externaltools.gnu-tools-for-stm32.9-2020-q2-update.win32_2.0.0.202105311346/tools/bin/../lib/gcc/arm-none-eabi/9.3.1/../../../../arm-none-eabi/lib/thumb/v7e-m+fp/hard\libc_nano.a(lib_a-memset.o)
 .ARM.attributes
                0x0000000000000689       0x34 e:/stm32cubeide_1.3.0/stm32cubeide/plugins/com.st.stm32cube.ide.mcu.externaltools.gnu-tools-for-stm32.9-2020-q2-update.win32_2.0.0.202105311346/tools/bin/../lib/gcc/arm-none-eabi/9.3.1/../../../../arm-none-eabi/lib/thumb/v7e-m+fp/hard\libc_nano.a(lib_a-nano-freer.o)
 .ARM.attributes
                0x00000000000006bd       0x34 e:/stm32cubeide_1.3.0/stm32cubeide/plugins/com.st.stm32cube.ide.mcu.externaltools.gnu-tools-for-stm32.9-2020-q2-update.win32_2.0.0.202105311346/tools/bin/../lib/gcc/arm-none-eabi/9.3.1/../../../../arm-none-eabi/lib/thumb/v7e-m+fp/hard\libc_nano.a(lib_a-nano-mallocr.o)
 .ARM.attributes
                0x00000000000006f1       0x34 e:/stm32cubeide_1.3.0/stm32cubeide/plugins/com.st.stm32cube.ide.mcu.externaltools.gnu-tools-for-stm32.9-2020-q2-update.win32_2.0.0.202105311346/tools/bin/../lib/gcc/arm-none-eabi/9.3.1/../../../../arm-none-eabi/lib/thumb/v7e-m+fp/hard\libc_nano.a(lib_a-sbrkr.o)
 .ARM.attributes
                0x0000000000000725       0x34 e:/stm32cubeide_1.3.0/stm32cubeide/plugins/com.st.stm32cube.ide.mcu.externaltools.gnu-tools-for-stm32.9-2020-q2-update.win32_2.0.0.202105311346/tools/bin/../lib/gcc/arm-none-eabi/9.3.1/../../../../arm-none-eabi/lib/thumb/v7e-m+fp/hard\libc_nano.a(lib_a-mlock.o)
 .ARM.attributes
                0x0000000000000759       0x34 e:/stm32cubeide_1.3.0/stm32cubeide/plugins/com.st.stm32cube.ide.mcu.externaltools.gnu-tools-for-stm32.9-2020-q2-update.win32_2.0.0.202105311346/tools/bin/../lib/gcc/arm-none-eabi/9.3.1/../../../../arm-none-eabi/lib/thumb/v7e-m+fp/hard\libc_nano.a(lib_a-reent.o)
 .ARM.attributes
                0x000000000000078d       0x34 e:/stm32cubeide_1.3.0/stm32cubeide/plugins/com.st.stm32cube.ide.mcu.externaltools.gnu-tools-for-stm32.9-2020-q2-update.win32_2.0.0.202105311346/tools/bin/../lib/gcc/arm-none-eabi/9.3.1/../../../../arm-none-eabi/lib/thumb/v7e-m+fp/hard\libc_nano.a(lib_a-lock.o)
 .ARM.attributes
                0x00000000000007c1       0x1e e:/stm32cubeide_1.3.0/stm32cubeide/plugins/com.st.stm32cube.ide.mcu.externaltools.gnu-tools-for-stm32.9-2020-q2-update.win32_2.0.0.202105311346/tools/bin/../lib/gcc/arm-none-eabi/9.3.1/thumb/v7e-m+fp/hard\libgcc.a(_aeabi_uldivmod.o)
 .ARM.attributes
                0x00000000000007df       0x34 e:/stm32cubeide_1.3.0/stm32cubeide/plugins/com.st.stm32cube.ide.mcu.externaltools.gnu-tools-for-stm32.9-2020-q2-update.win32_2.0.0.202105311346/tools/bin/../lib/gcc/arm-none-eabi/9.3.1/thumb/v7e-m+fp/hard\libgcc.a(_udivmoddi4.o)
 .ARM.attributes
                0x0000000000000813       0x1e e:/stm32cubeide_1.3.0/stm32cubeide/plugins/com.st.stm32cube.ide.mcu.externaltools.gnu-tools-for-stm32.9-2020-q2-update.win32_2.0.0.202105311346/tools/bin/../lib/gcc/arm-none-eabi/9.3.1/thumb/v7e-m+fp/hard\libgcc.a(_dvmd_tls.o)
 .ARM.attributes
                0x0000000000000831       0x1e e:/stm32cubeide_1.3.0/stm32cubeide/plugins/com.st.stm32cube.ide.mcu.externaltools.gnu-tools-for-stm32.9-2020-q2-update.win32_2.0.0.202105311346/tools/bin/../lib/gcc/arm-none-eabi/9.3.1/thumb/v7e-m+fp/hard/crtn.o
OUTPUT(CubeMX_Practise.elf elf32-littlearm)
LOAD linker stubs
LOAD e:/stm32cubeide_1.3.0/stm32cubeide/plugins/com.st.stm32cube.ide.mcu.externaltools.gnu-tools-for-stm32.9-2020-q2-update.win32_2.0.0.202105311346/tools/bin/../lib/gcc/arm-none-eabi/9.3.1/../../../../arm-none-eabi/lib/thumb/v7e-m+fp/hard\libc.a
LOAD e:/stm32cubeide_1.3.0/stm32cubeide/plugins/com.st.stm32cube.ide.mcu.externaltools.gnu-tools-for-stm32.9-2020-q2-update.win32_2.0.0.202105311346/tools/bin/../lib/gcc/arm-none-eabi/9.3.1/../../../../arm-none-eabi/lib/thumb/v7e-m+fp/hard\libm.a
LOAD e:/stm32cubeide_1.3.0/stm32cubeide/plugins/com.st.stm32cube.ide.mcu.externaltools.gnu-tools-for-stm32.9-2020-q2-update.win32_2.0.0.202105311346/tools/bin/../lib/gcc/arm-none-eabi/9.3.1/thumb/v7e-m+fp/hard\libgcc.a

.debug_info     0x0000000000000000    0x1b5e2
 .debug_info    0x0000000000000000     0x140c ./Core/Src/main.o
 .debug_info    0x000000000000140c     0x12b0 ./Core/Src/stm32f4xx_hal_msp.o
 .debug_info    0x00000000000026bc      0x71c ./Core/Src/stm32f4xx_it.o
 .debug_info    0x0000000000002dd8      0x9b5 ./Core/Src/sysmem.o
 .debug_info    0x000000000000378d      0x5a4 ./Core/Src/system_stm32f4xx.o
 .debug_info    0x0000000000003d31       0x22 ./Core/Startup/startup_stm32f407vgtx.o
 .debug_info    0x0000000000003d53      0x9b2 ./Drivers/STM32F4xx_HAL_Driver/Src/stm32f4xx_hal.o
 .debug_info    0x0000000000004705      0xed7 ./Drivers/STM32F4xx_HAL_Driver/Src/stm32f4xx_hal_cortex.o
 .debug_info    0x00000000000055dc      0x82e ./Drivers/STM32F4xx_HAL_Driver/Src/stm32f4xx_hal_gpio.o
 .debug_info    0x0000000000005e0a      0xf3a ./Drivers/STM32F4xx_HAL_Driver/Src/stm32f4xx_hal_hcd.o
 .debug_info    0x0000000000006d44     0x2633 ./Drivers/STM32F4xx_HAL_Driver/Src/stm32f4xx_hal_i2c.o
 .debug_info    0x0000000000009377      0xf30 ./Drivers/STM32F4xx_HAL_Driver/Src/stm32f4xx_hal_i2s.o
 .debug_info    0x000000000000a2a7      0xc22 ./Drivers/STM32F4xx_HAL_Driver/Src/stm32f4xx_hal_i2s_ex.o
 .debug_info    0x000000000000aec9      0x996 ./Drivers/STM32F4xx_HAL_Driver/Src/stm32f4xx_hal_rcc.o
 .debug_info    0x000000000000b85f      0x603 ./Drivers/STM32F4xx_HAL_Driver/Src/stm32f4xx_hal_rcc_ex.o
 .debug_info    0x000000000000be62     0x1780 ./Drivers/STM32F4xx_HAL_Driver/Src/stm32f4xx_hal_spi.o
 .debug_info    0x000000000000d5e2     0x1357 ./Drivers/STM32F4xx_HAL_Driver/Src/stm32f4xx_hal_uart.o
 .debug_info    0x000000000000e939     0x1a62 ./Drivers/STM32F4xx_HAL_Driver/Src/stm32f4xx_ll_usb.o
 .debug_info    0x000000000001039b     0x1c86 ./Middlewares/ST/STM32_USB_Host_Library/Class/CDC/Src/usbh_cdc.o
 .debug_info    0x0000000000012021     0x1815 ./Middlewares/ST/STM32_USB_Host_Library/Core/Src/usbh_core.o
 .debug_info    0x0000000000013836     0x18e6 ./Middlewares/ST/STM32_USB_Host_Library/Core/Src/usbh_ctlreq.o
 .debug_info    0x000000000001511c     0x162f ./Middlewares/ST/STM32_USB_Host_Library/Core/Src/usbh_ioreq.o
 .debug_info    0x000000000001674b     0x1457 ./Middlewares/ST/STM32_USB_Host_Library/Core/Src/usbh_pipes.o
 .debug_info    0x0000000000017ba2     0x13a0 ./USB_HOST/App/usb_host.o
 .debug_info    0x0000000000018f42     0x2405 ./USB_HOST/Target/usbh_conf.o
 .debug_info    0x000000000001b347      0x29b ./USB_HOST/Target/usbh_platform.o

.debug_abbrev   0x0000000000000000     0x3ca4
 .debug_abbrev  0x0000000000000000      0x225 ./Core/Src/main.o
 .debug_abbrev  0x0000000000000225      0x1ea ./Core/Src/stm32f4xx_hal_msp.o
 .debug_abbrev  0x000000000000040f      0x184 ./Core/Src/stm32f4xx_it.o
 .debug_abbrev  0x0000000000000593      0x1e3 ./Core/Src/sysmem.o
 .debug_abbrev  0x0000000000000776      0x145 ./Core/Src/system_stm32f4xx.o
 .debug_abbrev  0x00000000000008bb       0x12 ./Core/Startup/startup_stm32f407vgtx.o
 .debug_abbrev  0x00000000000008cd      0x1ed ./Drivers/STM32F4xx_HAL_Driver/Src/stm32f4xx_hal.o
 .debug_abbrev  0x0000000000000aba      0x33c ./Drivers/STM32F4xx_HAL_Driver/Src/stm32f4xx_hal_cortex.o
 .debug_abbrev  0x0000000000000df6      0x1f1 ./Drivers/STM32F4xx_HAL_Driver/Src/stm32f4xx_hal_gpio.o
 .debug_abbrev  0x0000000000000fe7      0x28d ./Drivers/STM32F4xx_HAL_Driver/Src/stm32f4xx_hal_hcd.o
 .debug_abbrev  0x0000000000001274      0x282 ./Drivers/STM32F4xx_HAL_Driver/Src/stm32f4xx_hal_i2c.o
 .debug_abbrev  0x00000000000014f6      0x245 ./Drivers/STM32F4xx_HAL_Driver/Src/stm32f4xx_hal_i2s.o
 .debug_abbrev  0x000000000000173b      0x276 ./Drivers/STM32F4xx_HAL_Driver/Src/stm32f4xx_hal_i2s_ex.o
 .debug_abbrev  0x00000000000019b1      0x275 ./Drivers/STM32F4xx_HAL_Driver/Src/stm32f4xx_hal_rcc.o
 .debug_abbrev  0x0000000000001c26      0x18f ./Drivers/STM32F4xx_HAL_Driver/Src/stm32f4xx_hal_rcc_ex.o
 .debug_abbrev  0x0000000000001db5      0x26e ./Drivers/STM32F4xx_HAL_Driver/Src/stm32f4xx_hal_spi.o
 .debug_abbrev  0x0000000000002023      0x270 ./Drivers/STM32F4xx_HAL_Driver/Src/stm32f4xx_hal_uart.o
 .debug_abbrev  0x0000000000002293      0x2a7 ./Drivers/STM32F4xx_HAL_Driver/Src/stm32f4xx_ll_usb.o
 .debug_abbrev  0x000000000000253a      0x352 ./Middlewares/ST/STM32_USB_Host_Library/Class/CDC/Src/usbh_cdc.o
 .debug_abbrev  0x000000000000288c      0x3b4 ./Middlewares/ST/STM32_USB_Host_Library/Core/Src/usbh_core.o
 .debug_abbrev  0x0000000000002c40      0x367 ./Middlewares/ST/STM32_USB_Host_Library/Core/Src/usbh_ctlreq.o
 .debug_abbrev  0x0000000000002fa7      0x2b5 ./Middlewares/ST/STM32_USB_Host_Library/Core/Src/usbh_ioreq.o
 .debug_abbrev  0x000000000000325c      0x2f3 ./Middlewares/ST/STM32_USB_Host_Library/Core/Src/usbh_pipes.o
 .debug_abbrev  0x000000000000354f      0x2a4 ./USB_HOST/App/usb_host.o
 .debug_abbrev  0x00000000000037f3      0x397 ./USB_HOST/Target/usbh_conf.o
 .debug_abbrev  0x0000000000003b8a      0x11a ./USB_HOST/Target/usbh_platform.o

.debug_aranges  0x0000000000000000     0x12f0
 .debug_aranges
                0x0000000000000000       0x58 ./Core/Src/main.o
 .debug_aranges
                0x0000000000000058       0x60 ./Core/Src/stm32f4xx_hal_msp.o
 .debug_aranges
                0x00000000000000b8       0x68 ./Core/Src/stm32f4xx_it.o
 .debug_aranges
                0x0000000000000120       0x20 ./Core/Src/sysmem.o
 .debug_aranges
                0x0000000000000140       0x28 ./Core/Src/system_stm32f4xx.o
 .debug_aranges
                0x0000000000000168       0x28 ./Core/Startup/startup_stm32f407vgtx.o
 .debug_aranges
                0x0000000000000190       0xf0 ./Drivers/STM32F4xx_HAL_Driver/Src/stm32f4xx_hal.o
 .debug_aranges
                0x0000000000000280      0x118 ./Drivers/STM32F4xx_HAL_Driver/Src/stm32f4xx_hal_cortex.o
 .debug_aranges
                0x0000000000000398       0x58 ./Drivers/STM32F4xx_HAL_Driver/Src/stm32f4xx_hal_gpio.o
 .debug_aranges
                0x00000000000003f0       0xf8 ./Drivers/STM32F4xx_HAL_Driver/Src/stm32f4xx_hal_hcd.o
 .debug_aranges
                0x00000000000004e8      0x2a0 ./Drivers/STM32F4xx_HAL_Driver/Src/stm32f4xx_hal_i2c.o
 .debug_aranges
                0x0000000000000788      0x108 ./Drivers/STM32F4xx_HAL_Driver/Src/stm32f4xx_hal_i2s.o
 .debug_aranges
                0x0000000000000890       0x88 ./Drivers/STM32F4xx_HAL_Driver/Src/stm32f4xx_hal_i2s_ex.o
 .debug_aranges
                0x0000000000000918       0x88 ./Drivers/STM32F4xx_HAL_Driver/Src/stm32f4xx_hal_rcc.o
 .debug_aranges
                0x00000000000009a0       0x48 ./Drivers/STM32F4xx_HAL_Driver/Src/stm32f4xx_hal_rcc_ex.o
 .debug_aranges
                0x00000000000009e8      0x1d0 ./Drivers/STM32F4xx_HAL_Driver/Src/stm32f4xx_hal_spi.o
 .debug_aranges
                0x0000000000000bb8      0x1d0 ./Drivers/STM32F4xx_HAL_Driver/Src/stm32f4xx_hal_uart.o
 .debug_aranges
                0x0000000000000d88      0x198 ./Drivers/STM32F4xx_HAL_Driver/Src/stm32f4xx_ll_usb.o
 .debug_aranges
                0x0000000000000f20       0xa8 ./Middlewares/ST/STM32_USB_Host_Library/Class/CDC/Src/usbh_cdc.o
 .debug_aranges
                0x0000000000000fc8       0xc0 ./Middlewares/ST/STM32_USB_Host_Library/Core/Src/usbh_core.o
 .debug_aranges
                0x0000000000001088       0xa0 ./Middlewares/ST/STM32_USB_Host_Library/Core/Src/usbh_ctlreq.o
 .debug_aranges
                0x0000000000001128       0x60 ./Middlewares/ST/STM32_USB_Host_Library/Core/Src/usbh_ioreq.o
 .debug_aranges
                0x0000000000001188       0x40 ./Middlewares/ST/STM32_USB_Host_Library/Core/Src/usbh_pipes.o
 .debug_aranges
                0x00000000000011c8       0x30 ./USB_HOST/App/usb_host.o
 .debug_aranges
                0x00000000000011f8       0xd8 ./USB_HOST/Target/usbh_conf.o
 .debug_aranges
                0x00000000000012d0       0x20 ./USB_HOST/Target/usbh_platform.o

.debug_ranges   0x0000000000000000     0x1180
 .debug_ranges  0x0000000000000000       0x48 ./Core/Src/main.o
 .debug_ranges  0x0000000000000048       0x50 ./Core/Src/stm32f4xx_hal_msp.o
 .debug_ranges  0x0000000000000098       0x58 ./Core/Src/stm32f4xx_it.o
 .debug_ranges  0x00000000000000f0       0x10 ./Core/Src/sysmem.o
 .debug_ranges  0x0000000000000100       0x18 ./Core/Src/system_stm32f4xx.o
 .debug_ranges  0x0000000000000118       0x20 ./Core/Startup/startup_stm32f407vgtx.o
 .debug_ranges  0x0000000000000138       0xe0 ./Drivers/STM32F4xx_HAL_Driver/Src/stm32f4xx_hal.o
 .debug_ranges  0x0000000000000218      0x108 ./Drivers/STM32F4xx_HAL_Driver/Src/stm32f4xx_hal_cortex.o
 .debug_ranges  0x0000000000000320       0x48 ./Drivers/STM32F4xx_HAL_Driver/Src/stm32f4xx_hal_gpio.o
 .debug_ranges  0x0000000000000368       0xe8 ./Drivers/STM32F4xx_HAL_Driver/Src/stm32f4xx_hal_hcd.o
 .debug_ranges  0x0000000000000450      0x2b8 ./Drivers/STM32F4xx_HAL_Driver/Src/stm32f4xx_hal_i2c.o
 .debug_ranges  0x0000000000000708       0xf8 ./Drivers/STM32F4xx_HAL_Driver/Src/stm32f4xx_hal_i2s.o
 .debug_ranges  0x0000000000000800       0x78 ./Drivers/STM32F4xx_HAL_Driver/Src/stm32f4xx_hal_i2s_ex.o
 .debug_ranges  0x0000000000000878       0x78 ./Drivers/STM32F4xx_HAL_Driver/Src/stm32f4xx_hal_rcc.o
 .debug_ranges  0x00000000000008f0       0x38 ./Drivers/STM32F4xx_HAL_Driver/Src/stm32f4xx_hal_rcc_ex.o
 .debug_ranges  0x0000000000000928      0x1c0 ./Drivers/STM32F4xx_HAL_Driver/Src/stm32f4xx_hal_spi.o
 .debug_ranges  0x0000000000000ae8      0x1c0 ./Drivers/STM32F4xx_HAL_Driver/Src/stm32f4xx_hal_uart.o
 .debug_ranges  0x0000000000000ca8      0x188 ./Drivers/STM32F4xx_HAL_Driver/Src/stm32f4xx_ll_usb.o
 .debug_ranges  0x0000000000000e30       0x98 ./Middlewares/ST/STM32_USB_Host_Library/Class/CDC/Src/usbh_cdc.o
 .debug_ranges  0x0000000000000ec8       0xb0 ./Middlewares/ST/STM32_USB_Host_Library/Core/Src/usbh_core.o
 .debug_ranges  0x0000000000000f78       0x90 ./Middlewares/ST/STM32_USB_Host_Library/Core/Src/usbh_ctlreq.o
 .debug_ranges  0x0000000000001008       0x50 ./Middlewares/ST/STM32_USB_Host_Library/Core/Src/usbh_ioreq.o
 .debug_ranges  0x0000000000001058       0x30 ./Middlewares/ST/STM32_USB_Host_Library/Core/Src/usbh_pipes.o
 .debug_ranges  0x0000000000001088       0x20 ./USB_HOST/App/usb_host.o
 .debug_ranges  0x00000000000010a8       0xc8 ./USB_HOST/Target/usbh_conf.o
 .debug_ranges  0x0000000000001170       0x10 ./USB_HOST/Target/usbh_platform.o

.debug_macro    0x0000000000000000    0x23ec8
 .debug_macro   0x0000000000000000      0x229 ./Core/Src/main.o
 .debug_macro   0x0000000000000229      0xaa8 ./Core/Src/main.o
 .debug_macro   0x0000000000000cd1      0x19c ./Core/Src/main.o
 .debug_macro   0x0000000000000e6d       0x2e ./Core/Src/main.o
 .debug_macro   0x0000000000000e9b       0x2f ./Core/Src/main.o
 .debug_macro   0x0000000000000eca       0x22 ./Core/Src/main.o
 .debug_macro   0x0000000000000eec       0x8e ./Core/Src/main.o
 .debug_macro   0x0000000000000f7a       0x51 ./Core/Src/main.o
 .debug_macro   0x0000000000000fcb      0x103 ./Core/Src/main.o
 .debug_macro   0x00000000000010ce       0x6a ./Core/Src/main.o
 .debug_macro   0x0000000000001138      0x1df ./Core/Src/main.o
 .debug_macro   0x0000000000001317       0x1c ./Core/Src/main.o
 .debug_macro   0x0000000000001333       0x22 ./Core/Src/main.o
 .debug_macro   0x0000000000001355       0xdf ./Core/Src/main.o
 .debug_macro   0x0000000000001434     0x102d ./Core/Src/main.o
 .debug_macro   0x0000000000002461      0x11f ./Core/Src/main.o
 .debug_macro   0x0000000000002580    0x15e3c ./Core/Src/main.o
 .debug_macro   0x00000000000183bc       0x43 ./Core/Src/main.o
 .debug_macro   0x00000000000183ff     0x3659 ./Core/Src/main.o
 .debug_macro   0x000000000001ba58      0x174 ./Core/Src/main.o
 .debug_macro   0x000000000001bbcc       0x5a ./Core/Src/main.o
 .debug_macro   0x000000000001bc26      0x96b ./Core/Src/main.o
 .debug_macro   0x000000000001c591      0x9fe ./Core/Src/main.o
 .debug_macro   0x000000000001cf8f      0x174 ./Core/Src/main.o
 .debug_macro   0x000000000001d103      0x117 ./Core/Src/main.o
 .debug_macro   0x000000000001d21a      0x13e ./Core/Src/main.o
 .debug_macro   0x000000000001d358       0x27 ./Core/Src/main.o
 .debug_macro   0x000000000001d37f      0x287 ./Core/Src/main.o
 .debug_macro   0x000000000001d606       0x5f ./Core/Src/main.o
 .debug_macro   0x000000000001d665      0x236 ./Core/Src/main.o
 .debug_macro   0x000000000001d89b      0x12c ./Core/Src/main.o
 .debug_macro   0x000000000001d9c7      0x21e ./Core/Src/main.o
 .debug_macro   0x000000000001dbe5       0x2e ./Core/Src/main.o
 .debug_macro   0x000000000001dc13      0x1b5 ./Core/Src/main.o
 .debug_macro   0x000000000001ddc8       0xd6 ./Core/Src/main.o
 .debug_macro   0x000000000001de9e      0x1a7 ./Core/Src/main.o
 .debug_macro   0x000000000001e045       0x46 ./Core/Src/main.o
 .debug_macro   0x000000000001e08b       0x4a ./Core/Src/main.o
 .debug_macro   0x000000000001e0d5      0x11a ./Core/Src/main.o
 .debug_macro   0x000000000001e1ef       0x7e ./Core/Src/main.o
 .debug_macro   0x000000000001e26d       0x89 ./Core/Src/main.o
 .debug_macro   0x000000000001e2f6      0x225 ./Core/Src/main.o
 .debug_macro   0x000000000001e51b      0x287 ./Core/Src/main.o
 .debug_macro   0x000000000001e7a2      0x21e ./Core/Src/main.o
 .debug_macro   0x000000000001e9c0       0x68 ./Core/Src/main.o
 .debug_macro   0x000000000001ea28      0x12d ./Core/Src/main.o
 .debug_macro   0x000000000001eb55      0x190 ./Core/Src/main.o
 .debug_macro   0x000000000001ece5      0x21f ./Core/Src/stm32f4xx_hal_msp.o
 .debug_macro   0x000000000001ef04      0x229 ./Core/Src/stm32f4xx_it.o
 .debug_macro   0x000000000001f12d      0x1b1 ./Core/Src/sysmem.o
 .debug_macro   0x000000000001f2de      0x23b ./Core/Src/sysmem.o
 .debug_macro   0x000000000001f519      0x216 ./Core/Src/system_stm32f4xx.o
 .debug_macro   0x000000000001f72f      0x270 ./Drivers/STM32F4xx_HAL_Driver/Src/stm32f4xx_hal.o
 .debug_macro   0x000000000001f99f      0x210 ./Drivers/STM32F4xx_HAL_Driver/Src/stm32f4xx_hal_cortex.o
 .debug_macro   0x000000000001fbaf      0x246 ./Drivers/STM32F4xx_HAL_Driver/Src/stm32f4xx_hal_gpio.o
 .debug_macro   0x000000000001fdf5      0x210 ./Drivers/STM32F4xx_HAL_Driver/Src/stm32f4xx_hal_hcd.o
 .debug_macro   0x0000000000020005      0x257 ./Drivers/STM32F4xx_HAL_Driver/Src/stm32f4xx_hal_i2c.o
 .debug_macro   0x000000000002025c      0x218 ./Drivers/STM32F4xx_HAL_Driver/Src/stm32f4xx_hal_i2s.o
 .debug_macro   0x0000000000020474      0x210 ./Drivers/STM32F4xx_HAL_Driver/Src/stm32f4xx_hal_i2s_ex.o
 .debug_macro   0x0000000000020684      0x234 ./Drivers/STM32F4xx_HAL_Driver/Src/stm32f4xx_hal_rcc.o
 .debug_macro   0x00000000000208b8      0x210 ./Drivers/STM32F4xx_HAL_Driver/Src/stm32f4xx_hal_rcc_ex.o
 .debug_macro   0x0000000000020ac8      0x21f ./Drivers/STM32F4xx_HAL_Driver/Src/stm32f4xx_hal_spi.o
 .debug_macro   0x0000000000020ce7      0x211 ./Drivers/STM32F4xx_HAL_Driver/Src/stm32f4xx_hal_uart.o
 .debug_macro   0x0000000000020ef8      0x210 ./Drivers/STM32F4xx_HAL_Driver/Src/stm32f4xx_ll_usb.o
 .debug_macro   0x0000000000021108      0x43e ./Middlewares/ST/STM32_USB_Host_Library/Class/CDC/Src/usbh_cdc.o
 .debug_macro   0x0000000000021546       0x16 ./Middlewares/ST/STM32_USB_Host_Library/Class/CDC/Src/usbh_cdc.o
 .debug_macro   0x000000000002155c       0x97 ./Middlewares/ST/STM32_USB_Host_Library/Class/CDC/Src/usbh_cdc.o
 .debug_macro   0x00000000000215f3       0xfd ./Middlewares/ST/STM32_USB_Host_Library/Class/CDC/Src/usbh_cdc.o
 .debug_macro   0x00000000000216f0       0x16 ./Middlewares/ST/STM32_USB_Host_Library/Class/CDC/Src/usbh_cdc.o
 .debug_macro   0x0000000000021706       0x20 ./Middlewares/ST/STM32_USB_Host_Library/Class/CDC/Src/usbh_cdc.o
 .debug_macro   0x0000000000021726       0xd9 ./Middlewares/ST/STM32_USB_Host_Library/Class/CDC/Src/usbh_cdc.o
 .debug_macro   0x00000000000217ff       0x54 ./Middlewares/ST/STM32_USB_Host_Library/Class/CDC/Src/usbh_cdc.o
 .debug_macro   0x0000000000021853       0x73 ./Middlewares/ST/STM32_USB_Host_Library/Class/CDC/Src/usbh_cdc.o
 .debug_macro   0x00000000000218c6      0x218 ./Middlewares/ST/STM32_USB_Host_Library/Class/CDC/Src/usbh_cdc.o
 .debug_macro   0x0000000000021ade       0x2e ./Middlewares/ST/STM32_USB_Host_Library/Class/CDC/Src/usbh_cdc.o
 .debug_macro   0x0000000000021b0c       0x2e ./Middlewares/ST/STM32_USB_Host_Library/Class/CDC/Src/usbh_cdc.o
 .debug_macro   0x0000000000021b3a       0x28 ./Middlewares/ST/STM32_USB_Host_Library/Class/CDC/Src/usbh_cdc.o
 .debug_macro   0x0000000000021b62      0x15c ./Middlewares/ST/STM32_USB_Host_Library/Class/CDC/Src/usbh_cdc.o
 .debug_macro   0x0000000000021cbe      0x43b ./Middlewares/ST/STM32_USB_Host_Library/Core/Src/usbh_core.o
 .debug_macro   0x00000000000220f9      0x433 ./Middlewares/ST/STM32_USB_Host_Library/Core/Src/usbh_ctlreq.o
 .debug_macro   0x000000000002252c       0x28 ./Middlewares/ST/STM32_USB_Host_Library/Core/Src/usbh_ctlreq.o
 .debug_macro   0x0000000000022554      0x42d ./Middlewares/ST/STM32_USB_Host_Library/Core/Src/usbh_ioreq.o
 .debug_macro   0x0000000000022981      0x42d ./Middlewares/ST/STM32_USB_Host_Library/Core/Src/usbh_pipes.o
 .debug_macro   0x0000000000022dae      0x43c ./USB_HOST/App/usb_host.o
 .debug_macro   0x00000000000231ea       0x52 ./USB_HOST/App/usb_host.o
 .debug_macro   0x000000000002323c      0x333 ./USB_HOST/App/usb_host.o
 .debug_macro   0x000000000002356f      0x196 ./USB_HOST/App/usb_host.o
 .debug_macro   0x0000000000023705      0x162 ./USB_HOST/App/usb_host.o
 .debug_macro   0x0000000000023867      0x43d ./USB_HOST/Target/usbh_conf.o
 .debug_macro   0x0000000000023ca4      0x224 ./USB_HOST/Target/usbh_platform.o

.debug_line     0x0000000000000000    0x18767
 .debug_line    0x0000000000000000      0x943 ./Core/Src/main.o
 .debug_line    0x0000000000000943      0x877 ./Core/Src/stm32f4xx_hal_msp.o
 .debug_line    0x00000000000011ba      0x804 ./Core/Src/stm32f4xx_it.o
 .debug_line    0x00000000000019be      0x57b ./Core/Src/sysmem.o
 .debug_line    0x0000000000001f39      0x7b7 ./Core/Src/system_stm32f4xx.o
 .debug_line    0x00000000000026f0       0x85 ./Core/Startup/startup_stm32f407vgtx.o
 .debug_line    0x0000000000002775      0xa17 ./Drivers/STM32F4xx_HAL_Driver/Src/stm32f4xx_hal.o
 .debug_line    0x000000000000318c      0xcc6 ./Drivers/STM32F4xx_HAL_Driver/Src/stm32f4xx_hal_cortex.o
 .debug_line    0x0000000000003e52      0xb9f ./Drivers/STM32F4xx_HAL_Driver/Src/stm32f4xx_hal_gpio.o
 .debug_line    0x00000000000049f1     0x1193 ./Drivers/STM32F4xx_HAL_Driver/Src/stm32f4xx_hal_hcd.o
 .debug_line    0x0000000000005b84     0x38d3 ./Drivers/STM32F4xx_HAL_Driver/Src/stm32f4xx_hal_i2c.o
 .debug_line    0x0000000000009457     0x13b3 ./Drivers/STM32F4xx_HAL_Driver/Src/stm32f4xx_hal_i2s.o
 .debug_line    0x000000000000a80a     0x14f5 ./Drivers/STM32F4xx_HAL_Driver/Src/stm32f4xx_hal_i2s_ex.o
 .debug_line    0x000000000000bcff      0xd7c ./Drivers/STM32F4xx_HAL_Driver/Src/stm32f4xx_hal_rcc.o
 .debug_line    0x000000000000ca7b      0xa2d ./Drivers/STM32F4xx_HAL_Driver/Src/stm32f4xx_hal_rcc_ex.o
 .debug_line    0x000000000000d4a8     0x1c54 ./Drivers/STM32F4xx_HAL_Driver/Src/stm32f4xx_hal_spi.o
 .debug_line    0x000000000000f0fc     0x182f ./Drivers/STM32F4xx_HAL_Driver/Src/stm32f4xx_hal_uart.o
 .debug_line    0x000000000001092b     0x1897 ./Drivers/STM32F4xx_HAL_Driver/Src/stm32f4xx_ll_usb.o
 .debug_line    0x00000000000121c2      0xf3f ./Middlewares/ST/STM32_USB_Host_Library/Class/CDC/Src/usbh_cdc.o
 .debug_line    0x0000000000013101     0x119d ./Middlewares/ST/STM32_USB_Host_Library/Core/Src/usbh_core.o
 .debug_line    0x000000000001429e      0xf51 ./Middlewares/ST/STM32_USB_Host_Library/Core/Src/usbh_ctlreq.o
 .debug_line    0x00000000000151ef      0xb1b ./Middlewares/ST/STM32_USB_Host_Library/Core/Src/usbh_ioreq.o
 .debug_line    0x0000000000015d0a      0xac5 ./Middlewares/ST/STM32_USB_Host_Library/Core/Src/usbh_pipes.o
 .debug_line    0x00000000000167cf      0xaaf ./USB_HOST/App/usb_host.o
 .debug_line    0x000000000001727e      0xd87 ./USB_HOST/Target/usbh_conf.o
 .debug_line    0x0000000000018005      0x762 ./USB_HOST/Target/usbh_platform.o

.debug_str      0x0000000000000000    0xcccf6
 .debug_str     0x0000000000000000    0xc1c0f ./Core/Src/main.o
                                      0xc1f62 (size before relaxing)
 .debug_str     0x00000000000c1c0f       0xcb ./Core/Src/stm32f4xx_hal_msp.o
                                      0xc1da5 (size before relaxing)
 .debug_str     0x00000000000c1cda      0x43d ./Core/Src/stm32f4xx_it.o
                                      0xc16fd (size before relaxing)
 .debug_str     0x00000000000c2117     0x450d ./Core/Src/sysmem.o
                                       0x7b94 (size before relaxing)
 .debug_str     0x00000000000c6624       0xc4 ./Core/Src/system_stm32f4xx.o
                                      0xc0d69 (size before relaxing)
 .debug_str     0x00000000000c66e8       0x36 ./Core/Startup/startup_stm32f407vgtx.o
                                         0x58 (size before relaxing)
 .debug_str     0x00000000000c671e      0xa5e ./Drivers/STM32F4xx_HAL_Driver/Src/stm32f4xx_hal.o