16:57:07 **** Incremental Build of configuration Debug for project FreeRTOS ****
make -j8 all 
arm-none-eabi-gcc "../3rdParty/FreeRTOS/portable/MemMang/heap_4.c" -mcpu=cortex-m4 -std=gnu11 -g3 -DDEBUG -DUSE_HAL_DRIVER -DSTM32F407xx -c -I../USB_HOST/App -I"E:/UV_Robot/FreeRTOS/3rdParty/FreeRTOS" -I"E:/UV_Robot/FreeRTOS/3rdParty/FreeRTOS/portable/GCC/ARM_CM4F" -I"E:/UV_Robot/FreeRTOS/3rdParty/FreeRTOS/include" -I../USB_HOST/Target -I../Core/Inc -I../Drivers/STM32F4xx_HAL_Driver/Inc -I../Drivers/STM32F4xx_HAL_Driver/Inc/Legacy -I../Middlewares/ST/STM32_USB_Host_Library/Core/Inc -I../Middlewares/ST/STM32_USB_Host_Library/Class/CDC/Inc -I../Drivers/CMSIS/Device/ST/STM32F4xx/Include -I../Drivers/CMSIS/Include -O0 -ffunction-sections -fdata-sections -Wall -fstack-usage -MMD -MP -MF"3rdParty/FreeRTOS/portable/MemMang/heap_4.d" -MT"3rdParty/FreeRTOS/portable/MemMang/heap_4.o" --specs=nano.specs -mfpu=fpv4-sp-d16 -mfloat-abi=hard -mthumb -o "3rdParty/FreeRTOS/portable/MemMang/heap_4.o"
arm-none-eabi-gcc -o "FreeRTOS.elf" @"objects.list"   -mcpu=cortex-m4 -T"E:\UV_Robot\FreeRTOS\STM32F407VGTX_FLASH.ld" --specs=nosys.specs -Wl,-Map="FreeRTOS.map" -Wl,--gc-sections -static --specs=nano.specs -mfpu=fpv4-sp-d16 -mfloat-abi=hard -mthumb -Wl,--start-group -lc -lm -Wl,--end-group
Finished building target: FreeRTOS.elf
 
arm-none-eabi-size   FreeRTOS.elf 
arm-none-eabi-objdump -h -S  FreeRTOS.elf  > "FreeRTOS.list"
arm-none-eabi-objcopy  -O binary  FreeRTOS.elf  "FreeRTOS.bin"
   text	   data	    bss	    dec	    hex	filename
  34176	    152	   3816	  38144	   9500	FreeRTOS.elf
Finished building: default.size.stdout
 
Finished building: FreeRTOS.bin
 
Finished building: FreeRTOS.list
 

16:57:10 Build Finished. 0 errors, 0 warnings. (took 2s.799ms)

