16:29:51 **** Incremental Build of configuration Debug for project UV_RobotBSP ****
make -j8 all 
arm-none-eabi-gcc "../Core/Src/main407.c" -mcpu=cortex-m4 -std=gnu11 -g3 -DUSE_HAL_DRIVER -DDEBUG -DSTM32F407xx -c -I"E:/UV_Robot/UV_RobotBSP/PID" -I"E:/UV_Robot/UV_RobotBSP/Device_Library/Inc" -I../Drivers/CMSIS/Include -I../Drivers/STM32F4xx_HAL_Driver/Inc -I../Core/Inc -I../Drivers/CMSIS/Device/ST/STM32F4xx/Include -I../Drivers/STM32F4xx_HAL_Driver/Inc/Legacy -O0 -ffunction-sections -fdata-sections -Wall -fstack-usage -MMD -MP -MF"Core/Src/main407.d" -MT"Core/Src/main407.o" --specs=nano.specs -mfpu=fpv4-sp-d16 -mfloat-abi=hard -mthumb -o "Core/Src/main407.o"
../Core/Src/main407.c:112:2: warning: null character(s) ignored
  112 | }                                                                                                                                                                                                                                                                                                                                                                                                                                                                                                                                                                                                                                                                                                                                                                                                                                                                                                                                                                                                                                                                                                                                                                                                                                                                                                                                                                                                                                                                                                                                                                                                                                                                                                                                                                                                                                                                                                                                                                                                                                                                                                                                                                                                                                                                                                                                                                                                                                                                                                                                                                                                                                                                                                                                                                                                                                                                                                                                                                                                                                                                                                                                                                                                                                                                                                                                                                                                                                                                                                                                                                                                                                                                                                                                                                                                                                                                                                                                                                                                                                                                                                                                                                                                                                                                                                                                                                                                                                                                                                                                                                                                                                                                                                                                                                                                                                                                                                                                                                                                                                                                                                                                                                                                                                                                                                                                                                                                                                                                                                                                                                                                                                                                                                                                                                                                                                                                                                                                                                                                                                                                                                                                                                                                                                                                                                                                                                                                                                                                                                                                                                                                                                                                                      
      |  ^
arm-none-eabi-gcc -o "UV_RobotBSP.elf" @"objects.list"   -mcpu=cortex-m4 -T"E:\UV_Robot\UV_RobotBSP\STM32F407VGTX_FLASH.ld" --specs=nosys.specs -Wl,-Map="UV_RobotBSP.map" -Wl,--gc-sections -static --specs=nano.specs -mfpu=fpv4-sp-d16 -mfloat-abi=hard -mthumb -Wl,--start-group -lc -lm -Wl,--end-group
Finished building target: UV_RobotBSP.elf
 
arm-none-eabi-size   UV_RobotBSP.elf 
arm-none-eabi-objdump -h -S  UV_RobotBSP.elf  > "UV_RobotBSP.list"
arm-none-eabi-objcopy  -O binary  UV_RobotBSP.elf  "UV_RobotBSP.bin"
   text	   data	    bss	    dec	    hex	filename
  16544	    120	   1744	  18408	   47e8	UV_RobotBSP.elf
Finished building: default.size.stdout
 
Finished building: UV_RobotBSP.bin
 
Finished building: UV_RobotBSP.list
 
16:30:02 **** Incremental Build of configuration Debug for project UV_RobotBSP ****
make -j8 all 
arm-none-eabi-size   UV_RobotBSP.elf 
   text	   data	    bss	    dec	    hex	filename
  16544	    120	   1744	  18408	   47e8	UV_RobotBSP.elf
Finished building: default.size.stdout
 
16:31:06 **** Incremental Build of configuration Debug for project UV_RobotBSP ****
make -j8 all 
arm-none-eabi-size   UV_RobotBSP.elf 
   text	   data	    bss	    dec	    hex	filename
  16544	    120	   1744	  18408	   47e8	UV_RobotBSP.elf
Finished building: default.size.stdout
 
16:34:15 **** Incremental Build of configuration Debug for project UV_RobotBSP ****
make -j8 all 
arm-none-eabi-size   UV_RobotBSP.elf 
   text	   data	    bss	    dec	    hex	filename
  16544	    120	   1744	  18408	   47e8	UV_RobotBSP.elf
Finished building: default.size.stdout
 
